Oct 30 22:28:49 rich-VirtualBox kernel: [    0.000000] Linux version 4.15.0-29-generic (buildd@lgw01-amd64-057) (gcc version 7.3.0 (Ubuntu 7.3.0-16ubuntu3)) #31-Ubuntu SMP Tue Jul 17 15:39:52 UTC 2018 (Ubuntu 4.15.0-29.31-generic 4.15.18)
Oct 30 22:28:49 rich-VirtualBox kernel: [    0.000000] Command line: BOOT_IMAGE=/boot/vmlinuz-4.15.0-29-generic root=UUID=83d9050c-68f3-4421-b412-3dd7f133f9c1 ro quiet splash
Oct 30 22:28:49 rich-VirtualBox kernel: [    0.000000] KERNEL supported cpus:
Oct 30 22:28:49 rich-VirtualBox kernel: [    0.000000]   Intel GenuineIntel
Oct 30 22:28:49 rich-VirtualBox kernel: [    0.000000]   AMD AuthenticAMD
Oct 30 22:28:49 rich-VirtualBox kernel: [    0.000000]   Centaur CentaurHauls
Oct 30 22:28:49 rich-VirtualBox kernel: [    0.000000] x86/fpu: Supporting XSAVE feature 0x001: 'x87 floating point registers'
Oct 30 22:28:49 rich-VirtualBox kernel: [    0.000000] x86/fpu: Supporting XSAVE feature 0x002: 'SSE registers'
Oct 30 22:28:49 rich-VirtualBox kernel: [    0.000000] x86/fpu: Supporting XSAVE feature 0x004: 'AVX registers'
Oct 30 22:28:49 rich-VirtualBox kernel: [    0.000000] x86/fpu: xstate_offset[2]:  576, xstate_sizes[2]:  256
Oct 30 22:28:49 rich-VirtualBox kernel: [    0.000000] x86/fpu: Enabled xstate features 0x7, context size is 832 bytes, using 'standard' format.
Oct 30 22:28:49 rich-VirtualBox kernel: [    0.000000] e820: BIOS-provided physical RAM map:
Oct 30 22:28:49 rich-VirtualBox kernel: [    0.000000] BIOS-e820: [mem 0x0000000000000000-0x000000000009fbff] usable
Oct 30 22:28:49 rich-VirtualBox kernel: [    0.000000] BIOS-e820: [mem 0x000000000009fc00-0x000000000009ffff] reserved
Oct 30 22:28:49 rich-VirtualBox kernel: [    0.000000] BIOS-e820: [mem 0x00000000000f0000-0x00000000000fffff] reserved
Oct 30 22:28:49 rich-VirtualBox kernel: [    0.000000] BIOS-e820: [mem 0x0000000000100000-0x00000000dffeffff] usable
Oct 30 22:28:49 rich-VirtualBox kernel: [    0.000000] BIOS-e820: [mem 0x00000000dfff0000-0x00000000dfffffff] ACPI data
Oct 30 22:28:49 rich-VirtualBox kernel: [    0.000000] BIOS-e820: [mem 0x00000000fec00000-0x00000000fec00fff] reserved
Oct 30 22:28:49 rich-VirtualBox kernel: [    0.000000] BIOS-e820: [mem 0x00000000fee00000-0x00000000fee00fff] reserved
Oct 30 22:28:49 rich-VirtualBox kernel: [    0.000000] BIOS-e820: [mem 0x00000000fffc0000-0x00000000ffffffff] reserved
Oct 30 22:28:49 rich-VirtualBox kernel: [    0.000000] BIOS-e820: [mem 0x0000000100000000-0x000000015d5fffff] usable
Oct 30 22:28:49 rich-VirtualBox kernel: [    0.000000] NX (Execute Disable) protection: active
Oct 30 22:28:49 rich-VirtualBox kernel: [    0.000000] SMBIOS 2.5 present.
Oct 30 22:28:49 rich-VirtualBox kernel: [    0.000000] DMI: innotek GmbH VirtualBox/VirtualBox, BIOS VirtualBox 12/01/2006
Oct 30 22:28:49 rich-VirtualBox kernel: [    0.000000] Hypervisor detected: KVM
Oct 30 22:28:49 rich-VirtualBox kernel: [    0.000000] e820: update [mem 0x00000000-0x00000fff] usable ==> reserved
Oct 30 22:28:49 rich-VirtualBox kernel: [    0.000000] e820: remove [mem 0x000a0000-0x000fffff] usable
Oct 30 22:28:49 rich-VirtualBox kernel: [    0.000000] e820: last_pfn = 0x15d600 max_arch_pfn = 0x400000000
Oct 30 22:28:49 rich-VirtualBox kernel: [    0.000000] MTRR default type: uncachable
Oct 30 22:28:49 rich-VirtualBox kernel: [    0.000000] MTRR variable ranges disabled:
Oct 30 22:28:49 rich-VirtualBox kernel: [    0.000000] MTRR: Disabled
Oct 30 22:28:49 rich-VirtualBox kernel: [    0.000000] x86/PAT: MTRRs disabled, skipping PAT initialization too.
Oct 30 22:28:49 rich-VirtualBox kernel: [    0.000000] CPU MTRRs all blank - virtualized system.
Oct 30 22:28:49 rich-VirtualBox kernel: [    0.000000] x86/PAT: Configuration [0-7]: WB  WT  UC- UC  WB  WT  UC- UC  
Oct 30 22:28:49 rich-VirtualBox kernel: [    0.000000] e820: last_pfn = 0xdfff0 max_arch_pfn = 0x400000000
Oct 30 22:28:49 rich-VirtualBox kernel: [    0.000000] Scanning 1 areas for low memory corruption
Oct 30 22:28:49 rich-VirtualBox kernel: [    0.000000] Base memory trampoline at [        (ptrval)] 99000 size 24576
Oct 30 22:28:49 rich-VirtualBox kernel: [    0.000000] BRK [0x5dd3f000, 0x5dd3ffff] PGTABLE
Oct 30 22:28:49 rich-VirtualBox kernel: [    0.000000] BRK [0x5dd40000, 0x5dd40fff] PGTABLE
Oct 30 22:28:49 rich-VirtualBox kernel: [    0.000000] BRK [0x5dd41000, 0x5dd41fff] PGTABLE
Oct 30 22:28:49 rich-VirtualBox kernel: [    0.000000] BRK [0x5dd42000, 0x5dd42fff] PGTABLE
Oct 30 22:28:49 rich-VirtualBox kernel: [    0.000000] BRK [0x5dd43000, 0x5dd43fff] PGTABLE
Oct 30 22:28:49 rich-VirtualBox kernel: [    0.000000] BRK [0x5dd44000, 0x5dd44fff] PGTABLE
Oct 30 22:28:49 rich-VirtualBox kernel: [    0.000000] RAMDISK: [mem 0x318d1000-0x34c5ffff]
Oct 30 22:28:49 rich-VirtualBox kernel: [    0.000000] ACPI: Early table checksum verification disabled
Oct 30 22:28:49 rich-VirtualBox kernel: [    0.000000] ACPI: RSDP 0x00000000000E0000 000024 (v02 VBOX  )
Oct 30 22:28:49 rich-VirtualBox kernel: [    0.000000] ACPI: XSDT 0x00000000DFFF0030 000034 (v01 VBOX   VBOXXSDT 00000001 ASL  00000061)
Oct 30 22:28:49 rich-VirtualBox kernel: [    0.000000] ACPI: FACP 0x00000000DFFF00F0 0000F4 (v04 VBOX   VBOXFACP 00000001 ASL  00000061)
Oct 30 22:28:49 rich-VirtualBox kernel: [    0.000000] ACPI: DSDT 0x00000000DFFF0410 0021FF (v02 VBOX   VBOXBIOS 00000002 INTL 20100528)
Oct 30 22:28:49 rich-VirtualBox kernel: [    0.000000] ACPI: FACS 0x00000000DFFF0200 000040
Oct 30 22:28:49 rich-VirtualBox kernel: [    0.000000] ACPI: FACS 0x00000000DFFF0200 000040
Oct 30 22:28:49 rich-VirtualBox kernel: [    0.000000] ACPI: SSDT 0x00000000DFFF0240 0001CC (v01 VBOX   VBOXCPUT 00000002 INTL 20100528)
Oct 30 22:28:49 rich-VirtualBox kernel: [    0.000000] No NUMA configuration found
Oct 30 22:28:49 rich-VirtualBox kernel: [    0.000000] Faking a node at [mem 0x0000000000000000-0x000000015d5fffff]
Oct 30 22:28:49 rich-VirtualBox kernel: [    0.000000] NODE_DATA(0) allocated [mem 0x15d5d1000-0x15d5fbfff]
Oct 30 22:28:49 rich-VirtualBox kernel: [    0.000000] kvm-clock: cpu 0, msr 1:5d550001, primary cpu clock
Oct 30 22:28:49 rich-VirtualBox kernel: [    0.000000] kvm-clock: Using msrs 4b564d01 and 4b564d00
Oct 30 22:28:49 rich-VirtualBox kernel: [    0.000000] kvm-clock: using sched offset of 1733741956667 cycles
Oct 30 22:28:49 rich-VirtualBox kernel: [    0.000000] clocksource: kvm-clock: mask: 0xffffffffffffffff max_cycles: 0x1cd42e4dffb, max_idle_ns: 881590591483 ns
Oct 30 22:28:49 rich-VirtualBox kernel: [    0.000000] Zone ranges:
Oct 30 22:28:49 rich-VirtualBox kernel: [    0.000000]   DMA      [mem 0x0000000000001000-0x0000000000ffffff]
Oct 30 22:28:49 rich-VirtualBox kernel: [    0.000000]   DMA32    [mem 0x0000000001000000-0x00000000ffffffff]
Oct 30 22:28:49 rich-VirtualBox kernel: [    0.000000]   Normal   [mem 0x0000000100000000-0x000000015d5fffff]
Oct 30 22:28:49 rich-VirtualBox kernel: [    0.000000]   Device   empty
Oct 30 22:28:49 rich-VirtualBox kernel: [    0.000000] Movable zone start for each node
Oct 30 22:28:49 rich-VirtualBox kernel: [    0.000000] Early memory node ranges
Oct 30 22:28:49 rich-VirtualBox kernel: [    0.000000]   node   0: [mem 0x0000000000001000-0x000000000009efff]
Oct 30 22:28:49 rich-VirtualBox kernel: [    0.000000]   node   0: [mem 0x0000000000100000-0x00000000dffeffff]
Oct 30 22:28:49 rich-VirtualBox kernel: [    0.000000]   node   0: [mem 0x0000000100000000-0x000000015d5fffff]
Oct 30 22:28:49 rich-VirtualBox kernel: [    0.000000] Initmem setup node 0 [mem 0x0000000000001000-0x000000015d5fffff]
Oct 30 22:28:49 rich-VirtualBox kernel: [    0.000000] On node 0 totalpages: 1299854
Oct 30 22:28:49 rich-VirtualBox kernel: [    0.000000]   DMA zone: 64 pages used for memmap
Oct 30 22:28:49 rich-VirtualBox kernel: [    0.000000]   DMA zone: 21 pages reserved
Oct 30 22:28:49 rich-VirtualBox kernel: [    0.000000]   DMA zone: 3998 pages, LIFO batch:0
Oct 30 22:28:49 rich-VirtualBox kernel: [    0.000000]   DMA32 zone: 14272 pages used for memmap
Oct 30 22:28:49 rich-VirtualBox kernel: [    0.000000]   DMA32 zone: 913392 pages, LIFO batch:31
Oct 30 22:28:49 rich-VirtualBox kernel: [    0.000000]   Normal zone: 5976 pages used for memmap
Oct 30 22:28:49 rich-VirtualBox kernel: [    0.000000]   Normal zone: 382464 pages, LIFO batch:31
Oct 30 22:28:49 rich-VirtualBox kernel: [    0.000000] Reserved but unavailable: 98 pages
Oct 30 22:28:49 rich-VirtualBox kernel: [    0.000000] ACPI: PM-Timer IO Port: 0x4008
Oct 30 22:28:49 rich-VirtualBox kernel: [    0.000000] smpboot: Boot CPU (id 0) not listed by BIOS
Oct 30 22:28:49 rich-VirtualBox kernel: [    0.000000] smpboot: Allowing 1 CPUs, 0 hotplug CPUs
Oct 30 22:28:49 rich-VirtualBox kernel: [    0.000000] PM: Registered nosave memory: [mem 0x00000000-0x00000fff]
Oct 30 22:28:49 rich-VirtualBox kernel: [    0.000000] PM: Registered nosave memory: [mem 0x0009f000-0x0009ffff]
Oct 30 22:28:49 rich-VirtualBox kernel: [    0.000000] PM: Registered nosave memory: [mem 0x000a0000-0x000effff]
Oct 30 22:28:49 rich-VirtualBox kernel: [    0.000000] PM: Registered nosave memory: [mem 0x000f0000-0x000fffff]
Oct 30 22:28:49 rich-VirtualBox kernel: [    0.000000] PM: Registered nosave memory: [mem 0xdfff0000-0xdfffffff]
Oct 30 22:28:49 rich-VirtualBox kernel: [    0.000000] PM: Registered nosave memory: [mem 0xe0000000-0xfebfffff]
Oct 30 22:28:49 rich-VirtualBox kernel: [    0.000000] PM: Registered nosave memory: [mem 0xfec00000-0xfec00fff]
Oct 30 22:28:49 rich-VirtualBox kernel: [    0.000000] PM: Registered nosave memory: [mem 0xfec01000-0xfedfffff]
Oct 30 22:28:49 rich-VirtualBox kernel: [    0.000000] PM: Registered nosave memory: [mem 0xfee00000-0xfee00fff]
Oct 30 22:28:49 rich-VirtualBox kernel: [    0.000000] PM: Registered nosave memory: [mem 0xfee01000-0xfffbffff]
Oct 30 22:28:49 rich-VirtualBox kernel: [    0.000000] PM: Registered nosave memory: [mem 0xfffc0000-0xffffffff]
Oct 30 22:28:49 rich-VirtualBox kernel: [    0.000000] e820: [mem 0xe0000000-0xfebfffff] available for PCI devices
Oct 30 22:28:49 rich-VirtualBox kernel: [    0.000000] Booting paravirtualized kernel on KVM
Oct 30 22:28:49 rich-VirtualBox kernel: [    0.000000] clocksource: refined-jiffies: mask: 0xffffffff max_cycles: 0xffffffff, max_idle_ns: 7645519600211568 ns
Oct 30 22:28:49 rich-VirtualBox kernel: [    0.000000] random: get_random_bytes called from start_kernel+0x99/0x4fd with crng_init=0
Oct 30 22:28:49 rich-VirtualBox kernel: [    0.000000] setup_percpu: NR_CPUS:8192 nr_cpumask_bits:1 nr_cpu_ids:1 nr_node_ids:1
Oct 30 22:28:49 rich-VirtualBox kernel: [    0.000000] percpu: Embedded 46 pages/cpu @        (ptrval) s151552 r8192 d28672 u2097152
Oct 30 22:28:49 rich-VirtualBox kernel: [    0.000000] pcpu-alloc: s151552 r8192 d28672 u2097152 alloc=1*2097152
Oct 30 22:28:49 rich-VirtualBox kernel: [    0.000000] pcpu-alloc: [0] 0 
Oct 30 22:28:49 rich-VirtualBox kernel: [    0.000000] PV qspinlock hash table entries: 256 (order: 0, 4096 bytes)
Oct 30 22:28:49 rich-VirtualBox kernel: [    0.000000] Built 1 zonelists, mobility grouping on.  Total pages: 1279521
Oct 30 22:28:49 rich-VirtualBox kernel: [    0.000000] Policy zone: Normal
Oct 30 22:28:49 rich-VirtualBox kernel: [    0.000000] Kernel command line: BOOT_IMAGE=/boot/vmlinuz-4.15.0-29-generic root=UUID=83d9050c-68f3-4421-b412-3dd7f133f9c1 ro quiet splash
Oct 30 22:28:49 rich-VirtualBox kernel: [    0.000000] Calgary: detecting Calgary via BIOS EBDA area
Oct 30 22:28:49 rich-VirtualBox kernel: [    0.000000] Calgary: Unable to locate Rio Grande table in EBDA - bailing!
Oct 30 22:28:49 rich-VirtualBox kernel: [    0.000000] Memory: 4969764K/5199416K available (12300K kernel code, 2470K rwdata, 4240K rodata, 2408K init, 2416K bss, 229652K reserved, 0K cma-reserved)
Oct 30 22:28:49 rich-VirtualBox kernel: [    0.000000] SLUB: HWalign=64, Order=0-3, MinObjects=0, CPUs=1, Nodes=1
Oct 30 22:28:49 rich-VirtualBox kernel: [    0.000000] Kernel/User page tables isolation: enabled
Oct 30 22:28:49 rich-VirtualBox kernel: [    0.000000] ftrace: allocating 39092 entries in 153 pages
Oct 30 22:28:49 rich-VirtualBox kernel: [    0.004000] Hierarchical RCU implementation.
Oct 30 22:28:49 rich-VirtualBox kernel: [    0.004000] 	RCU restricting CPUs from NR_CPUS=8192 to nr_cpu_ids=1.
Oct 30 22:28:49 rich-VirtualBox kernel: [    0.004000] 	Tasks RCU enabled.
Oct 30 22:28:49 rich-VirtualBox kernel: [    0.004000] RCU: Adjusting geometry for rcu_fanout_leaf=16, nr_cpu_ids=1
Oct 30 22:28:49 rich-VirtualBox kernel: [    0.004000] NR_IRQS: 524544, nr_irqs: 32, preallocated irqs: 16
Oct 30 22:28:49 rich-VirtualBox kernel: [    0.004000] Console: colour VGA+ 80x25
Oct 30 22:28:49 rich-VirtualBox kernel: [    0.004000] console [tty0] enabled
Oct 30 22:28:49 rich-VirtualBox kernel: [    0.004000] ACPI: Core revision 20170831
Oct 30 22:28:49 rich-VirtualBox kernel: [    0.004000] ACPI: 2 ACPI AML tables successfully acquired and loaded
Oct 30 22:28:49 rich-VirtualBox kernel: [    0.004000] ACPI: setting ELCR to 0200 (from 0e00)
Oct 30 22:28:49 rich-VirtualBox kernel: [    0.004000] APIC: ACPI MADT or MP tables are not detected
Oct 30 22:28:49 rich-VirtualBox kernel: [    0.004000] APIC: Switch to virtual wire mode setup with no configuration
Oct 30 22:28:49 rich-VirtualBox kernel: [    0.004000] Not enabling interrupt remapping due to skipped IO-APIC setup
Oct 30 22:28:49 rich-VirtualBox kernel: [    0.004000] tsc: Detected 2712.004 MHz processor
Oct 30 22:28:49 rich-VirtualBox kernel: [    0.004000] Calibrating delay loop (skipped) preset value.. 5424.00 BogoMIPS (lpj=10848016)
Oct 30 22:28:49 rich-VirtualBox kernel: [    0.004000] pid_max: default: 32768 minimum: 301
Oct 30 22:28:49 rich-VirtualBox kernel: [    0.004000] Security Framework initialized
Oct 30 22:28:49 rich-VirtualBox kernel: [    0.004000] Yama: becoming mindful.
Oct 30 22:28:49 rich-VirtualBox kernel: [    0.004000] AppArmor: AppArmor initialized
Oct 30 22:28:49 rich-VirtualBox kernel: [    0.004000] Dentry cache hash table entries: 1048576 (order: 11, 8388608 bytes)
Oct 30 22:28:49 rich-VirtualBox kernel: [    0.004000] Inode-cache hash table entries: 524288 (order: 10, 4194304 bytes)
Oct 30 22:28:49 rich-VirtualBox kernel: [    0.004000] Mount-cache hash table entries: 16384 (order: 5, 131072 bytes)
Oct 30 22:28:49 rich-VirtualBox kernel: [    0.004000] Mountpoint-cache hash table entries: 16384 (order: 5, 131072 bytes)
Oct 30 22:28:49 rich-VirtualBox kernel: [    0.004000] CPU: Physical Processor ID: 0
Oct 30 22:28:49 rich-VirtualBox kernel: [    0.004000] mce: CPU supports 0 MCE banks
Oct 30 22:28:49 rich-VirtualBox kernel: [    0.004000] process: using mwait in idle threads
Oct 30 22:28:49 rich-VirtualBox kernel: [    0.004000] Last level iTLB entries: 4KB 64, 2MB 8, 4MB 8
Oct 30 22:28:49 rich-VirtualBox kernel: [    0.004000] Last level dTLB entries: 4KB 64, 2MB 0, 4MB 0, 1GB 4
Oct 30 22:28:49 rich-VirtualBox kernel: [    0.004000] Spectre V2 : Mitigation: Full generic retpoline
Oct 30 22:28:49 rich-VirtualBox kernel: [    0.004000] Spectre V2 : Spectre v2 mitigation: Filling RSB on context switch
Oct 30 22:28:49 rich-VirtualBox kernel: [    0.004000] Speculative Store Bypass: Vulnerable
Oct 30 22:28:49 rich-VirtualBox kernel: [    0.018426] Freeing SMP alternatives memory: 36K
Oct 30 22:28:49 rich-VirtualBox kernel: [    0.020158] smpboot: SMP disabled
Oct 30 22:28:49 rich-VirtualBox kernel: [    0.020201] Performance Events: unsupported p6 CPU model 142 no PMU driver, software events only.
Oct 30 22:28:49 rich-VirtualBox kernel: [    0.020226] Hierarchical SRCU implementation.
Oct 30 22:28:49 rich-VirtualBox kernel: [    0.020782] NMI watchdog: Perf event create on CPU 0 failed with -2
Oct 30 22:28:49 rich-VirtualBox kernel: [    0.020783] NMI watchdog: Perf NMI watchdog permanently disabled
Oct 30 22:28:49 rich-VirtualBox kernel: [    0.020808] smp: Bringing up secondary CPUs ...
Oct 30 22:28:49 rich-VirtualBox kernel: [    0.020809] smp: Brought up 1 node, 1 CPU
Oct 30 22:28:49 rich-VirtualBox kernel: [    0.020810] smpboot: Max logical packages: 1
Oct 30 22:28:49 rich-VirtualBox kernel: [    0.020811] smpboot: Total of 1 processors activated (5424.00 BogoMIPS)
Oct 30 22:28:49 rich-VirtualBox kernel: [    0.020969] devtmpfs: initialized
Oct 30 22:28:49 rich-VirtualBox kernel: [    0.021012] x86/mm: Memory block size: 128MB
Oct 30 22:28:49 rich-VirtualBox kernel: [    0.021333] evm: security.selinux
Oct 30 22:28:49 rich-VirtualBox kernel: [    0.021334] evm: security.SMACK64
Oct 30 22:28:49 rich-VirtualBox kernel: [    0.021334] evm: security.SMACK64EXEC
Oct 30 22:28:49 rich-VirtualBox kernel: [    0.021335] evm: security.SMACK64TRANSMUTE
Oct 30 22:28:49 rich-VirtualBox kernel: [    0.021335] evm: security.SMACK64MMAP
Oct 30 22:28:49 rich-VirtualBox kernel: [    0.021336] evm: security.apparmor
Oct 30 22:28:49 rich-VirtualBox kernel: [    0.021336] evm: security.ima
Oct 30 22:28:49 rich-VirtualBox kernel: [    0.021337] evm: security.capability
Oct 30 22:28:49 rich-VirtualBox kernel: [    0.021406] clocksource: jiffies: mask: 0xffffffff max_cycles: 0xffffffff, max_idle_ns: 7645041785100000 ns
Oct 30 22:28:49 rich-VirtualBox kernel: [    0.021410] futex hash table entries: 256 (order: 2, 16384 bytes)
Oct 30 22:28:49 rich-VirtualBox kernel: [    0.021438] pinctrl core: initialized pinctrl subsystem
Oct 30 22:28:49 rich-VirtualBox kernel: [    0.021532] RTC time:  2:28:12, date: 10/31/18
Oct 30 22:28:49 rich-VirtualBox kernel: [    0.021605] NET: Registered protocol family 16
Oct 30 22:28:49 rich-VirtualBox kernel: [    0.021659] audit: initializing netlink subsys (disabled)
Oct 30 22:28:49 rich-VirtualBox kernel: [    0.021752] cpuidle: using governor ladder
Oct 30 22:28:49 rich-VirtualBox kernel: [    0.021753] cpuidle: using governor menu
Oct 30 22:28:49 rich-VirtualBox kernel: [    0.021776] ACPI: bus type PCI registered
Oct 30 22:28:49 rich-VirtualBox kernel: [    0.021777] acpiphp: ACPI Hot Plug PCI Controller Driver version: 0.5
Oct 30 22:28:49 rich-VirtualBox kernel: [    0.021852] PCI: Using configuration type 1 for base access
Oct 30 22:28:49 rich-VirtualBox kernel: [    0.022756] audit: type=2000 audit(1540954624.639:1): state=initialized audit_enabled=0 res=1
Oct 30 22:28:49 rich-VirtualBox kernel: [    0.022803] HugeTLB registered 2.00 MiB page size, pre-allocated 0 pages
Oct 30 22:28:49 rich-VirtualBox kernel: [    0.022927] ACPI: Added _OSI(Module Device)
Oct 30 22:28:49 rich-VirtualBox kernel: [    0.022928] ACPI: Added _OSI(Processor Device)
Oct 30 22:28:49 rich-VirtualBox kernel: [    0.022929] ACPI: Added _OSI(3.0 _SCP Extensions)
Oct 30 22:28:49 rich-VirtualBox kernel: [    0.022929] ACPI: Added _OSI(Processor Aggregator Device)
Oct 30 22:28:49 rich-VirtualBox kernel: [    0.022930] ACPI: Added _OSI(Linux-Dell-Video)
Oct 30 22:28:49 rich-VirtualBox kernel: [    0.023156] ACPI: Executed 1 blocks of module-level executable AML code
Oct 30 22:28:49 rich-VirtualBox kernel: [    0.025803] ACPI: Interpreter enabled
Oct 30 22:28:49 rich-VirtualBox kernel: [    0.025811] ACPI: (supports S0 S5)
Oct 30 22:28:49 rich-VirtualBox kernel: [    0.025812] ACPI: Using PIC for interrupt routing
Oct 30 22:28:49 rich-VirtualBox kernel: [    0.026025] PCI: Using host bridge windows from ACPI; if necessary, use "pci=nocrs" and report a bug
Oct 30 22:28:49 rich-VirtualBox kernel: [    0.026162] ACPI: Enabled 2 GPEs in block 00 to 07
Oct 30 22:28:49 rich-VirtualBox kernel: [    0.033622] ACPI: PCI Root Bridge [PCI0] (domain 0000 [bus 00-ff])
Oct 30 22:28:49 rich-VirtualBox kernel: [    0.033627] acpi PNP0A03:00: _OSC: OS supports [ASPM ClockPM Segments MSI]
Oct 30 22:28:49 rich-VirtualBox kernel: [    0.033644] acpi PNP0A03:00: _OSC: not requesting OS control; OS requires [ExtendedConfig ASPM ClockPM MSI]
Oct 30 22:28:49 rich-VirtualBox kernel: [    0.033652] acpi PNP0A03:00: fail to add MMCONFIG information, can't access extended PCI configuration space under this bridge.
Oct 30 22:28:49 rich-VirtualBox kernel: [    0.033939] PCI host bridge to bus 0000:00
Oct 30 22:28:49 rich-VirtualBox kernel: [    0.033941] pci_bus 0000:00: root bus resource [io  0x0000-0x0cf7 window]
Oct 30 22:28:49 rich-VirtualBox kernel: [    0.033949] pci_bus 0000:00: root bus resource [io  0x0d00-0xffff window]
Oct 30 22:28:49 rich-VirtualBox kernel: [    0.033951] pci_bus 0000:00: root bus resource [mem 0x000a0000-0x000bffff window]
Oct 30 22:28:49 rich-VirtualBox kernel: [    0.033952] pci_bus 0000:00: root bus resource [mem 0xe0000000-0xfdffffff window]
Oct 30 22:28:49 rich-VirtualBox kernel: [    0.033954] pci_bus 0000:00: root bus resource [bus 00-ff]
Oct 30 22:28:49 rich-VirtualBox kernel: [    0.033989] pci 0000:00:00.0: [8086:1237] type 00 class 0x060000
Oct 30 22:28:49 rich-VirtualBox kernel: [    0.034497] pci 0000:00:01.0: [8086:7000] type 00 class 0x060100
Oct 30 22:28:49 rich-VirtualBox kernel: [    0.035091] pci 0000:00:01.1: [8086:7111] type 00 class 0x01018a
Oct 30 22:28:49 rich-VirtualBox kernel: [    0.035451] pci 0000:00:01.1: reg 0x20: [io  0xd000-0xd00f]
Oct 30 22:28:49 rich-VirtualBox kernel: [    0.035591] pci 0000:00:01.1: legacy IDE quirk: reg 0x10: [io  0x01f0-0x01f7]
Oct 30 22:28:49 rich-VirtualBox kernel: [    0.035593] pci 0000:00:01.1: legacy IDE quirk: reg 0x14: [io  0x03f6]
Oct 30 22:28:49 rich-VirtualBox kernel: [    0.035594] pci 0000:00:01.1: legacy IDE quirk: reg 0x18: [io  0x0170-0x0177]
Oct 30 22:28:49 rich-VirtualBox kernel: [    0.035595] pci 0000:00:01.1: legacy IDE quirk: reg 0x1c: [io  0x0376]
Oct 30 22:28:49 rich-VirtualBox kernel: [    0.035789] pci 0000:00:02.0: [80ee:beef] type 00 class 0x030000
Oct 30 22:28:49 rich-VirtualBox kernel: [    0.040027] pci 0000:00:02.0: reg 0x10: [mem 0xe0000000-0xe0ffffff pref]
Oct 30 22:28:49 rich-VirtualBox kernel: [    0.064639] pci 0000:00:03.0: [8086:100e] type 00 class 0x020000
Oct 30 22:28:49 rich-VirtualBox kernel: [    0.068118] pci 0000:00:03.0: reg 0x10: [mem 0xf0000000-0xf001ffff]
Oct 30 22:28:49 rich-VirtualBox kernel: [    0.075883] pci 0000:00:03.0: reg 0x18: [io  0xd010-0xd017]
Oct 30 22:28:49 rich-VirtualBox kernel: [    0.088579] pci 0000:00:04.0: [80ee:cafe] type 00 class 0x088000
Oct 30 22:28:49 rich-VirtualBox kernel: [    0.092114] pci 0000:00:04.0: reg 0x10: [io  0xd020-0xd03f]
Oct 30 22:28:49 rich-VirtualBox kernel: [    0.096099] pci 0000:00:04.0: reg 0x14: [mem 0xf0400000-0xf07fffff]
Oct 30 22:28:49 rich-VirtualBox kernel: [    0.100100] pci 0000:00:04.0: reg 0x18: [mem 0xf0800000-0xf0803fff pref]
Oct 30 22:28:49 rich-VirtualBox kernel: [    0.116485] pci 0000:00:05.0: [8086:2415] type 00 class 0x040100
Oct 30 22:28:49 rich-VirtualBox kernel: [    0.116627] pci 0000:00:05.0: reg 0x10: [io  0xd100-0xd1ff]
Oct 30 22:28:49 rich-VirtualBox kernel: [    0.116696] pci 0000:00:05.0: reg 0x14: [io  0xd200-0xd23f]
Oct 30 22:28:49 rich-VirtualBox kernel: [    0.117238] pci 0000:00:06.0: [106b:003f] type 00 class 0x0c0310
Oct 30 22:28:49 rich-VirtualBox kernel: [    0.120104] pci 0000:00:06.0: reg 0x10: [mem 0xf0804000-0xf0804fff]
Oct 30 22:28:49 rich-VirtualBox kernel: [    0.140516] pci 0000:00:07.0: [8086:7113] type 00 class 0x068000
Oct 30 22:28:49 rich-VirtualBox kernel: [    0.140897] pci 0000:00:07.0: quirk: [io  0x4000-0x403f] claimed by PIIX4 ACPI
Oct 30 22:28:49 rich-VirtualBox kernel: [    0.140906] pci 0000:00:07.0: quirk: [io  0x4100-0x410f] claimed by PIIX4 SMB
Oct 30 22:28:49 rich-VirtualBox kernel: [    0.144184] pci 0000:00:0d.0: [8086:2829] type 00 class 0x010601
Oct 30 22:28:49 rich-VirtualBox kernel: [    0.147648] pci 0000:00:0d.0: reg 0x10: [io  0xd240-0xd247]
Oct 30 22:28:49 rich-VirtualBox kernel: [    0.148107] pci 0000:00:0d.0: reg 0x14: [io  0xd248-0xd24b]
Oct 30 22:28:49 rich-VirtualBox kernel: [    0.152101] pci 0000:00:0d.0: reg 0x18: [io  0xd250-0xd257]
Oct 30 22:28:49 rich-VirtualBox kernel: [    0.156106] pci 0000:00:0d.0: reg 0x1c: [io  0xd258-0xd25b]
Oct 30 22:28:49 rich-VirtualBox kernel: [    0.160123] pci 0000:00:0d.0: reg 0x20: [io  0xd260-0xd26f]
Oct 30 22:28:49 rich-VirtualBox kernel: [    0.164171] pci 0000:00:0d.0: reg 0x24: [mem 0xf0806000-0xf0807fff]
Oct 30 22:28:49 rich-VirtualBox kernel: [    0.169693] ACPI: PCI Interrupt Link [LNKA] (IRQs 5 9 10 *11)
Oct 30 22:28:49 rich-VirtualBox kernel: [    0.169968] ACPI: PCI Interrupt Link [LNKB] (IRQs 5 9 *10 11)
Oct 30 22:28:49 rich-VirtualBox kernel: [    0.170066] ACPI: PCI Interrupt Link [LNKC] (IRQs 5 *9 10 11)
Oct 30 22:28:49 rich-VirtualBox kernel: [    0.170170] ACPI: PCI Interrupt Link [LNKD] (IRQs 5 9 10 *11)
Oct 30 22:28:49 rich-VirtualBox kernel: [    0.170495] SCSI subsystem initialized
Oct 30 22:28:49 rich-VirtualBox kernel: [    0.170546] libata version 3.00 loaded.
Oct 30 22:28:49 rich-VirtualBox kernel: [    0.170590] pci 0000:00:02.0: vgaarb: setting as boot VGA device
Oct 30 22:28:49 rich-VirtualBox kernel: [    0.170592] pci 0000:00:02.0: vgaarb: VGA device added: decodes=io+mem,owns=io+mem,locks=none
Oct 30 22:28:49 rich-VirtualBox kernel: [    0.170594] pci 0000:00:02.0: vgaarb: bridge control possible
Oct 30 22:28:49 rich-VirtualBox kernel: [    0.170595] vgaarb: loaded
Oct 30 22:28:49 rich-VirtualBox kernel: [    0.170622] ACPI: bus type USB registered
Oct 30 22:28:49 rich-VirtualBox kernel: [    0.170636] usbcore: registered new interface driver usbfs
Oct 30 22:28:49 rich-VirtualBox kernel: [    0.170643] usbcore: registered new interface driver hub
Oct 30 22:28:49 rich-VirtualBox kernel: [    0.170650] usbcore: registered new device driver usb
Oct 30 22:28:49 rich-VirtualBox kernel: [    0.170693] EDAC MC: Ver: 3.0.0
Oct 30 22:28:49 rich-VirtualBox kernel: [    0.172135] PCI: Using ACPI for IRQ routing
Oct 30 22:28:49 rich-VirtualBox kernel: [    0.172136] PCI: pci_cache_line_size set to 64 bytes
Oct 30 22:28:49 rich-VirtualBox kernel: [    0.172294] e820: reserve RAM buffer [mem 0x0009fc00-0x0009ffff]
Oct 30 22:28:49 rich-VirtualBox kernel: [    0.172299] e820: reserve RAM buffer [mem 0xdfff0000-0xdfffffff]
Oct 30 22:28:49 rich-VirtualBox kernel: [    0.172300] e820: reserve RAM buffer [mem 0x15d600000-0x15fffffff]
Oct 30 22:28:49 rich-VirtualBox kernel: [    0.172382] NetLabel: Initializing
Oct 30 22:28:49 rich-VirtualBox kernel: [    0.172382] NetLabel:  domain hash size = 128
Oct 30 22:28:49 rich-VirtualBox kernel: [    0.172383] NetLabel:  protocols = UNLABELED CIPSOv4 CALIPSO
Oct 30 22:28:49 rich-VirtualBox kernel: [    0.172397] NetLabel:  unlabeled traffic allowed by default
Oct 30 22:28:49 rich-VirtualBox kernel: [    0.172539] clocksource: Switched to clocksource kvm-clock
Oct 30 22:28:49 rich-VirtualBox kernel: [    0.182221] VFS: Disk quotas dquot_6.6.0
Oct 30 22:28:49 rich-VirtualBox kernel: [    0.182234] VFS: Dquot-cache hash table entries: 512 (order 0, 4096 bytes)
Oct 30 22:28:49 rich-VirtualBox kernel: [    0.182317] AppArmor: AppArmor Filesystem Enabled
Oct 30 22:28:49 rich-VirtualBox kernel: [    0.182342] pnp: PnP ACPI init
Oct 30 22:28:49 rich-VirtualBox kernel: [    0.182406] pnp 00:00: Plug and Play ACPI device, IDs PNP0303 (active)
Oct 30 22:28:49 rich-VirtualBox kernel: [    0.182470] pnp 00:01: Plug and Play ACPI device, IDs PNP0f03 (active)
Oct 30 22:28:49 rich-VirtualBox kernel: [    0.183136] pnp: PnP ACPI: found 2 devices
Oct 30 22:28:49 rich-VirtualBox kernel: [    0.188641] clocksource: acpi_pm: mask: 0xffffff max_cycles: 0xffffff, max_idle_ns: 2085701024 ns
Oct 30 22:28:49 rich-VirtualBox kernel: [    0.188652] pci_bus 0000:00: resource 4 [io  0x0000-0x0cf7 window]
Oct 30 22:28:49 rich-VirtualBox kernel: [    0.188653] pci_bus 0000:00: resource 5 [io  0x0d00-0xffff window]
Oct 30 22:28:49 rich-VirtualBox kernel: [    0.188655] pci_bus 0000:00: resource 6 [mem 0x000a0000-0x000bffff window]
Oct 30 22:28:49 rich-VirtualBox kernel: [    0.188656] pci_bus 0000:00: resource 7 [mem 0xe0000000-0xfdffffff window]
Oct 30 22:28:49 rich-VirtualBox kernel: [    0.188704] NET: Registered protocol family 2
Oct 30 22:28:49 rich-VirtualBox kernel: [    0.188873] TCP established hash table entries: 65536 (order: 7, 524288 bytes)
Oct 30 22:28:49 rich-VirtualBox kernel: [    0.188956] TCP bind hash table entries: 65536 (order: 8, 1048576 bytes)
Oct 30 22:28:49 rich-VirtualBox kernel: [    0.189088] TCP: Hash tables configured (established 65536 bind 65536)
Oct 30 22:28:49 rich-VirtualBox kernel: [    0.189113] UDP hash table entries: 4096 (order: 5, 131072 bytes)
Oct 30 22:28:49 rich-VirtualBox kernel: [    0.189149] UDP-Lite hash table entries: 4096 (order: 5, 131072 bytes)
Oct 30 22:28:49 rich-VirtualBox kernel: [    0.189190] NET: Registered protocol family 1
Oct 30 22:28:49 rich-VirtualBox kernel: [    0.189201] pci 0000:00:00.0: Limiting direct PCI/PCI transfers
Oct 30 22:28:49 rich-VirtualBox kernel: [    0.189227] pci 0000:00:01.0: Activating ISA DMA hang workarounds
Oct 30 22:28:49 rich-VirtualBox kernel: [    0.189271] pci 0000:00:02.0: Video device with shadowed ROM at [mem 0x000c0000-0x000dffff]
Oct 30 22:28:49 rich-VirtualBox kernel: [    0.190168] ACPI: PCI Interrupt Link [LNKB] enabled at IRQ 10
Oct 30 22:28:49 rich-VirtualBox kernel: [    0.190170] PCI: setting IRQ 10 as level-triggered
Oct 30 22:28:49 rich-VirtualBox kernel: [    0.190800] PCI: CLS 0 bytes, default 64
Oct 30 22:28:49 rich-VirtualBox kernel: [    0.190834] Unpacking initramfs...
Oct 30 22:28:49 rich-VirtualBox kernel: [    0.596452] random: fast init done
Oct 30 22:28:49 rich-VirtualBox kernel: [    0.883936] Freeing initrd memory: 52796K
Oct 30 22:28:49 rich-VirtualBox kernel: [    0.883979] PCI-DMA: Using software bounce buffering for IO (SWIOTLB)
Oct 30 22:28:49 rich-VirtualBox kernel: [    0.883982] software IO TLB [mem 0xdbff0000-0xdfff0000] (64MB) mapped at [        (ptrval)-        (ptrval)]
Oct 30 22:28:49 rich-VirtualBox kernel: [    0.884177] platform rtc_cmos: registered platform RTC device (no PNP device found)
Oct 30 22:28:49 rich-VirtualBox kernel: [    0.884193] Scanning for low memory corruption every 60 seconds
Oct 30 22:28:49 rich-VirtualBox kernel: [    0.884632] Initialise system trusted keyrings
Oct 30 22:28:49 rich-VirtualBox kernel: [    0.884640] Key type blacklist registered
Oct 30 22:28:49 rich-VirtualBox kernel: [    0.884672] workingset: timestamp_bits=36 max_order=21 bucket_order=0
Oct 30 22:28:49 rich-VirtualBox kernel: [    0.885500] zbud: loaded
Oct 30 22:28:49 rich-VirtualBox kernel: [    0.885892] squashfs: version 4.0 (2009/01/31) Phillip Lougher
Oct 30 22:28:49 rich-VirtualBox kernel: [    0.885994] fuse init (API version 7.26)
Oct 30 22:28:49 rich-VirtualBox kernel: [    0.886564] Key type asymmetric registered
Oct 30 22:28:49 rich-VirtualBox kernel: [    0.886565] Asymmetric key parser 'x509' registered
Oct 30 22:28:49 rich-VirtualBox kernel: [    0.886585] Block layer SCSI generic (bsg) driver version 0.4 loaded (major 246)
Oct 30 22:28:49 rich-VirtualBox kernel: [    0.886603] io scheduler noop registered
Oct 30 22:28:49 rich-VirtualBox kernel: [    0.886604] io scheduler deadline registered
Oct 30 22:28:49 rich-VirtualBox kernel: [    0.886634] io scheduler cfq registered (default)
Oct 30 22:28:49 rich-VirtualBox kernel: [    0.886845] ACPI: AC Adapter [AC] (on-line)
Oct 30 22:28:49 rich-VirtualBox kernel: [    0.886885] input: Power Button as /devices/LNXSYSTM:00/LNXPWRBN:00/input/input0
Oct 30 22:28:49 rich-VirtualBox kernel: [    0.886897] ACPI: Power Button [PWRF]
Oct 30 22:28:49 rich-VirtualBox kernel: [    0.886964] input: Sleep Button as /devices/LNXSYSTM:00/LNXSLPBN:00/input/input1
Oct 30 22:28:49 rich-VirtualBox kernel: [    0.886969] ACPI: Sleep Button [SLPF]
Oct 30 22:28:49 rich-VirtualBox kernel: [    0.887766] ACPI: Battery Slot [BAT0] (battery present)
Oct 30 22:28:49 rich-VirtualBox kernel: [    0.887795] Serial: 8250/16550 driver, 32 ports, IRQ sharing enabled
Oct 30 22:28:49 rich-VirtualBox kernel: [    0.888977] Linux agpgart interface v0.103
Oct 30 22:28:49 rich-VirtualBox kernel: [    0.889738] loop: module loaded
Oct 30 22:28:49 rich-VirtualBox kernel: [    0.889817] ata_piix 0000:00:01.1: version 2.13
Oct 30 22:28:49 rich-VirtualBox kernel: [    0.890063] scsi host0: ata_piix
Oct 30 22:28:49 rich-VirtualBox kernel: [    0.890111] scsi host1: ata_piix
Oct 30 22:28:49 rich-VirtualBox kernel: [    0.890130] ata1: PATA max UDMA/33 cmd 0x1f0 ctl 0x3f6 bmdma 0xd000 irq 14
Oct 30 22:28:49 rich-VirtualBox kernel: [    0.890131] ata2: PATA max UDMA/33 cmd 0x170 ctl 0x376 bmdma 0xd008 irq 15
Oct 30 22:28:49 rich-VirtualBox kernel: [    0.890182] libphy: Fixed MDIO Bus: probed
Oct 30 22:28:49 rich-VirtualBox kernel: [    0.890183] tun: Universal TUN/TAP device driver, 1.6
Oct 30 22:28:49 rich-VirtualBox kernel: [    0.890461] PPP generic driver version 2.4.2
Oct 30 22:28:49 rich-VirtualBox kernel: [    0.890492] ehci_hcd: USB 2.0 'Enhanced' Host Controller (EHCI) Driver
Oct 30 22:28:49 rich-VirtualBox kernel: [    0.890493] ehci-pci: EHCI PCI platform driver
Oct 30 22:28:49 rich-VirtualBox kernel: [    0.890500] ehci-platform: EHCI generic platform driver
Oct 30 22:28:49 rich-VirtualBox kernel: [    0.890505] ohci_hcd: USB 1.1 'Open' Host Controller (OHCI) Driver
Oct 30 22:28:49 rich-VirtualBox kernel: [    0.890506] ohci-pci: OHCI PCI platform driver
Oct 30 22:28:49 rich-VirtualBox kernel: [    0.891251] ohci-pci 0000:00:06.0: OHCI PCI host controller
Oct 30 22:28:49 rich-VirtualBox kernel: [    0.891257] ohci-pci 0000:00:06.0: new USB bus registered, assigned bus number 1
Oct 30 22:28:49 rich-VirtualBox kernel: [    0.891299] ohci-pci 0000:00:06.0: irq 10, io mem 0xf0804000
Oct 30 22:28:49 rich-VirtualBox kernel: [    0.948360] usb usb1: New USB device found, idVendor=1d6b, idProduct=0001
Oct 30 22:28:49 rich-VirtualBox kernel: [    0.948362] usb usb1: New USB device strings: Mfr=3, Product=2, SerialNumber=1
Oct 30 22:28:49 rich-VirtualBox kernel: [    0.948364] usb usb1: Product: OHCI PCI host controller
Oct 30 22:28:49 rich-VirtualBox kernel: [    0.948366] usb usb1: Manufacturer: Linux 4.15.0-29-generic ohci_hcd
Oct 30 22:28:49 rich-VirtualBox kernel: [    0.948367] usb usb1: SerialNumber: 0000:00:06.0
Oct 30 22:28:49 rich-VirtualBox kernel: [    0.948489] hub 1-0:1.0: USB hub found
Oct 30 22:28:49 rich-VirtualBox kernel: [    0.948505] hub 1-0:1.0: 12 ports detected
Oct 30 22:28:49 rich-VirtualBox kernel: [    0.948891] ohci-platform: OHCI generic platform driver
Oct 30 22:28:49 rich-VirtualBox kernel: [    0.948901] uhci_hcd: USB Universal Host Controller Interface driver
Oct 30 22:28:49 rich-VirtualBox kernel: [    0.948946] i8042: PNP: PS/2 Controller [PNP0303:PS2K,PNP0f03:PS2M] at 0x60,0x64 irq 1,12
Oct 30 22:28:49 rich-VirtualBox kernel: [    0.949265] serio: i8042 KBD port at 0x60,0x64 irq 1
Oct 30 22:28:49 rich-VirtualBox kernel: [    0.949270] serio: i8042 AUX port at 0x60,0x64 irq 12
Oct 30 22:28:49 rich-VirtualBox kernel: [    0.949352] mousedev: PS/2 mouse device common for all mice
Oct 30 22:28:49 rich-VirtualBox kernel: [    0.949619] input: AT Translated Set 2 keyboard as /devices/platform/i8042/serio0/input/input2
Oct 30 22:28:49 rich-VirtualBox kernel: [    0.949963] rtc_cmos rtc_cmos: rtc core: registered rtc_cmos as rtc0
Oct 30 22:28:49 rich-VirtualBox kernel: [    0.949990] rtc_cmos rtc_cmos: alarms up to one day, 114 bytes nvram
Oct 30 22:28:49 rich-VirtualBox kernel: [    0.949999] i2c /dev entries driver
Oct 30 22:28:49 rich-VirtualBox kernel: [    0.950064] device-mapper: uevent: version 1.0.3
Oct 30 22:28:49 rich-VirtualBox kernel: [    0.950150] device-mapper: ioctl: 4.37.0-ioctl (2017-09-20) initialised: dm-devel@redhat.com
Oct 30 22:28:49 rich-VirtualBox kernel: [    0.950176] ledtrig-cpu: registered to indicate activity on CPUs
Oct 30 22:28:49 rich-VirtualBox kernel: [    0.950299] intel_pmc_core:  initialized
Oct 30 22:28:49 rich-VirtualBox kernel: [    0.950492] NET: Registered protocol family 10
Oct 30 22:28:49 rich-VirtualBox kernel: [    0.955024] Segment Routing with IPv6
Oct 30 22:28:49 rich-VirtualBox kernel: [    0.955044] NET: Registered protocol family 17
Oct 30 22:28:49 rich-VirtualBox kernel: [    0.955122] Key type dns_resolver registered
Oct 30 22:28:49 rich-VirtualBox kernel: [    0.955240] RAS: Correctable Errors collector initialized.
Oct 30 22:28:49 rich-VirtualBox kernel: [    0.955256] sched_clock: Marking stable (952152835, 0)->(1031254572, -79101737)
Oct 30 22:28:49 rich-VirtualBox kernel: [    0.955369] registered taskstats version 1
Oct 30 22:28:49 rich-VirtualBox kernel: [    0.955377] Loading compiled-in X.509 certificates
Oct 30 22:28:49 rich-VirtualBox kernel: [    0.958012] Loaded X.509 cert 'Build time autogenerated kernel key: 1cc37f41791529df57507d3747a6804ab53f482b'
Oct 30 22:28:49 rich-VirtualBox kernel: [    0.958070] zswap: loaded using pool lzo/zbud
Oct 30 22:28:49 rich-VirtualBox kernel: [    0.961780] Key type big_key registered
Oct 30 22:28:49 rich-VirtualBox kernel: [    0.961785] Key type trusted registered
Oct 30 22:28:49 rich-VirtualBox kernel: [    0.963153] Key type encrypted registered
Oct 30 22:28:49 rich-VirtualBox kernel: [    0.963156] AppArmor: AppArmor sha1 policy hashing enabled
Oct 30 22:28:49 rich-VirtualBox kernel: [    0.963167] ima: No TPM chip found, activating TPM-bypass! (rc=-19)
Oct 30 22:28:49 rich-VirtualBox kernel: [    0.963183] evm: HMAC attrs: 0x1
Oct 30 22:28:49 rich-VirtualBox kernel: [    0.963413]   Magic number: 6:490:461
Oct 30 22:28:49 rich-VirtualBox kernel: [    0.963513] rtc_cmos rtc_cmos: setting system clock to 2018-10-31 02:28:13 UTC (1540952893)
Oct 30 22:28:49 rich-VirtualBox kernel: [    0.963574] BIOS EDD facility v0.16 2004-Jun-25, 0 devices found
Oct 30 22:28:49 rich-VirtualBox kernel: [    0.963574] EDD information not available.
Oct 30 22:28:49 rich-VirtualBox kernel: [    1.048604] ata2.00: ATAPI: VBOX CD-ROM, 1.0, max UDMA/133
Oct 30 22:28:49 rich-VirtualBox kernel: [    1.048927] ata2.00: configured for UDMA/33
Oct 30 22:28:49 rich-VirtualBox kernel: [    1.049397] scsi 1:0:0:0: CD-ROM            VBOX     CD-ROM           1.0  PQ: 0 ANSI: 5
Oct 30 22:28:49 rich-VirtualBox kernel: [    1.072836] sr 1:0:0:0: [sr0] scsi3-mmc drive: 32x/32x xa/form2 tray
Oct 30 22:28:49 rich-VirtualBox kernel: [    1.072838] cdrom: Uniform CD-ROM driver Revision: 3.20
Oct 30 22:28:49 rich-VirtualBox kernel: [    1.072935] sr 1:0:0:0: Attached scsi CD-ROM sr0
Oct 30 22:28:49 rich-VirtualBox kernel: [    1.073108] sr 1:0:0:0: Attached scsi generic sg0 type 5
Oct 30 22:28:49 rich-VirtualBox kernel: [    1.076760] Freeing unused kernel memory: 2408K
Oct 30 22:28:49 rich-VirtualBox kernel: [    1.084262] Write protecting the kernel read-only data: 20480k
Oct 30 22:28:49 rich-VirtualBox kernel: [    1.084640] Freeing unused kernel memory: 2008K
Oct 30 22:28:49 rich-VirtualBox kernel: [    1.089134] Freeing unused kernel memory: 1904K
Oct 30 22:28:49 rich-VirtualBox kernel: [    1.094634] x86/mm: Checked W+X mappings: passed, no W+X pages found.
Oct 30 22:28:49 rich-VirtualBox kernel: [    1.094635] x86/mm: Checking user space page tables
Oct 30 22:28:49 rich-VirtualBox kernel: [    1.099453] x86/mm: Checked W+X mappings: passed, no W+X pages found.
Oct 30 22:28:49 rich-VirtualBox kernel: [    1.110490] random: udevadm: uninitialized urandom read (16 bytes read)
Oct 30 22:28:49 rich-VirtualBox kernel: [    1.110503] random: udevadm: uninitialized urandom read (16 bytes read)
Oct 30 22:28:49 rich-VirtualBox kernel: [    1.112909] random: systemd-udevd: uninitialized urandom read (16 bytes read)
Oct 30 22:28:49 rich-VirtualBox kernel: [    1.112976] random: systemd-udevd: uninitialized urandom read (16 bytes read)
Oct 30 22:28:49 rich-VirtualBox kernel: [    1.112981] random: systemd-udevd: uninitialized urandom read (16 bytes read)
Oct 30 22:28:49 rich-VirtualBox kernel: [    1.112986] random: systemd-udevd: uninitialized urandom read (16 bytes read)
Oct 30 22:28:49 rich-VirtualBox kernel: [    1.117696] random: systemd-udevd: uninitialized urandom read (16 bytes read)
Oct 30 22:28:49 rich-VirtualBox kernel: [    1.117707] random: systemd-udevd: uninitialized urandom read (16 bytes read)
Oct 30 22:28:49 rich-VirtualBox kernel: [    1.117710] random: systemd-udevd: uninitialized urandom read (16 bytes read)
Oct 30 22:28:49 rich-VirtualBox kernel: [    1.118399] random: systemd-udevd: uninitialized urandom read (16 bytes read)
Oct 30 22:28:49 rich-VirtualBox kernel: [    1.175934] ACPI: Video Device [GFX0] (multi-head: yes  rom: no  post: no)
Oct 30 22:28:49 rich-VirtualBox kernel: [    1.176009] input: Video Bus as /devices/LNXSYSTM:00/LNXSYBUS:00/PNP0A03:00/LNXVIDEO:00/input/input4
Oct 30 22:28:49 rich-VirtualBox kernel: [    1.187491] e1000: Intel(R) PRO/1000 Network Driver - version 7.3.21-k8-NAPI
Oct 30 22:28:49 rich-VirtualBox kernel: [    1.187492] e1000: Copyright (c) 1999-2006 Intel Corporation.
Oct 30 22:28:49 rich-VirtualBox kernel: [    1.188857] ACPI: PCI Interrupt Link [LNKC] enabled at IRQ 9
Oct 30 22:28:49 rich-VirtualBox kernel: [    1.188858] PCI: setting IRQ 9 as level-triggered
Oct 30 22:28:49 rich-VirtualBox kernel: [    1.409624] input: ImExPS/2 Generic Explorer Mouse as /devices/platform/i8042/serio1/input/input5
Oct 30 22:28:49 rich-VirtualBox kernel: [    1.597509] e1000 0000:00:03.0 eth0: (PCI:33MHz:32-bit) 08:00:27:49:9d:c1
Oct 30 22:28:49 rich-VirtualBox kernel: [    1.597527] e1000 0000:00:03.0 eth0: Intel(R) PRO/1000 Network Connection
Oct 30 22:28:49 rich-VirtualBox kernel: [    1.597643] piix4_smbus 0000:00:07.0: SMBus Host Controller at 0x4100, revision 0
Oct 30 22:28:49 rich-VirtualBox kernel: [    1.597848] ahci 0000:00:0d.0: version 3.0
Oct 30 22:28:49 rich-VirtualBox kernel: [    1.599096] ACPI: PCI Interrupt Link [LNKA] enabled at IRQ 11
Oct 30 22:28:49 rich-VirtualBox kernel: [    1.599098] PCI: setting IRQ 11 as level-triggered
Oct 30 22:28:49 rich-VirtualBox kernel: [    1.599167] ahci 0000:00:0d.0: SSS flag set, parallel bus scan disabled
Oct 30 22:28:49 rich-VirtualBox kernel: [    1.599288] ahci 0000:00:0d.0: AHCI 0001.0100 32 slots 1 ports 3 Gbps 0x1 impl SATA mode
Oct 30 22:28:49 rich-VirtualBox kernel: [    1.599290] ahci 0000:00:0d.0: flags: 64bit ncq stag only ccc 
Oct 30 22:28:49 rich-VirtualBox kernel: [    1.600846] e1000 0000:00:03.0 enp0s3: renamed from eth0
Oct 30 22:28:49 rich-VirtualBox kernel: [    1.601843] scsi host2: ahci
Oct 30 22:28:49 rich-VirtualBox kernel: [    1.601944] ata3: SATA max UDMA/133 abar m8192@0xf0806000 port 0xf0806100 irq 11
Oct 30 22:28:49 rich-VirtualBox kernel: [    1.888137] tsc: Refined TSC clocksource calibration: 2710.363 MHz
Oct 30 22:28:49 rich-VirtualBox kernel: [    1.888140] clocksource: tsc: mask: 0xffffffffffffffff max_cycles: 0x27117c497ab, max_idle_ns: 440795310250 ns
Oct 30 22:28:49 rich-VirtualBox kernel: [    1.917221] ata3: SATA link up 3.0 Gbps (SStatus 123 SControl 300)
Oct 30 22:28:49 rich-VirtualBox kernel: [    1.917307] ata3.00: ATA-6: VBOX HARDDISK, 1.0, max UDMA/133
Oct 30 22:28:49 rich-VirtualBox kernel: [    1.917309] ata3.00: 62914560 sectors, multi 128: LBA48 NCQ (depth 31/32)
Oct 30 22:28:49 rich-VirtualBox kernel: [    1.917446] ata3.00: configured for UDMA/133
Oct 30 22:28:49 rich-VirtualBox kernel: [    1.917572] scsi 2:0:0:0: Direct-Access     ATA      VBOX HARDDISK    1.0  PQ: 0 ANSI: 5
Oct 30 22:28:49 rich-VirtualBox kernel: [    1.917725] sd 2:0:0:0: [sda] 62914560 512-byte logical blocks: (32.2 GB/30.0 GiB)
Oct 30 22:28:49 rich-VirtualBox kernel: [    1.917731] sd 2:0:0:0: [sda] Write Protect is off
Oct 30 22:28:49 rich-VirtualBox kernel: [    1.917732] sd 2:0:0:0: [sda] Mode Sense: 00 3a 00 00
Oct 30 22:28:49 rich-VirtualBox kernel: [    1.917740] sd 2:0:0:0: [sda] Write cache: enabled, read cache: enabled, doesn't support DPO or FUA
Oct 30 22:28:49 rich-VirtualBox kernel: [    1.917871] sd 2:0:0:0: Attached scsi generic sg1 type 0
Oct 30 22:28:49 rich-VirtualBox kernel: [    1.941453]  sda: sda1
Oct 30 22:28:49 rich-VirtualBox kernel: [    1.941933] sd 2:0:0:0: [sda] Attached SCSI disk
Oct 30 22:28:49 rich-VirtualBox kernel: [    2.407348] EXT4-fs (sda1): mounted filesystem with ordered data mode. Opts: (null)
Oct 30 22:28:49 rich-VirtualBox kernel: [    3.748081] random: crng init done
Oct 30 22:28:49 rich-VirtualBox kernel: [    6.630767] ip_tables: (C) 2000-2006 Netfilter Core Team
Oct 30 22:28:49 rich-VirtualBox kernel: [   13.641918] lp: driver loaded but no devices found
Oct 30 22:28:49 rich-VirtualBox kernel: [   13.823854] ppdev: user-space parallel port driver
Oct 30 22:28:49 rich-VirtualBox kernel: [   14.079977] EXT4-fs (sda1): re-mounted. Opts: errors=remount-ro
Oct 30 22:28:49 rich-VirtualBox kernel: [   14.845163] Adding 1459804k swap on /swapfile.  Priority:-2 extents:5 across:1492572k FS
Oct 30 22:28:49 rich-VirtualBox kernel: [   18.869648] ACPI: PCI Interrupt Link [LNKD] enabled at IRQ 11
Oct 30 22:28:49 rich-VirtualBox kernel: [   18.870333] vgdrvHeartbeatInit: Setting up heartbeat to trigger every 2000 milliseconds
Oct 30 22:28:49 rich-VirtualBox kernel: [   18.870445] input: Unspecified device as /devices/pci0000:00/0000:00:04.0/input/input6
Oct 30 22:28:49 rich-VirtualBox kernel: [   18.870652] vboxguest: misc device minor 55, IRQ 11, I/O port d020, MMIO at 00000000f0400000 (size 0x400000)
Oct 30 22:28:49 rich-VirtualBox kernel: [   18.870654] vboxguest: Successfully loaded version 5.2.8_KernelUbuntu (interface 0x00010004)
Oct 30 22:28:49 rich-VirtualBox kernel: [   19.161372] RAPL PMU: API unit is 2^-32 Joules, 5 fixed counters, 10737418240 ms ovfl timer
Oct 30 22:28:49 rich-VirtualBox kernel: [   19.161373] RAPL PMU: hw unit of domain pp0-core 2^-0 Joules
Oct 30 22:28:49 rich-VirtualBox kernel: [   19.161374] RAPL PMU: hw unit of domain package 2^-0 Joules
Oct 30 22:28:49 rich-VirtualBox kernel: [   19.161375] RAPL PMU: hw unit of domain dram 2^-0 Joules
Oct 30 22:28:49 rich-VirtualBox kernel: [   19.161376] RAPL PMU: hw unit of domain pp1-gpu 2^-0 Joules
Oct 30 22:28:49 rich-VirtualBox kernel: [   19.161377] RAPL PMU: hw unit of domain psys 2^-0 Joules
Oct 30 22:28:49 rich-VirtualBox kernel: [   20.485388] AVX2 version of gcm_enc/dec engaged.
Oct 30 22:28:49 rich-VirtualBox kernel: [   20.485389] AES CTR mode by8 optimization enabled
Oct 30 22:28:49 rich-VirtualBox kernel: [   21.002809] vboxvideo: module is from the staging directory, the quality is unknown, you have been warned.
Oct 30 22:28:49 rich-VirtualBox kernel: [   21.002850] vboxvideo: module verification failed: signature and/or required key missing - tainting kernel
Oct 30 22:28:49 rich-VirtualBox kernel: [   21.005851] [drm] VRAM 01000000
Oct 30 22:28:49 rich-VirtualBox kernel: [   21.005954] [TTM] Zone  kernel: Available graphics memory: 2514458 kiB
Oct 30 22:28:49 rich-VirtualBox kernel: [   21.005954] [TTM] Zone   dma32: Available graphics memory: 2097152 kiB
Oct 30 22:28:49 rich-VirtualBox kernel: [   21.005955] [TTM] Initializing pool allocator
Oct 30 22:28:49 rich-VirtualBox kernel: [   21.005958] [TTM] Initializing DMA pool allocator
Oct 30 22:28:49 rich-VirtualBox kernel: [   21.007431] fbcon: vboxdrmfb (fb0) is primary device
Oct 30 22:28:49 rich-VirtualBox kernel: [   21.010878] Console: switching to colour frame buffer device 100x37
Oct 30 22:28:49 rich-VirtualBox kernel: [   21.011964] vboxvideo 0000:00:02.0: fb0: vboxdrmfb frame buffer device
Oct 30 22:28:49 rich-VirtualBox kernel: [   21.011986] [drm] Initialized vboxvideo 1.0.0 20130823 for 0000:00:02.0 on minor 0
Oct 30 22:28:49 rich-VirtualBox kernel: [   23.230479] snd_intel8x0 0000:00:05.0: white list rate for 1028:0177 is 48000
Oct 30 22:28:49 rich-VirtualBox kernel: [   24.730536] audit: type=1400 audit(1540952917.264:2): apparmor="STATUS" operation="profile_load" profile="unconfined" name="/sbin/dhclient" pid=400 comm="apparmor_parser"
Oct 30 22:28:49 rich-VirtualBox kernel: [   24.730540] audit: type=1400 audit(1540952917.264:3): apparmor="STATUS" operation="profile_load" profile="unconfined" name="/usr/lib/NetworkManager/nm-dhcp-client.action" pid=400 comm="apparmor_parser"
Oct 30 22:28:49 rich-VirtualBox kernel: [   24.730542] audit: type=1400 audit(1540952917.264:4): apparmor="STATUS" operation="profile_load" profile="unconfined" name="/usr/lib/NetworkManager/nm-dhcp-helper" pid=400 comm="apparmor_parser"
Oct 30 22:28:49 rich-VirtualBox kernel: [   24.730544] audit: type=1400 audit(1540952917.264:5): apparmor="STATUS" operation="profile_load" profile="unconfined" name="/usr/lib/connman/scripts/dhclient-script" pid=400 comm="apparmor_parser"
Oct 30 22:28:49 rich-VirtualBox kernel: [   26.411737] audit: type=1400 audit(1540952918.944:6): apparmor="STATUS" operation="profile_load" profile="unconfined" name="/usr/bin/evince" pid=409 comm="apparmor_parser"
Oct 30 22:28:49 rich-VirtualBox kernel: [   26.411740] audit: type=1400 audit(1540952918.944:7): apparmor="STATUS" operation="profile_load" profile="unconfined" name="/usr/bin/evince//sanitized_helper" pid=409 comm="apparmor_parser"
Oct 30 22:28:49 rich-VirtualBox kernel: [   26.411741] audit: type=1400 audit(1540952918.944:8): apparmor="STATUS" operation="profile_load" profile="unconfined" name="/usr/bin/evince-previewer" pid=409 comm="apparmor_parser"
Oct 30 22:28:49 rich-VirtualBox kernel: [   26.411743] audit: type=1400 audit(1540952918.944:9): apparmor="STATUS" operation="profile_load" profile="unconfined" name="/usr/bin/evince-previewer//sanitized_helper" pid=409 comm="apparmor_parser"
Oct 30 22:28:49 rich-VirtualBox kernel: [   26.411744] audit: type=1400 audit(1540952918.944:10): apparmor="STATUS" operation="profile_load" profile="unconfined" name="/usr/bin/evince-thumbnailer" pid=409 comm="apparmor_parser"
Oct 30 22:28:49 rich-VirtualBox kernel: [   26.411746] audit: type=1400 audit(1540952918.944:11): apparmor="STATUS" operation="profile_load" profile="unconfined" name="/usr/bin/evince-thumbnailer//sanitized_helper" pid=409 comm="apparmor_parser"
Oct 30 22:29:00 rich-VirtualBox kernel: [   48.106533] IPv6: ADDRCONF(NETDEV_UP): enp0s3: link is not ready
Oct 30 22:29:00 rich-VirtualBox kernel: [   48.108218] IPv6: ADDRCONF(NETDEV_UP): enp0s3: link is not ready
Oct 30 22:29:00 rich-VirtualBox kernel: [   48.112438] e1000: enp0s3 NIC Link is Up 1000 Mbps Full Duplex, Flow Control: RX
Oct 30 22:29:00 rich-VirtualBox kernel: [   48.113158] IPv6: ADDRCONF(NETDEV_CHANGE): enp0s3: link becomes ready
Oct 30 22:29:28 rich-VirtualBox kernel: [   76.024129] kauditd_printk_skb: 11 callbacks suppressed
Oct 30 22:29:28 rich-VirtualBox kernel: [   76.024130] audit: type=1400 audit(1540952968.556:23): apparmor="STATUS" operation="profile_load" profile="unconfined" name="snap-update-ns.core" pid=911 comm="apparmor_parser"
Oct 30 22:29:28 rich-VirtualBox kernel: [   76.132350] audit: type=1400 audit(1540952968.664:24): apparmor="STATUS" operation="profile_load" profile="unconfined" name="snap.core.hook.configure" pid=913 comm="apparmor_parser"
Oct 30 22:29:43 rich-VirtualBox kernel: [   91.291708] audit: type=1400 audit(1540952983.357:25): apparmor="STATUS" operation="profile_load" profile="unconfined" name="/snap/core/4917/usr/lib/snapd/snap-confine" pid=1047 comm="apparmor_parser"
Oct 30 22:29:43 rich-VirtualBox kernel: [   91.291972] audit: type=1400 audit(1540952983.357:26): apparmor="STATUS" operation="profile_load" profile="unconfined" name="/snap/core/4917/usr/lib/snapd/snap-confine//mount-namespace-capture-helper" pid=1047 comm="apparmor_parser"
Oct 30 22:29:43 rich-VirtualBox kernel: [   91.640758] audit: type=1400 audit(1540952983.709:27): apparmor="STATUS" operation="profile_replace" info="same as current profile, skipping" profile="unconfined" name="snap-update-ns.core" pid=1055 comm="apparmor_parser"
Oct 30 22:29:43 rich-VirtualBox kernel: [   91.757824] audit: type=1400 audit(1540952983.825:28): apparmor="STATUS" operation="profile_replace" profile="unconfined" name="snap.core.hook.configure" pid=1057 comm="apparmor_parser"
Oct 30 22:29:46 rich-VirtualBox kernel: [   94.541634] audit: type=1400 audit(1540952986.609:29): apparmor="STATUS" operation="profile_replace" profile="unconfined" name="/snap/core/4917/usr/lib/snapd/snap-confine" pid=1132 comm="apparmor_parser"
Oct 30 22:29:46 rich-VirtualBox kernel: [   94.544466] audit: type=1400 audit(1540952986.613:30): apparmor="STATUS" operation="profile_replace" profile="unconfined" name="/snap/core/4917/usr/lib/snapd/snap-confine//mount-namespace-capture-helper" pid=1132 comm="apparmor_parser"
Oct 30 22:29:46 rich-VirtualBox kernel: [   94.547259] audit: type=1400 audit(1540952986.613:31): apparmor="STATUS" operation="profile_replace" info="same as current profile, skipping" profile="unconfined" name="snap-update-ns.core" pid=1134 comm="apparmor_parser"
Oct 30 22:29:46 rich-VirtualBox kernel: [   94.556136] audit: type=1400 audit(1540952986.621:32): apparmor="STATUS" operation="profile_replace" info="same as current profile, skipping" profile="unconfined" name="snap.core.hook.configure" pid=1136 comm="apparmor_parser"
Oct 30 22:29:54 rich-VirtualBox kernel: [  102.367908] audit: type=1400 audit(1540952994.433:33): apparmor="STATUS" operation="profile_load" profile="unconfined" name="snap-update-ns.gnome-calculator" pid=1315 comm="apparmor_parser"
Oct 30 22:29:54 rich-VirtualBox kernel: [  102.440031] audit: type=1400 audit(1540952994.505:34): apparmor="STATUS" operation="profile_load" profile="unconfined" name="snap.gnome-calculator.gnome-calculator" pid=1317 comm="apparmor_parser"
Oct 30 22:29:54 rich-VirtualBox kernel: [  102.625616] audit: type=1400 audit(1540952994.693:35): apparmor="STATUS" operation="profile_replace" info="same as current profile, skipping" profile="unconfined" name="/snap/core/4917/usr/lib/snapd/snap-confine" pid=1324 comm="apparmor_parser"
Oct 30 22:29:54 rich-VirtualBox kernel: [  102.625619] audit: type=1400 audit(1540952994.693:36): apparmor="STATUS" operation="profile_replace" info="same as current profile, skipping" profile="unconfined" name="/snap/core/4917/usr/lib/snapd/snap-confine//mount-namespace-capture-helper" pid=1324 comm="apparmor_parser"
Oct 30 22:29:54 rich-VirtualBox kernel: [  102.628217] audit: type=1400 audit(1540952994.693:37): apparmor="STATUS" operation="profile_replace" info="same as current profile, skipping" profile="unconfined" name="snap-update-ns.core" pid=1326 comm="apparmor_parser"
Oct 30 22:29:54 rich-VirtualBox kernel: [  102.634747] audit: type=1400 audit(1540952994.701:38): apparmor="STATUS" operation="profile_replace" info="same as current profile, skipping" profile="unconfined" name="snap.core.hook.configure" pid=1328 comm="apparmor_parser"
Oct 30 22:29:54 rich-VirtualBox kernel: [  102.723527] audit: type=1400 audit(1540952994.789:39): apparmor="STATUS" operation="profile_replace" info="same as current profile, skipping" profile="unconfined" name="snap-update-ns.gnome-calculator" pid=1335 comm="apparmor_parser"
Oct 30 22:29:55 rich-VirtualBox kernel: [  103.052857] audit: type=1400 audit(1540952995.121:40): apparmor="STATUS" operation="profile_replace" profile="unconfined" name="snap.gnome-calculator.gnome-calculator" pid=1337 comm="apparmor_parser"
Oct 30 22:29:55 rich-VirtualBox kernel: [  103.193672] audit: type=1400 audit(1540952995.261:41): apparmor="STATUS" operation="profile_replace" info="same as current profile, skipping" profile="unconfined" name="/snap/core/4917/usr/lib/snapd/snap-confine" pid=1343 comm="apparmor_parser"
Oct 30 22:29:55 rich-VirtualBox kernel: [  103.193675] audit: type=1400 audit(1540952995.261:42): apparmor="STATUS" operation="profile_replace" info="same as current profile, skipping" profile="unconfined" name="/snap/core/4917/usr/lib/snapd/snap-confine//mount-namespace-capture-helper" pid=1343 comm="apparmor_parser"
Oct 30 22:29:59 rich-VirtualBox kernel: [  107.800631] kauditd_printk_skb: 34 callbacks suppressed
Oct 30 22:29:59 rich-VirtualBox kernel: [  107.800632] audit: type=1400 audit(1540952999.869:77): apparmor="STATUS" operation="profile_replace" profile="unconfined" name="snap-update-ns.gnome-calculator" pid=1458 comm="apparmor_parser"
Oct 30 22:30:00 rich-VirtualBox kernel: [  108.091323] audit: type=1400 audit(1540953000.157:78): apparmor="STATUS" operation="profile_replace" profile="unconfined" name="snap.gnome-calculator.gnome-calculator" pid=1460 comm="apparmor_parser"
Oct 30 22:30:00 rich-VirtualBox kernel: [  108.781093] audit: type=1400 audit(1540953000.849:79): apparmor="STATUS" operation="profile_load" profile="unconfined" name="snap-update-ns.gnome-characters" pid=1518 comm="apparmor_parser"
Oct 30 22:30:00 rich-VirtualBox kernel: [  108.848494] audit: type=1400 audit(1540953000.917:80): apparmor="STATUS" operation="profile_load" profile="unconfined" name="snap.gnome-characters.gnome-characters" pid=1520 comm="apparmor_parser"
Oct 30 22:30:01 rich-VirtualBox kernel: [  109.194461] audit: type=1400 audit(1540953001.261:81): apparmor="STATUS" operation="profile_replace" profile="unconfined" name="snap-update-ns.gnome-characters" pid=1527 comm="apparmor_parser"
Oct 30 22:30:01 rich-VirtualBox kernel: [  109.530664] audit: type=1400 audit(1540953001.597:82): apparmor="STATUS" operation="profile_replace" profile="unconfined" name="snap.gnome-characters.gnome-characters" pid=1529 comm="apparmor_parser"
Oct 30 22:30:01 rich-VirtualBox kernel: [  109.823229] audit: type=1400 audit(1540953001.889:83): apparmor="STATUS" operation="profile_replace" info="same as current profile, skipping" profile="unconfined" name="/snap/core/4917/usr/lib/snapd/snap-confine" pid=1535 comm="apparmor_parser"
Oct 30 22:30:01 rich-VirtualBox kernel: [  109.823231] audit: type=1400 audit(1540953001.889:84): apparmor="STATUS" operation="profile_replace" info="same as current profile, skipping" profile="unconfined" name="/snap/core/4917/usr/lib/snapd/snap-confine//mount-namespace-capture-helper" pid=1535 comm="apparmor_parser"
Oct 30 22:30:01 rich-VirtualBox kernel: [  109.839389] audit: type=1400 audit(1540953001.905:85): apparmor="STATUS" operation="profile_replace" info="same as current profile, skipping" profile="unconfined" name="snap-update-ns.core" pid=1537 comm="apparmor_parser"
Oct 30 22:30:01 rich-VirtualBox kernel: [  109.854940] audit: type=1400 audit(1540953001.921:86): apparmor="STATUS" operation="profile_replace" info="same as current profile, skipping" profile="unconfined" name="snap.core.hook.configure" pid=1539 comm="apparmor_parser"
Oct 30 22:30:05 rich-VirtualBox kernel: [  112.935556] kauditd_printk_skb: 28 callbacks suppressed
Oct 30 22:30:05 rich-VirtualBox kernel: [  112.935558] audit: type=1400 audit(1540953005.001:115): apparmor="STATUS" operation="profile_replace" info="same as current profile, skipping" profile="unconfined" name="/snap/core/4917/usr/lib/snapd/snap-confine" pid=1633 comm="apparmor_parser"
Oct 30 22:30:05 rich-VirtualBox kernel: [  112.935562] audit: type=1400 audit(1540953005.001:116): apparmor="STATUS" operation="profile_replace" info="same as current profile, skipping" profile="unconfined" name="/snap/core/4917/usr/lib/snapd/snap-confine//mount-namespace-capture-helper" pid=1633 comm="apparmor_parser"
Oct 30 22:30:05 rich-VirtualBox kernel: [  112.952647] audit: type=1400 audit(1540953005.021:117): apparmor="STATUS" operation="profile_replace" info="same as current profile, skipping" profile="unconfined" name="snap-update-ns.core" pid=1635 comm="apparmor_parser"
Oct 30 22:30:05 rich-VirtualBox kernel: [  112.970656] audit: type=1400 audit(1540953005.037:118): apparmor="STATUS" operation="profile_replace" info="same as current profile, skipping" profile="unconfined" name="snap.core.hook.configure" pid=1637 comm="apparmor_parser"
Oct 30 22:30:05 rich-VirtualBox kernel: [  113.027775] audit: type=1400 audit(1540953005.093:119): apparmor="STATUS" operation="profile_replace" info="same as current profile, skipping" profile="unconfined" name="snap-update-ns.gnome-characters" pid=1643 comm="apparmor_parser"
Oct 30 22:30:05 rich-VirtualBox kernel: [  113.241053] audit: type=1400 audit(1540953005.309:120): apparmor="STATUS" operation="profile_replace" profile="unconfined" name="snap.gnome-characters.gnome-characters" pid=1645 comm="apparmor_parser"
Oct 30 22:30:05 rich-VirtualBox kernel: [  113.535037] audit: type=1400 audit(1540953005.601:121): apparmor="STATUS" operation="profile_replace" profile="unconfined" name="snap-update-ns.gnome-characters" pid=1651 comm="apparmor_parser"
Oct 30 22:30:05 rich-VirtualBox kernel: [  113.768972] audit: type=1400 audit(1540953005.837:122): apparmor="STATUS" operation="profile_replace" profile="unconfined" name="snap.gnome-characters.gnome-characters" pid=1653 comm="apparmor_parser"
Oct 30 22:30:06 rich-VirtualBox kernel: [  114.075675] audit: type=1400 audit(1540953006.141:123): apparmor="STATUS" operation="profile_replace" profile="unconfined" name="snap-update-ns.gnome-characters" pid=1659 comm="apparmor_parser"
Oct 30 22:30:06 rich-VirtualBox kernel: [  114.312656] audit: type=1400 audit(1540953006.377:124): apparmor="STATUS" operation="profile_replace" profile="unconfined" name="snap.gnome-characters.gnome-characters" pid=1661 comm="apparmor_parser"
Oct 30 22:30:10 rich-VirtualBox kernel: [  118.045268] kauditd_printk_skb: 26 callbacks suppressed
Oct 30 22:30:10 rich-VirtualBox kernel: [  118.045269] audit: type=1400 audit(1540953010.113:151): apparmor="STATUS" operation="profile_replace" info="same as current profile, skipping" profile="unconfined" name="/snap/core/4917/usr/lib/snapd/snap-confine" pid=1806 comm="apparmor_parser"
Oct 30 22:30:10 rich-VirtualBox kernel: [  118.045272] audit: type=1400 audit(1540953010.113:152): apparmor="STATUS" operation="profile_replace" info="same as current profile, skipping" profile="unconfined" name="/snap/core/4917/usr/lib/snapd/snap-confine//mount-namespace-capture-helper" pid=1806 comm="apparmor_parser"
Oct 30 22:30:10 rich-VirtualBox kernel: [  118.049234] audit: type=1400 audit(1540953010.117:153): apparmor="STATUS" operation="profile_replace" info="same as current profile, skipping" profile="unconfined" name="snap-update-ns.core" pid=1808 comm="apparmor_parser"
Oct 30 22:30:10 rich-VirtualBox kernel: [  118.074309] audit: type=1400 audit(1540953010.141:154): apparmor="STATUS" operation="profile_replace" info="same as current profile, skipping" profile="unconfined" name="snap.core.hook.configure" pid=1810 comm="apparmor_parser"
Oct 30 22:30:10 rich-VirtualBox kernel: [  118.127038] audit: type=1400 audit(1540953010.193:155): apparmor="STATUS" operation="profile_replace" info="same as current profile, skipping" profile="unconfined" name="snap-update-ns.gnome-logs" pid=1816 comm="apparmor_parser"
Oct 30 22:30:10 rich-VirtualBox kernel: [  118.252608] audit: type=1400 audit(1540953010.317:156): apparmor="STATUS" operation="profile_replace" profile="unconfined" name="snap.gnome-logs.gnome-logs" pid=1818 comm="apparmor_parser"
Oct 30 22:30:10 rich-VirtualBox kernel: [  118.445657] audit: type=1400 audit(1540953010.513:157): apparmor="STATUS" operation="profile_replace" info="same as current profile, skipping" profile="unconfined" name="/snap/core/4917/usr/lib/snapd/snap-confine" pid=1824 comm="apparmor_parser"
Oct 30 22:30:10 rich-VirtualBox kernel: [  118.445660] audit: type=1400 audit(1540953010.513:158): apparmor="STATUS" operation="profile_replace" info="same as current profile, skipping" profile="unconfined" name="/snap/core/4917/usr/lib/snapd/snap-confine//mount-namespace-capture-helper" pid=1824 comm="apparmor_parser"
Oct 30 22:30:10 rich-VirtualBox kernel: [  118.468514] audit: type=1400 audit(1540953010.537:159): apparmor="STATUS" operation="profile_replace" info="same as current profile, skipping" profile="unconfined" name="snap-update-ns.core" pid=1826 comm="apparmor_parser"
Oct 30 22:30:10 rich-VirtualBox kernel: [  118.473757] audit: type=1400 audit(1540953010.541:160): apparmor="STATUS" operation="profile_replace" info="same as current profile, skipping" profile="unconfined" name="snap.core.hook.configure" pid=1828 comm="apparmor_parser"
Oct 30 22:30:15 rich-VirtualBox kernel: [  123.204871] kauditd_printk_skb: 34 callbacks suppressed
Oct 30 22:30:15 rich-VirtualBox kernel: [  123.204873] audit: type=1400 audit(1540953015.269:195): apparmor="STATUS" operation="profile_replace" info="same as current profile, skipping" profile="unconfined" name="snap-update-ns.gnome-system-monitor" pid=1993 comm="apparmor_parser"
Oct 30 22:30:15 rich-VirtualBox kernel: [  123.478806] audit: type=1400 audit(1540953015.545:196): apparmor="STATUS" operation="profile_replace" profile="unconfined" name="snap.gnome-system-monitor.gnome-system-monitor" pid=1995 comm="apparmor_parser"
Oct 30 22:30:15 rich-VirtualBox kernel: [  123.866263] audit: type=1400 audit(1540953015.933:197): apparmor="STATUS" operation="profile_replace" info="same as current profile, skipping" profile="unconfined" name="/snap/core/4917/usr/lib/snapd/snap-confine" pid=2003 comm="apparmor_parser"
Oct 30 22:30:15 rich-VirtualBox kernel: [  123.866268] audit: type=1400 audit(1540953015.933:198): apparmor="STATUS" operation="profile_replace" info="same as current profile, skipping" profile="unconfined" name="/snap/core/4917/usr/lib/snapd/snap-confine//mount-namespace-capture-helper" pid=2003 comm="apparmor_parser"
Oct 30 22:30:15 rich-VirtualBox kernel: [  123.872799] audit: type=1400 audit(1540953015.941:199): apparmor="STATUS" operation="profile_replace" info="same as current profile, skipping" profile="unconfined" name="snap-update-ns.core" pid=2005 comm="apparmor_parser"
Oct 30 22:30:15 rich-VirtualBox kernel: [  123.885946] audit: type=1400 audit(1540953015.953:200): apparmor="STATUS" operation="profile_replace" info="same as current profile, skipping" profile="unconfined" name="snap.core.hook.configure" pid=2007 comm="apparmor_parser"
Oct 30 22:30:16 rich-VirtualBox kernel: [  124.047815] audit: type=1400 audit(1540953016.113:201): apparmor="STATUS" operation="profile_replace" info="same as current profile, skipping" profile="unconfined" name="snap-update-ns.gnome-system-monitor" pid=2013 comm="apparmor_parser"
Oct 30 22:30:16 rich-VirtualBox kernel: [  124.201089] audit: type=1400 audit(1540953016.269:202): apparmor="STATUS" operation="profile_replace" profile="unconfined" name="snap.gnome-system-monitor.gnome-system-monitor" pid=2015 comm="apparmor_parser"
Oct 30 22:30:16 rich-VirtualBox kernel: [  124.375540] audit: type=1400 audit(1540953016.441:203): apparmor="STATUS" operation="profile_replace" info="same as current profile, skipping" profile="unconfined" name="/snap/core/4917/usr/lib/snapd/snap-confine" pid=2021 comm="apparmor_parser"
Oct 30 22:30:16 rich-VirtualBox kernel: [  124.375543] audit: type=1400 audit(1540953016.441:204): apparmor="STATUS" operation="profile_replace" info="same as current profile, skipping" profile="unconfined" name="/snap/core/4917/usr/lib/snapd/snap-confine//mount-namespace-capture-helper" pid=2021 comm="apparmor_parser"
Oct 30 22:30:20 rich-VirtualBox kernel: [  128.247828] kauditd_printk_skb: 38 callbacks suppressed
Oct 30 22:30:20 rich-VirtualBox kernel: [  128.247830] audit: type=1400 audit(1540953020.312:243): apparmor="STATUS" operation="profile_replace" info="same as current profile, skipping" profile="unconfined" name="/snap/core/4917/usr/lib/snapd/snap-confine" pid=2147 comm="apparmor_parser"
Oct 30 22:30:20 rich-VirtualBox kernel: [  128.247833] audit: type=1400 audit(1540953020.312:244): apparmor="STATUS" operation="profile_replace" info="same as current profile, skipping" profile="unconfined" name="/snap/core/4917/usr/lib/snapd/snap-confine//mount-namespace-capture-helper" pid=2147 comm="apparmor_parser"
Oct 30 22:30:20 rich-VirtualBox kernel: [  128.257022] audit: type=1400 audit(1540953020.324:245): apparmor="STATUS" operation="profile_replace" info="same as current profile, skipping" profile="unconfined" name="snap-update-ns.core" pid=2149 comm="apparmor_parser"
Oct 30 22:30:20 rich-VirtualBox kernel: [  128.269976] audit: type=1400 audit(1540953020.336:246): apparmor="STATUS" operation="profile_replace" info="same as current profile, skipping" profile="unconfined" name="snap.core.hook.configure" pid=2151 comm="apparmor_parser"
Oct 30 22:30:20 rich-VirtualBox kernel: [  128.354025] audit: type=1400 audit(1540953020.420:247): apparmor="STATUS" operation="profile_replace" info="same as current profile, skipping" profile="unconfined" name="snap-update-ns.gnome-system-monitor" pid=2157 comm="apparmor_parser"
Oct 30 22:30:20 rich-VirtualBox kernel: [  128.786933] audit: type=1400 audit(1540953020.852:248): apparmor="STATUS" operation="profile_replace" profile="unconfined" name="snap.gnome-system-monitor.gnome-system-monitor" pid=2159 comm="apparmor_parser"
Oct 30 22:30:21 rich-VirtualBox kernel: [  129.163568] audit: type=1400 audit(1540953021.228:249): apparmor="STATUS" operation="profile_replace" profile="unconfined" name="snap-update-ns.gnome-system-monitor" pid=2165 comm="apparmor_parser"
Oct 30 22:30:21 rich-VirtualBox kernel: [  129.456137] audit: type=1400 audit(1540953021.520:250): apparmor="STATUS" operation="profile_replace" profile="unconfined" name="snap.gnome-system-monitor.gnome-system-monitor" pid=2167 comm="apparmor_parser"
Oct 30 22:30:21 rich-VirtualBox kernel: [  129.816409] audit: type=1400 audit(1540953021.880:251): apparmor="STATUS" operation="profile_replace" profile="unconfined" name="snap-update-ns.gnome-system-monitor" pid=2173 comm="apparmor_parser"
Oct 30 22:30:22 rich-VirtualBox kernel: [  130.123471] audit: type=1400 audit(1540953022.188:252): apparmor="STATUS" operation="profile_replace" profile="unconfined" name="snap.gnome-system-monitor.gnome-system-monitor" pid=2175 comm="apparmor_parser"
Oct 30 22:50:21 rich-VirtualBox kernel: [ 1329.537316] rfkill: input handler disabled
Oct 30 23:11:26 rich-VirtualBox kernel: [ 2580.206979] e1000: enp0s3 NIC Link is Down
Oct 30 23:11:30 rich-VirtualBox kernel: [ 2584.668503] e1000: enp0s3 NIC Link is Up 1000 Mbps Full Duplex, Flow Control: RX
Oct 31 14:41:50 rich-VirtualBox kernel: [ 3428.956263] kauditd_printk_skb: 6 callbacks suppressed
Oct 31 14:41:50 rich-VirtualBox kernel: [ 3428.956265] audit: type=1400 audit(1541011310.778:259): apparmor="STATUS" operation="profile_load" profile="unconfined" name="/snap/core/5742/usr/lib/snapd/snap-confine" pid=23793 comm="apparmor_parser"
Oct 31 14:41:50 rich-VirtualBox kernel: [ 3428.956604] audit: type=1400 audit(1541011310.778:260): apparmor="STATUS" operation="profile_load" profile="unconfined" name="/snap/core/5742/usr/lib/snapd/snap-confine//mount-namespace-capture-helper" pid=23793 comm="apparmor_parser"
Oct 31 14:41:50 rich-VirtualBox kernel: [ 3429.046416] audit: type=1400 audit(1541011310.870:261): apparmor="STATUS" operation="profile_replace" info="same as current profile, skipping" profile="unconfined" name="snap-update-ns.core" pid=23796 comm="apparmor_parser"
Oct 31 14:41:50 rich-VirtualBox kernel: [ 3429.143283] audit: type=1400 audit(1541011310.966:262): apparmor="STATUS" operation="profile_replace" profile="unconfined" name="snap.core.hook.configure" pid=23798 comm="apparmor_parser"
Oct 31 14:41:51 rich-VirtualBox kernel: [ 3429.445131] audit: type=1400 audit(1541011311.266:263): apparmor="STATUS" operation="profile_replace" info="same as current profile, skipping" profile="unconfined" name="snap-update-ns.gnome-calculator" pid=23804 comm="apparmor_parser"
Oct 31 14:41:51 rich-VirtualBox kernel: [ 3429.452843] audit: type=1400 audit(1541011311.274:264): apparmor="STATUS" operation="profile_replace" info="same as current profile, skipping" profile="unconfined" name="snap.gnome-calculator.gnome-calculator" pid=23806 comm="apparmor_parser"
Oct 31 14:41:51 rich-VirtualBox kernel: [ 3429.756775] audit: type=1400 audit(1541011311.578:265): apparmor="STATUS" operation="profile_replace" info="same as current profile, skipping" profile="unconfined" name="snap-update-ns.gnome-characters" pid=23812 comm="apparmor_parser"
Oct 31 14:41:51 rich-VirtualBox kernel: [ 3429.764159] audit: type=1400 audit(1541011311.586:266): apparmor="STATUS" operation="profile_replace" info="same as current profile, skipping" profile="unconfined" name="snap.gnome-characters.gnome-characters" pid=23814 comm="apparmor_parser"
Oct 31 14:41:51 rich-VirtualBox kernel: [ 3430.025947] audit: type=1400 audit(1541011311.850:267): apparmor="STATUS" operation="profile_replace" info="same as current profile, skipping" profile="unconfined" name="snap-update-ns.gnome-logs" pid=23820 comm="apparmor_parser"
Oct 31 14:41:51 rich-VirtualBox kernel: [ 3430.045168] audit: type=1400 audit(1541011311.866:268): apparmor="STATUS" operation="profile_replace" info="same as current profile, skipping" profile="unconfined" name="snap.gnome-logs.gnome-logs" pid=23822 comm="apparmor_parser"
Oct 31 14:41:56 rich-VirtualBox kernel: [ 3434.434062] kauditd_printk_skb: 8 callbacks suppressed
Oct 31 14:41:56 rich-VirtualBox kernel: [ 3434.434063] audit: type=1400 audit(1541011316.257:277): apparmor="STATUS" operation="profile_replace" profile="unconfined" name="snap-update-ns.gnome-system-monitor" pid=23879 comm="apparmor_parser"
Oct 31 14:41:56 rich-VirtualBox kernel: [ 3434.783250] audit: type=1400 audit(1541011316.605:278): apparmor="STATUS" operation="profile_replace" profile="unconfined" name="snap.gnome-system-monitor.gnome-system-monitor" pid=23881 comm="apparmor_parser"
Oct 31 14:41:56 rich-VirtualBox kernel: [ 3434.841499] audit: type=1400 audit(1541011316.665:279): apparmor="STATUS" operation="profile_replace" profile="unconfined" name="/snap/core/5742/usr/lib/snapd/snap-confine" pid=23886 comm="apparmor_parser"
Oct 31 14:41:56 rich-VirtualBox kernel: [ 3434.841623] audit: type=1400 audit(1541011316.665:280): apparmor="STATUS" operation="profile_replace" profile="unconfined" name="/snap/core/5742/usr/lib/snapd/snap-confine//mount-namespace-capture-helper" pid=23886 comm="apparmor_parser"
Oct 31 14:41:56 rich-VirtualBox kernel: [ 3434.861658] audit: type=1400 audit(1541011316.685:281): apparmor="STATUS" operation="profile_replace" profile="unconfined" name="snap-update-ns.core" pid=23888 comm="apparmor_parser"
Oct 31 14:41:56 rich-VirtualBox kernel: [ 3434.944692] audit: type=1400 audit(1541011316.765:282): apparmor="STATUS" operation="profile_replace" profile="unconfined" name="snap.core.hook.configure" pid=23890 comm="apparmor_parser"
Oct 31 14:42:17 rich-VirtualBox kernel: [ 3455.529073] audit: type=1400 audit(1541011337.349:283): apparmor="STATUS" operation="profile_replace" profile="unconfined" name="snap-update-ns.gnome-calculator" pid=23959 comm="apparmor_parser"
Oct 31 14:42:17 rich-VirtualBox kernel: [ 3455.986542] audit: type=1400 audit(1541011337.809:284): apparmor="STATUS" operation="profile_replace" profile="unconfined" name="snap.gnome-calculator.gnome-calculator" pid=23961 comm="apparmor_parser"
Oct 31 14:42:17 rich-VirtualBox kernel: [ 3456.113005] audit: type=1400 audit(1541011337.937:285): apparmor="STATUS" operation="profile_replace" info="same as current profile, skipping" profile="unconfined" name="/snap/core/5742/usr/lib/snapd/snap-confine" pid=23966 comm="apparmor_parser"
Oct 31 14:42:17 rich-VirtualBox kernel: [ 3456.113008] audit: type=1400 audit(1541011337.937:286): apparmor="STATUS" operation="profile_replace" info="same as current profile, skipping" profile="unconfined" name="/snap/core/5742/usr/lib/snapd/snap-confine//mount-namespace-capture-helper" pid=23966 comm="apparmor_parser"
Oct 31 14:42:17 rich-VirtualBox kernel: [ 3456.126704] audit: type=1400 audit(1541011337.949:287): apparmor="STATUS" operation="profile_replace" info="same as current profile, skipping" profile="unconfined" name="snap-update-ns.core" pid=23968 comm="apparmor_parser"
Oct 31 14:42:17 rich-VirtualBox kernel: [ 3456.131366] audit: type=1400 audit(1541011337.953:288): apparmor="STATUS" operation="profile_replace" info="same as current profile, skipping" profile="unconfined" name="snap.core.hook.configure" pid=23970 comm="apparmor_parser"
Oct 31 14:42:26 rich-VirtualBox kernel: [ 3464.594580] audit: type=1400 audit(1541011346.417:289): apparmor="STATUS" operation="profile_replace" profile="unconfined" name="snap-update-ns.gnome-characters" pid=24048 comm="apparmor_parser"
Oct 31 14:42:27 rich-VirtualBox kernel: [ 3465.874317] audit: type=1400 audit(1541011347.697:290): apparmor="STATUS" operation="profile_replace" profile="unconfined" name="snap.gnome-characters.gnome-characters" pid=24051 comm="apparmor_parser"
Oct 31 14:42:28 rich-VirtualBox kernel: [ 3466.335040] audit: type=1400 audit(1541011348.157:291): apparmor="STATUS" operation="profile_replace" info="same as current profile, skipping" profile="unconfined" name="/snap/core/5742/usr/lib/snapd/snap-confine" pid=24056 comm="apparmor_parser"
Oct 31 14:42:28 rich-VirtualBox kernel: [ 3466.335043] audit: type=1400 audit(1541011348.157:292): apparmor="STATUS" operation="profile_replace" info="same as current profile, skipping" profile="unconfined" name="/snap/core/5742/usr/lib/snapd/snap-confine//mount-namespace-capture-helper" pid=24056 comm="apparmor_parser"
Oct 31 14:42:28 rich-VirtualBox kernel: [ 3466.340626] audit: type=1400 audit(1541011348.161:293): apparmor="STATUS" operation="profile_replace" info="same as current profile, skipping" profile="unconfined" name="snap-update-ns.core" pid=24058 comm="apparmor_parser"
Oct 31 14:42:28 rich-VirtualBox kernel: [ 3466.344474] audit: type=1400 audit(1541011348.165:294): apparmor="STATUS" operation="profile_replace" info="same as current profile, skipping" profile="unconfined" name="snap.core.hook.configure" pid=24060 comm="apparmor_parser"
Oct 31 14:42:52 rich-VirtualBox kernel: [ 3490.361798] audit: type=1400 audit(1541011372.180:295): apparmor="STATUS" operation="profile_replace" profile="unconfined" name="snap-update-ns.gnome-logs" pid=24302 comm="apparmor_parser"
Oct 31 14:42:52 rich-VirtualBox kernel: [ 3490.680218] audit: type=1400 audit(1541011372.500:296): apparmor="STATUS" operation="profile_replace" profile="unconfined" name="snap.gnome-logs.gnome-logs" pid=24311 comm="apparmor_parser"
Oct 31 14:42:53 rich-VirtualBox kernel: [ 3491.761896] audit: type=1400 audit(1541011373.580:297): apparmor="STATUS" operation="profile_replace" info="same as current profile, skipping" profile="unconfined" name="/snap/core/5742/usr/lib/snapd/snap-confine" pid=24325 comm="apparmor_parser"
Oct 31 14:42:53 rich-VirtualBox kernel: [ 3491.761900] audit: type=1400 audit(1541011373.580:298): apparmor="STATUS" operation="profile_replace" info="same as current profile, skipping" profile="unconfined" name="/snap/core/5742/usr/lib/snapd/snap-confine//mount-namespace-capture-helper" pid=24325 comm="apparmor_parser"
Oct 31 14:42:53 rich-VirtualBox kernel: [ 3491.811578] audit: type=1400 audit(1541011373.632:299): apparmor="STATUS" operation="profile_replace" info="same as current profile, skipping" profile="unconfined" name="snap-update-ns.core" pid=24332 comm="apparmor_parser"
Oct 31 14:42:53 rich-VirtualBox kernel: [ 3491.838418] audit: type=1400 audit(1541011373.660:300): apparmor="STATUS" operation="profile_replace" info="same as current profile, skipping" profile="unconfined" name="snap.core.hook.configure" pid=24337 comm="apparmor_parser"
Oct 31 14:43:02 rich-VirtualBox kernel: [ 3500.968479] audit: type=1400 audit(1541011382.788:301): apparmor="STATUS" operation="profile_replace" profile="unconfined" name="snap-update-ns.gnome-system-monitor" pid=24381 comm="apparmor_parser"
Oct 31 14:43:04 rich-VirtualBox kernel: [ 3502.324418] audit: type=1400 audit(1541011384.144:302): apparmor="STATUS" operation="profile_replace" profile="unconfined" name="snap.gnome-system-monitor.gnome-system-monitor" pid=24423 comm="apparmor_parser"
Oct 31 14:43:04 rich-VirtualBox kernel: [ 3502.449082] audit: type=1400 audit(1541011384.268:303): apparmor="STATUS" operation="profile_replace" info="same as current profile, skipping" profile="unconfined" name="/snap/core/5742/usr/lib/snapd/snap-confine" pid=24467 comm="apparmor_parser"
Oct 31 14:43:04 rich-VirtualBox kernel: [ 3502.449086] audit: type=1400 audit(1541011384.268:304): apparmor="STATUS" operation="profile_replace" info="same as current profile, skipping" profile="unconfined" name="/snap/core/5742/usr/lib/snapd/snap-confine//mount-namespace-capture-helper" pid=24467 comm="apparmor_parser"
Oct 31 14:43:04 rich-VirtualBox kernel: [ 3502.463765] audit: type=1400 audit(1541011384.284:305): apparmor="STATUS" operation="profile_replace" info="same as current profile, skipping" profile="unconfined" name="snap-update-ns.core" pid=24469 comm="apparmor_parser"
Oct 31 14:43:04 rich-VirtualBox kernel: [ 3502.481274] audit: type=1400 audit(1541011384.300:306): apparmor="STATUS" operation="profile_replace" info="same as current profile, skipping" profile="unconfined" name="snap.core.hook.configure" pid=24471 comm="apparmor_parser"
Oct 31 14:43:09 rich-VirtualBox kernel: [ 3507.237794] audit: type=1400 audit(1541011389.056:307): apparmor="STATUS" operation="profile_replace" profile="unconfined" name="snap-update-ns.gnome-calculator" pid=25160 comm="apparmor_parser"
Oct 31 14:43:10 rich-VirtualBox kernel: [ 3508.481285] audit: type=1400 audit(1541011390.300:308): apparmor="STATUS" operation="profile_replace" profile="unconfined" name="snap.gnome-calculator.gnome-calculator" pid=25242 comm="apparmor_parser"
Oct 31 14:43:21 rich-VirtualBox kernel: [ 3519.455749] audit: type=1400 audit(1541011401.276:309): apparmor="STATUS" operation="profile_replace" profile="unconfined" name="snap-update-ns.gnome-characters" pid=25532 comm="apparmor_parser"
Oct 31 14:43:21 rich-VirtualBox kernel: [ 3519.753633] audit: type=1400 audit(1541011401.572:310): apparmor="STATUS" operation="profile_replace" profile="unconfined" name="snap.gnome-characters.gnome-characters" pid=25565 comm="apparmor_parser"
Oct 31 14:43:22 rich-VirtualBox kernel: [ 3520.275282] audit: type=1400 audit(1541011402.096:311): apparmor="STATUS" operation="profile_replace" profile="unconfined" name="snap-update-ns.gnome-logs" pid=25570 comm="apparmor_parser"
Oct 31 14:43:22 rich-VirtualBox kernel: [ 3520.763848] audit: type=1400 audit(1541011402.584:312): apparmor="STATUS" operation="profile_replace" profile="unconfined" name="snap.gnome-logs.gnome-logs" pid=25572 comm="apparmor_parser"
Oct 31 14:43:23 rich-VirtualBox kernel: [ 3521.355821] audit: type=1400 audit(1541011403.176:313): apparmor="STATUS" operation="profile_replace" profile="unconfined" name="snap-update-ns.gnome-system-monitor" pid=25594 comm="apparmor_parser"
Oct 31 14:43:23 rich-VirtualBox kernel: [ 3521.725399] audit: type=1400 audit(1541011403.544:314): apparmor="STATUS" operation="profile_replace" profile="unconfined" name="snap.gnome-system-monitor.gnome-system-monitor" pid=25631 comm="apparmor_parser"
Oct 31 14:43:25 rich-VirtualBox kernel: [ 3523.385415] audit: type=1400 audit(1541011405.204:315): apparmor="STATUS" operation="profile_replace" info="same as current profile, skipping" profile="unconfined" name="snap-update-ns.gnome-calculator" pid=25636 comm="apparmor_parser"
Oct 31 14:43:25 rich-VirtualBox kernel: [ 3523.795467] audit: type=1400 audit(1541011405.616:316): apparmor="STATUS" operation="profile_replace" profile="unconfined" name="snap.gnome-calculator.gnome-calculator" pid=25650 comm="apparmor_parser"
Oct 31 14:43:26 rich-VirtualBox kernel: [ 3524.460889] audit: type=1400 audit(1541011406.280:317): apparmor="STATUS" operation="profile_replace" info="same as current profile, skipping" profile="unconfined" name="snap-update-ns.gnome-characters" pid=25657 comm="apparmor_parser"
Oct 31 14:43:26 rich-VirtualBox kernel: [ 3524.755748] audit: type=1400 audit(1541011406.576:318): apparmor="STATUS" operation="profile_replace" profile="unconfined" name="snap.gnome-characters.gnome-characters" pid=25659 comm="apparmor_parser"
Oct 31 14:43:27 rich-VirtualBox kernel: [ 3525.299466] audit: type=1400 audit(1541011407.120:319): apparmor="STATUS" operation="profile_replace" info="same as current profile, skipping" profile="unconfined" name="snap-update-ns.gnome-logs" pid=25664 comm="apparmor_parser"
Oct 31 14:43:27 rich-VirtualBox kernel: [ 3525.690820] audit: type=1400 audit(1541011407.508:320): apparmor="STATUS" operation="profile_replace" profile="unconfined" name="snap.gnome-logs.gnome-logs" pid=25666 comm="apparmor_parser"
Oct 31 14:43:28 rich-VirtualBox kernel: [ 3526.831691] audit: type=1400 audit(1541011408.652:321): apparmor="STATUS" operation="profile_replace" info="same as current profile, skipping" profile="unconfined" name="snap-update-ns.gnome-system-monitor" pid=25671 comm="apparmor_parser"
Oct 31 14:43:29 rich-VirtualBox kernel: [ 3527.320515] audit: type=1400 audit(1541011409.140:322): apparmor="STATUS" operation="profile_replace" profile="unconfined" name="snap.gnome-system-monitor.gnome-system-monitor" pid=25673 comm="apparmor_parser"
Oct 31 14:43:40 rich-VirtualBox kernel: [ 3538.941085] audit: type=1400 audit(1541011420.760:323): apparmor="STATUS" operation="profile_load" profile="unconfined" name="/usr/sbin/mysqld" pid=25791 comm="apparmor_parser"
Oct 31 14:43:44 rich-VirtualBox kernel: [ 3543.170653] audit: type=1400 audit(1541011424.988:324): apparmor="DENIED" operation="open" profile="/usr/sbin/mysqld" name="/sys/devices/system/node/" pid=25866 comm="mysqld" requested_mask="r" denied_mask="r" fsuid=0 ouid=0
Oct 31 14:43:45 rich-VirtualBox kernel: [ 3543.179536] audit: type=1400 audit(1541011424.996:325): apparmor="DENIED" operation="capable" profile="/usr/sbin/mysqld" pid=25866 comm="mysqld" capability=2  capname="dac_read_search"
Oct 31 14:43:45 rich-VirtualBox kernel: [ 3543.200004] audit: type=1400 audit(1541011425.020:326): apparmor="DENIED" operation="open" profile="/usr/sbin/mysqld" name="/sys/devices/system/node/" pid=25868 comm="mysqld" requested_mask="r" denied_mask="r" fsuid=124 ouid=0
Oct 31 15:29:45 rich-VirtualBox kernel: [ 6303.609472] e1000: enp0s3 NIC Link is Down
Oct 31 15:29:45 rich-VirtualBox kernel: [ 6303.617800] e1000 0000:00:03.0 enp0s3: Reset adapter
Oct 31 15:29:47 rich-VirtualBox kernel: [ 6305.849125] e1000: enp0s3 NIC Link is Up 1000 Mbps Full Duplex, Flow Control: RX
Oct 31 15:39:24 rich-VirtualBox kernel: [ 6882.420380] e1000: enp0s3 NIC Link is Down
Oct 31 15:39:24 rich-VirtualBox kernel: [ 6882.420479] e1000 0000:00:03.0 enp0s3: Reset adapter
Oct 31 15:39:26 rich-VirtualBox kernel: [ 6884.564273] e1000: enp0s3 NIC Link is Up 1000 Mbps Full Duplex, Flow Control: RX
Oct 31 15:47:34 rich-VirtualBox kernel: [ 7364.379866] sched: RT throttling activated
Oct 31 18:51:49 rich-VirtualBox kernel: [    0.000000] Linux version 4.15.0-29-generic (buildd@lgw01-amd64-057) (gcc version 7.3.0 (Ubuntu 7.3.0-16ubuntu3)) #31-Ubuntu SMP Tue Jul 17 15:39:52 UTC 2018 (Ubuntu 4.15.0-29.31-generic 4.15.18)
Oct 31 18:51:49 rich-VirtualBox kernel: [    0.000000] Command line: BOOT_IMAGE=/boot/vmlinuz-4.15.0-29-generic root=UUID=83d9050c-68f3-4421-b412-3dd7f133f9c1 ro quiet splash
Oct 31 18:51:49 rich-VirtualBox kernel: [    0.000000] KERNEL supported cpus:
Oct 31 18:51:49 rich-VirtualBox kernel: [    0.000000]   Intel GenuineIntel
Oct 31 18:51:49 rich-VirtualBox kernel: [    0.000000]   AMD AuthenticAMD
Oct 31 18:51:49 rich-VirtualBox kernel: [    0.000000]   Centaur CentaurHauls
Oct 31 18:51:49 rich-VirtualBox kernel: [    0.000000] x86/fpu: Supporting XSAVE feature 0x001: 'x87 floating point registers'
Oct 31 18:51:49 rich-VirtualBox kernel: [    0.000000] x86/fpu: Supporting XSAVE feature 0x002: 'SSE registers'
Oct 31 18:51:49 rich-VirtualBox kernel: [    0.000000] x86/fpu: Supporting XSAVE feature 0x004: 'AVX registers'
Oct 31 18:51:49 rich-VirtualBox kernel: [    0.000000] x86/fpu: xstate_offset[2]:  576, xstate_sizes[2]:  256
Oct 31 18:51:49 rich-VirtualBox kernel: [    0.000000] x86/fpu: Enabled xstate features 0x7, context size is 832 bytes, using 'standard' format.
Oct 31 18:51:49 rich-VirtualBox kernel: [    0.000000] e820: BIOS-provided physical RAM map:
Oct 31 18:51:49 rich-VirtualBox kernel: [    0.000000] BIOS-e820: [mem 0x0000000000000000-0x000000000009fbff] usable
Oct 31 18:51:49 rich-VirtualBox kernel: [    0.000000] BIOS-e820: [mem 0x000000000009fc00-0x000000000009ffff] reserved
Oct 31 18:51:49 rich-VirtualBox kernel: [    0.000000] BIOS-e820: [mem 0x00000000000f0000-0x00000000000fffff] reserved
Oct 31 18:51:49 rich-VirtualBox kernel: [    0.000000] BIOS-e820: [mem 0x0000000000100000-0x00000000dffeffff] usable
Oct 31 18:51:49 rich-VirtualBox kernel: [    0.000000] BIOS-e820: [mem 0x00000000dfff0000-0x00000000dfffffff] ACPI data
Oct 31 18:51:49 rich-VirtualBox kernel: [    0.000000] BIOS-e820: [mem 0x00000000fec00000-0x00000000fec00fff] reserved
Oct 31 18:51:49 rich-VirtualBox kernel: [    0.000000] BIOS-e820: [mem 0x00000000fee00000-0x00000000fee00fff] reserved
Oct 31 18:51:49 rich-VirtualBox kernel: [    0.000000] BIOS-e820: [mem 0x00000000fffc0000-0x00000000ffffffff] reserved
Oct 31 18:51:49 rich-VirtualBox kernel: [    0.000000] BIOS-e820: [mem 0x0000000100000000-0x000000015d5fffff] usable
Oct 31 18:51:49 rich-VirtualBox kernel: [    0.000000] NX (Execute Disable) protection: active
Oct 31 18:51:49 rich-VirtualBox kernel: [    0.000000] SMBIOS 2.5 present.
Oct 31 18:51:49 rich-VirtualBox kernel: [    0.000000] DMI: innotek GmbH VirtualBox/VirtualBox, BIOS VirtualBox 12/01/2006
Oct 31 18:51:49 rich-VirtualBox kernel: [    0.000000] Hypervisor detected: KVM
Oct 31 18:51:49 rich-VirtualBox kernel: [    0.000000] e820: update [mem 0x00000000-0x00000fff] usable ==> reserved
Oct 31 18:51:49 rich-VirtualBox kernel: [    0.000000] e820: remove [mem 0x000a0000-0x000fffff] usable
Oct 31 18:51:49 rich-VirtualBox kernel: [    0.000000] e820: last_pfn = 0x15d600 max_arch_pfn = 0x400000000
Oct 31 18:51:49 rich-VirtualBox kernel: [    0.000000] MTRR default type: uncachable
Oct 31 18:51:49 rich-VirtualBox kernel: [    0.000000] MTRR variable ranges disabled:
Oct 31 18:51:49 rich-VirtualBox kernel: [    0.000000] MTRR: Disabled
Oct 31 18:51:49 rich-VirtualBox kernel: [    0.000000] x86/PAT: MTRRs disabled, skipping PAT initialization too.
Oct 31 18:51:49 rich-VirtualBox kernel: [    0.000000] CPU MTRRs all blank - virtualized system.
Oct 31 18:51:49 rich-VirtualBox kernel: [    0.000000] x86/PAT: Configuration [0-7]: WB  WT  UC- UC  WB  WT  UC- UC  
Oct 31 18:51:49 rich-VirtualBox kernel: [    0.000000] e820: last_pfn = 0xdfff0 max_arch_pfn = 0x400000000
Oct 31 18:51:49 rich-VirtualBox kernel: [    0.000000] Scanning 1 areas for low memory corruption
Oct 31 18:51:49 rich-VirtualBox kernel: [    0.000000] Base memory trampoline at [        (ptrval)] 99000 size 24576
Oct 31 18:51:49 rich-VirtualBox kernel: [    0.000000] BRK [0x15033f000, 0x15033ffff] PGTABLE
Oct 31 18:51:49 rich-VirtualBox kernel: [    0.000000] BRK [0x150340000, 0x150340fff] PGTABLE
Oct 31 18:51:49 rich-VirtualBox kernel: [    0.000000] BRK [0x150341000, 0x150341fff] PGTABLE
Oct 31 18:51:49 rich-VirtualBox kernel: [    0.000000] BRK [0x150342000, 0x150342fff] PGTABLE
Oct 31 18:51:49 rich-VirtualBox kernel: [    0.000000] BRK [0x150343000, 0x150343fff] PGTABLE
Oct 31 18:51:49 rich-VirtualBox kernel: [    0.000000] BRK [0x150344000, 0x150344fff] PGTABLE
Oct 31 18:51:49 rich-VirtualBox kernel: [    0.000000] BRK [0x150345000, 0x150345fff] PGTABLE
Oct 31 18:51:49 rich-VirtualBox kernel: [    0.000000] BRK [0x150346000, 0x150346fff] PGTABLE
Oct 31 18:51:49 rich-VirtualBox kernel: [    0.000000] BRK [0x150347000, 0x150347fff] PGTABLE
Oct 31 18:51:49 rich-VirtualBox kernel: [    0.000000] BRK [0x150348000, 0x150348fff] PGTABLE
Oct 31 18:51:49 rich-VirtualBox kernel: [    0.000000] RAMDISK: [mem 0x318d1000-0x34c5ffff]
Oct 31 18:51:49 rich-VirtualBox kernel: [    0.000000] ACPI: Early table checksum verification disabled
Oct 31 18:51:49 rich-VirtualBox kernel: [    0.000000] ACPI: RSDP 0x00000000000E0000 000024 (v02 VBOX  )
Oct 31 18:51:49 rich-VirtualBox kernel: [    0.000000] ACPI: XSDT 0x00000000DFFF0030 000034 (v01 VBOX   VBOXXSDT 00000001 ASL  00000061)
Oct 31 18:51:49 rich-VirtualBox kernel: [    0.000000] ACPI: FACP 0x00000000DFFF00F0 0000F4 (v04 VBOX   VBOXFACP 00000001 ASL  00000061)
Oct 31 18:51:49 rich-VirtualBox kernel: [    0.000000] ACPI: DSDT 0x00000000DFFF0410 0021FF (v02 VBOX   VBOXBIOS 00000002 INTL 20100528)
Oct 31 18:51:49 rich-VirtualBox kernel: [    0.000000] ACPI: FACS 0x00000000DFFF0200 000040
Oct 31 18:51:49 rich-VirtualBox kernel: [    0.000000] ACPI: FACS 0x00000000DFFF0200 000040
Oct 31 18:51:49 rich-VirtualBox kernel: [    0.000000] ACPI: SSDT 0x00000000DFFF0240 0001CC (v01 VBOX   VBOXCPUT 00000002 INTL 20100528)
Oct 31 18:51:49 rich-VirtualBox kernel: [    0.000000] No NUMA configuration found
Oct 31 18:51:49 rich-VirtualBox kernel: [    0.000000] Faking a node at [mem 0x0000000000000000-0x000000015d5fffff]
Oct 31 18:51:49 rich-VirtualBox kernel: [    0.000000] NODE_DATA(0) allocated [mem 0x15d5d5000-0x15d5fffff]
Oct 31 18:51:49 rich-VirtualBox kernel: [    0.000000] kvm-clock: cpu 0, msr 1:5d554001, primary cpu clock
Oct 31 18:51:49 rich-VirtualBox kernel: [    0.000000] kvm-clock: Using msrs 4b564d01 and 4b564d00
Oct 31 18:51:49 rich-VirtualBox kernel: [    0.000000] kvm-clock: using sched offset of 15235274931 cycles
Oct 31 18:51:49 rich-VirtualBox kernel: [    0.000000] clocksource: kvm-clock: mask: 0xffffffffffffffff max_cycles: 0x1cd42e4dffb, max_idle_ns: 881590591483 ns
Oct 31 18:51:49 rich-VirtualBox kernel: [    0.000000] Zone ranges:
Oct 31 18:51:49 rich-VirtualBox kernel: [    0.000000]   DMA      [mem 0x0000000000001000-0x0000000000ffffff]
Oct 31 18:51:49 rich-VirtualBox kernel: [    0.000000]   DMA32    [mem 0x0000000001000000-0x00000000ffffffff]
Oct 31 18:51:49 rich-VirtualBox kernel: [    0.000000]   Normal   [mem 0x0000000100000000-0x000000015d5fffff]
Oct 31 18:51:49 rich-VirtualBox kernel: [    0.000000]   Device   empty
Oct 31 18:51:49 rich-VirtualBox kernel: [    0.000000] Movable zone start for each node
Oct 31 18:51:49 rich-VirtualBox kernel: [    0.000000] Early memory node ranges
Oct 31 18:51:49 rich-VirtualBox kernel: [    0.000000]   node   0: [mem 0x0000000000001000-0x000000000009efff]
Oct 31 18:51:49 rich-VirtualBox kernel: [    0.000000]   node   0: [mem 0x0000000000100000-0x00000000dffeffff]
Oct 31 18:51:49 rich-VirtualBox kernel: [    0.000000]   node   0: [mem 0x0000000100000000-0x000000015d5fffff]
Oct 31 18:51:49 rich-VirtualBox kernel: [    0.000000] Initmem setup node 0 [mem 0x0000000000001000-0x000000015d5fffff]
Oct 31 18:51:49 rich-VirtualBox kernel: [    0.000000] On node 0 totalpages: 1299854
Oct 31 18:51:49 rich-VirtualBox kernel: [    0.000000]   DMA zone: 64 pages used for memmap
Oct 31 18:51:49 rich-VirtualBox kernel: [    0.000000]   DMA zone: 21 pages reserved
Oct 31 18:51:49 rich-VirtualBox kernel: [    0.000000]   DMA zone: 3998 pages, LIFO batch:0
Oct 31 18:51:49 rich-VirtualBox kernel: [    0.000000]   DMA32 zone: 14272 pages used for memmap
Oct 31 18:51:49 rich-VirtualBox kernel: [    0.000000]   DMA32 zone: 913392 pages, LIFO batch:31
Oct 31 18:51:49 rich-VirtualBox kernel: [    0.000000]   Normal zone: 5976 pages used for memmap
Oct 31 18:51:49 rich-VirtualBox kernel: [    0.000000]   Normal zone: 382464 pages, LIFO batch:31
Oct 31 18:51:49 rich-VirtualBox kernel: [    0.000000] Reserved but unavailable: 98 pages
Oct 31 18:51:49 rich-VirtualBox kernel: [    0.000000] ACPI: PM-Timer IO Port: 0x4008
Oct 31 18:51:49 rich-VirtualBox kernel: [    0.000000] smpboot: Boot CPU (id 0) not listed by BIOS
Oct 31 18:51:49 rich-VirtualBox kernel: [    0.000000] smpboot: Allowing 1 CPUs, 0 hotplug CPUs
Oct 31 18:51:49 rich-VirtualBox kernel: [    0.000000] PM: Registered nosave memory: [mem 0x00000000-0x00000fff]
Oct 31 18:51:49 rich-VirtualBox kernel: [    0.000000] PM: Registered nosave memory: [mem 0x0009f000-0x0009ffff]
Oct 31 18:51:49 rich-VirtualBox kernel: [    0.000000] PM: Registered nosave memory: [mem 0x000a0000-0x000effff]
Oct 31 18:51:49 rich-VirtualBox kernel: [    0.000000] PM: Registered nosave memory: [mem 0x000f0000-0x000fffff]
Oct 31 18:51:49 rich-VirtualBox kernel: [    0.000000] PM: Registered nosave memory: [mem 0xdfff0000-0xdfffffff]
Oct 31 18:51:49 rich-VirtualBox kernel: [    0.000000] PM: Registered nosave memory: [mem 0xe0000000-0xfebfffff]
Oct 31 18:51:49 rich-VirtualBox kernel: [    0.000000] PM: Registered nosave memory: [mem 0xfec00000-0xfec00fff]
Oct 31 18:51:49 rich-VirtualBox kernel: [    0.000000] PM: Registered nosave memory: [mem 0xfec01000-0xfedfffff]
Oct 31 18:51:49 rich-VirtualBox kernel: [    0.000000] PM: Registered nosave memory: [mem 0xfee00000-0xfee00fff]
Oct 31 18:51:49 rich-VirtualBox kernel: [    0.000000] PM: Registered nosave memory: [mem 0xfee01000-0xfffbffff]
Oct 31 18:51:49 rich-VirtualBox kernel: [    0.000000] PM: Registered nosave memory: [mem 0xfffc0000-0xffffffff]
Oct 31 18:51:49 rich-VirtualBox kernel: [    0.000000] e820: [mem 0xe0000000-0xfebfffff] available for PCI devices
Oct 31 18:51:49 rich-VirtualBox kernel: [    0.000000] Booting paravirtualized kernel on KVM
Oct 31 18:51:49 rich-VirtualBox kernel: [    0.000000] clocksource: refined-jiffies: mask: 0xffffffff max_cycles: 0xffffffff, max_idle_ns: 7645519600211568 ns
Oct 31 18:51:49 rich-VirtualBox kernel: [    0.000000] random: get_random_bytes called from start_kernel+0x99/0x4fd with crng_init=0
Oct 31 18:51:49 rich-VirtualBox kernel: [    0.000000] setup_percpu: NR_CPUS:8192 nr_cpumask_bits:1 nr_cpu_ids:1 nr_node_ids:1
Oct 31 18:51:49 rich-VirtualBox kernel: [    0.000000] percpu: Embedded 46 pages/cpu @        (ptrval) s151552 r8192 d28672 u2097152
Oct 31 18:51:49 rich-VirtualBox kernel: [    0.000000] pcpu-alloc: s151552 r8192 d28672 u2097152 alloc=1*2097152
Oct 31 18:51:49 rich-VirtualBox kernel: [    0.000000] pcpu-alloc: [0] 0 
Oct 31 18:51:49 rich-VirtualBox kernel: [    0.000000] PV qspinlock hash table entries: 256 (order: 0, 4096 bytes)
Oct 31 18:51:49 rich-VirtualBox kernel: [    0.000000] Built 1 zonelists, mobility grouping on.  Total pages: 1279521
Oct 31 18:51:49 rich-VirtualBox kernel: [    0.000000] Policy zone: Normal
Oct 31 18:51:49 rich-VirtualBox kernel: [    0.000000] Kernel command line: BOOT_IMAGE=/boot/vmlinuz-4.15.0-29-generic root=UUID=83d9050c-68f3-4421-b412-3dd7f133f9c1 ro quiet splash
Oct 31 18:51:49 rich-VirtualBox kernel: [    0.000000] Calgary: detecting Calgary via BIOS EBDA area
Oct 31 18:51:49 rich-VirtualBox kernel: [    0.000000] Calgary: Unable to locate Rio Grande table in EBDA - bailing!
Oct 31 18:51:49 rich-VirtualBox kernel: [    0.000000] Memory: 4969780K/5199416K available (12300K kernel code, 2470K rwdata, 4240K rodata, 2408K init, 2416K bss, 229636K reserved, 0K cma-reserved)
Oct 31 18:51:49 rich-VirtualBox kernel: [    0.000000] SLUB: HWalign=64, Order=0-3, MinObjects=0, CPUs=1, Nodes=1
Oct 31 18:51:49 rich-VirtualBox kernel: [    0.000000] Kernel/User page tables isolation: enabled
Oct 31 18:51:49 rich-VirtualBox kernel: [    0.000000] ftrace: allocating 39092 entries in 153 pages
Oct 31 18:51:49 rich-VirtualBox kernel: [    0.004000] Hierarchical RCU implementation.
Oct 31 18:51:49 rich-VirtualBox kernel: [    0.004000] 	RCU restricting CPUs from NR_CPUS=8192 to nr_cpu_ids=1.
Oct 31 18:51:49 rich-VirtualBox kernel: [    0.004000] 	Tasks RCU enabled.
Oct 31 18:51:49 rich-VirtualBox kernel: [    0.004000] RCU: Adjusting geometry for rcu_fanout_leaf=16, nr_cpu_ids=1
Oct 31 18:51:49 rich-VirtualBox kernel: [    0.004000] NR_IRQS: 524544, nr_irqs: 32, preallocated irqs: 16
Oct 31 18:51:49 rich-VirtualBox kernel: [    0.004000] Console: colour VGA+ 80x25
Oct 31 18:51:49 rich-VirtualBox kernel: [    0.004000] console [tty0] enabled
Oct 31 18:51:49 rich-VirtualBox kernel: [    0.004000] ACPI: Core revision 20170831
Oct 31 18:51:49 rich-VirtualBox kernel: [    0.004000] ACPI: 2 ACPI AML tables successfully acquired and loaded
Oct 31 18:51:49 rich-VirtualBox kernel: [    0.004000] ACPI: setting ELCR to 0200 (from 0e00)
