Oct 31 17:36:09 rich-VirtualBox rsyslogd:  [origin software="rsyslogd" swVersion="8.32.0" x-pid="23117" x-info="http://www.rsyslog.com"] rsyslogd was HUPed
Oct 31 17:36:11 rich-VirtualBox anacron[30848]: Job `cron.daily' terminated
Oct 31 17:36:11 rich-VirtualBox anacron[30848]: Normal exit (1 job run)
Oct 31 17:39:01 rich-VirtualBox CRON[31194]: (root) CMD (  [ -x /usr/lib/php/sessionclean ] && if [ ! -d /run/systemd/system ]; then /usr/lib/php/sessionclean; fi)
Oct 31 17:39:52 rich-VirtualBox systemd[1]: Starting Clean php session files...
Oct 31 17:39:52 rich-VirtualBox systemd[1]: Started Clean php session files.
Oct 31 17:51:22 rich-VirtualBox systemd-resolved[254]: Server returned error NXDOMAIN, mitigating potential DNS violation DVE-2018-0001, retrying transaction with reduced feature level UDP.
Oct 31 17:51:22 rich-VirtualBox systemd-resolved[254]: Server returned error NXDOMAIN, mitigating potential DNS violation DVE-2018-0001, retrying transaction with reduced feature level UDP.
Oct 31 17:51:39 rich-VirtualBox /usr/lib/gdm3/gdm-x-session[2403]: (II) modeset(0): EDID vendor "VBX", prod id 0
Oct 31 17:51:39 rich-VirtualBox /usr/lib/gdm3/gdm-x-session[2403]: (II) modeset(0): DDCModeFromDetailedTiming: 1600x900 Warning: We only handle separate sync.
Oct 31 17:51:39 rich-VirtualBox /usr/lib/gdm3/gdm-x-session[2403]: (II) modeset(0): Using hsync ranges from config file
Oct 31 17:51:39 rich-VirtualBox /usr/lib/gdm3/gdm-x-session[2403]: (II) modeset(0): Using vrefresh ranges from config file
Oct 31 17:51:39 rich-VirtualBox /usr/lib/gdm3/gdm-x-session[2403]: (II) modeset(0): Allocate new frame buffer 1600x900 stride
Oct 31 17:51:40 rich-VirtualBox /usr/lib/gdm3/gdm-x-session[2403]: (II) modeset(0): EDID vendor "VBX", prod id 0
Oct 31 17:51:40 rich-VirtualBox /usr/lib/gdm3/gdm-x-session[2403]: (II) modeset(0): DDCModeFromDetailedTiming: 1600x900 Warning: We only handle separate sync.
Oct 31 17:51:40 rich-VirtualBox /usr/lib/gdm3/gdm-x-session[2403]: (II) modeset(0): Using hsync ranges from config file
Oct 31 17:51:40 rich-VirtualBox /usr/lib/gdm3/gdm-x-session[2403]: (II) modeset(0): Using vrefresh ranges from config file
Oct 31 17:51:40 rich-VirtualBox gsd-color[2702]: no xrandr-VBOX monitor-40305712 device found: Failed to find output xrandr-VBOX monitor-40305712
Oct 31 17:51:40 rich-VirtualBox gsd-color[2702]: no xrandr-VBOX monitor-40305712 device found: Failed to find output xrandr-VBOX monitor-40305712
Oct 31 18:02:19 rich-VirtualBox systemd-resolved[254]: Server returned error NXDOMAIN, mitigating potential DNS violation DVE-2018-0001, retrying transaction with reduced feature level UDP.
Oct 31 18:02:19 rich-VirtualBox systemd-resolved[254]: Server returned error NXDOMAIN, mitigating potential DNS violation DVE-2018-0001, retrying transaction with reduced feature level UDP.
Oct 31 18:04:34 rich-VirtualBox systemd[1]: Started Run anacron jobs.
Oct 31 18:04:34 rich-VirtualBox anacron[31620]: Anacron 2.3 started on 2018-10-31
Oct 31 18:04:34 rich-VirtualBox anacron[31620]: Normal exit (0 jobs run)
Oct 31 18:05:48 rich-VirtualBox systemd-resolved[254]: Server returned error NXDOMAIN, mitigating potential DNS violation DVE-2018-0001, retrying transaction with reduced feature level UDP.
Oct 31 18:08:08 rich-VirtualBox systemd-resolved[254]: message repeated 3 times: [ Server returned error NXDOMAIN, mitigating potential DNS violation DVE-2018-0001, retrying transaction with reduced feature level UDP.]
Oct 31 18:08:14 rich-VirtualBox nagios3: Auto-save of retention data completed successfully.
Oct 31 18:09:01 rich-VirtualBox CRON[31699]: (root) CMD (  [ -x /usr/lib/php/sessionclean ] && if [ ! -d /run/systemd/system ]; then /usr/lib/php/sessionclean; fi)
Oct 31 18:09:14 rich-VirtualBox systemd[1]: Starting Clean php session files...
Oct 31 18:09:14 rich-VirtualBox systemd[1]: Started Clean php session files.
Oct 31 18:10:28 rich-VirtualBox systemd-resolved[254]: Server returned error NXDOMAIN, mitigating potential DNS violation DVE-2018-0001, retrying transaction with reduced feature level UDP.
Oct 31 18:16:18 rich-VirtualBox systemd-resolved[254]: message repeated 5 times: [ Server returned error NXDOMAIN, mitigating potential DNS violation DVE-2018-0001, retrying transaction with reduced feature level UDP.]
Oct 31 18:17:02 rich-VirtualBox CRON[31875]: (root) CMD (   cd / && run-parts --report /etc/cron.hourly)
Oct 31 18:24:28 rich-VirtualBox systemd-resolved[254]: Server returned error NXDOMAIN, mitigating potential DNS violation DVE-2018-0001, retrying transaction with reduced feature level UDP.
Oct 31 18:24:28 rich-VirtualBox systemd-resolved[254]: message repeated 3 times: [ Server returned error NXDOMAIN, mitigating potential DNS violation DVE-2018-0001, retrying transaction with reduced feature level UDP.]
Oct 31 18:25:31 rich-VirtualBox gnome-software[2763]: no app for changed ubuntu-dock@ubuntu.com
Oct 31 18:25:35 rich-VirtualBox gnome-shell[2563]: Object .Gjs_AppIndicatorIconActor__1 (0x55883fbbad20), has been already finalized. Impossible to set any property to it.
Oct 31 18:25:36 rich-VirtualBox org.gnome.Shell.desktop[2563]: == Stack trace for context 0x55883e006320 ==
Oct 31 18:25:36 rich-VirtualBox org.gnome.Shell.desktop[2563]: #0 0x7ffed17339c0 I   resource:///org/gnome/gjs/modules/_legacy.js:83 (0x7fedf5bb5de0 @ 87)
Oct 31 18:25:37 rich-VirtualBox org.gnome.Shell.desktop[2563]: #1 0x55883e40ef08 i   /usr/share/gnome-shell/extensions/ubuntu-appindicators@ubuntu.com/indicatorStatusIcon.js:93 (0x7fededbbc098 @ 58)
Oct 31 18:25:37 rich-VirtualBox org.gnome.Shell.desktop[2563]: #2 0x7ffed17345a0 I   resource:///org/gnome/gjs/modules/_legacy.js:82 (0x7fedf5bb5de0 @ 71)
Oct 31 18:25:37 rich-VirtualBox org.gnome.Shell.desktop[2563]: #3 0x7ffed1734660 b   self-hosted:915 (0x7fedf5bf12b8 @ 367)
Oct 31 18:25:37 rich-VirtualBox org.gnome.Shell.desktop[2563]: #4 0x7ffed1734750 b   resource:///org/gnome/gjs/modules/signals.js:128 (0x7fedf5bd3230 @ 386)
Oct 31 18:25:37 rich-VirtualBox org.gnome.Shell.desktop[2563]: #5 0x55883e40ee80 i   /usr/share/gnome-shell/extensions/ubuntu-appindicators@ubuntu.com/appIndicator.js:190 (0x7fededba6cd0 @ 22)
Oct 31 18:25:37 rich-VirtualBox org.gnome.Shell.desktop[2563]: #6 0x7ffed17353a0 I   resource:///org/gnome/gjs/modules/_legacy.js:82 (0x7fedf5bb5de0 @ 71)
Oct 31 18:25:38 rich-VirtualBox org.gnome.Shell.desktop[2563]: #7 0x55883e40edd8 i   /usr/share/gnome-shell/extensions/ubuntu-appindicators@ubuntu.com/statusNotifierWatcher.js:219 (0x7fededba6340 @ 225)
Oct 31 18:25:38 rich-VirtualBox org.gnome.Shell.desktop[2563]: #8 0x7ffed1735f80 I   resource:///org/gnome/gjs/modules/_legacy.js:82 (0x7fedf5bb5de0 @ 71)
Oct 31 18:25:38 rich-VirtualBox org.gnome.Shell.desktop[2563]: #9 0x55883e40ed60 i   /usr/share/gnome-shell/extensions/ubuntu-appindicators@ubuntu.com/extension.js:61 (0x7fededb9a4d8 @ 37)
Oct 31 18:25:38 rich-VirtualBox org.gnome.Shell.desktop[2563]: #10 0x55883e40eca0 i   resource:///org/gnome/shell/ui/extensionSystem.js:82 (0x7fedf5a5a120 @ 431)
Oct 31 18:25:38 rich-VirtualBox org.gnome.Shell.desktop[2563]: #11 0x55883e40ec20 i   resource:///org/gnome/shell/ui/extensionSystem.js:344 (0x7fedf5a5abc0 @ 13)
Oct 31 18:25:38 rich-VirtualBox org.gnome.Shell.desktop[2563]: #12 0x7ffed1736c80 b   self-hosted:251 (0x7fedf5bc3ab0 @ 223)
Oct 31 18:25:38 rich-VirtualBox org.gnome.Shell.desktop[2563]: #13 0x55883e40eba0 i   resource:///org/gnome/shell/ui/extensionSystem.js:343 (0x7fedf5a5ab38 @ 64)
Oct 31 18:25:38 rich-VirtualBox org.gnome.Shell.desktop[2563]: #14 0x55883e40eb20 i   resource:///org/gnome/shell/ui/extensionSystem.js:361 (0x7fedf5a5ac48 @ 87)
Oct 31 18:25:38 rich-VirtualBox org.gnome.Shell.desktop[2563]: #15 0x7ffed1738180 b   resource:///org/gnome/gjs/modules/signals.js:128 (0x7fedf5bd3230 @ 386)
Oct 31 18:25:38 rich-VirtualBox org.gnome.Shell.desktop[2563]: #16 0x7ffed1738990 b   resource:///org/gnome/shell/ui/sessionMode.js:205 (0x7fedf596d670 @ 254)
Oct 31 18:25:38 rich-VirtualBox org.gnome.Shell.desktop[2563]: #17 0x7ffed1739d80 b   resource:///org/gnome/gjs/modules/_legacy.js:82 (0x7fedf5bb5de0 @ 71)
Oct 31 18:25:38 rich-VirtualBox org.gnome.Shell.desktop[2563]: #18 0x55883e40e9e0 i   resource:///org/gnome/shell/ui/sessionMode.js:167 (0x7fedf596d450 @ 40)
Oct 31 18:25:38 rich-VirtualBox org.gnome.Shell.desktop[2563]: #19 0x7ffed173b0e0 b   resource:///org/gnome/gjs/modules/_legacy.js:82 (0x7fedf5bb5de0 @ 71)
Oct 31 18:25:39 rich-VirtualBox gnome-software[2763]: no app for changed ubuntu-appindicators@ubuntu.com
Oct 31 18:25:39 rich-VirtualBox org.gnome.Shell.desktop[2563]: #20 0x55883e40e938 i   resource:///org/gnome/shell/ui/screenShield.js:1282 (0x7fedf5950bc0 @ 188)
Oct 31 18:25:39 rich-VirtualBox org.gnome.Shell.desktop[2563]: #21 0x7ffed173c440 b   resource:///org/gnome/gjs/modules/_legacy.js:82 (0x7fedf5bb5de0 @ 71)
Oct 31 18:25:39 rich-VirtualBox org.gnome.Shell.desktop[2563]: #22 0x55883e40e8b0 i   resource:///org/gnome/shell/ui/screenShield.js:902 (0x7fedf594fcd0 @ 18)
Oct 31 18:25:39 rich-VirtualBox org.gnome.Shell.desktop[2563]: #23 0x7ffed173d7a0 b   resource:///org/gnome/gjs/modules/_legacy.js:82 (0x7fedf5bb5de0 @ 71)
Oct 31 18:25:39 rich-VirtualBox org.gnome.Shell.desktop[2563]: #24 0x7ffed173dfb0 b   self-hosted:915 (0x7fedf5bf12b8 @ 367)
Oct 31 18:25:39 rich-VirtualBox org.gnome.Shell.desktop[2563]: #25 0x7ffed173ee00 b   resource:///org/gnome/gjs/modules/signals.js:128 (0x7fedf5bd3230 @ 386)
Oct 31 18:25:39 rich-VirtualBox org.gnome.Shell.desktop[2563]: #26 0x55883e40e830 i   resource:///org/gnome/shell/ui/lightbox.js:186 (0x7fedf5a38890 @ 29)
Oct 31 18:25:39 rich-VirtualBox org.gnome.Shell.desktop[2563]: #27 0x55883e40e7a8 i   resource:///org/gnome/shell/ui/tweener.js:113 (0x7fedf5bc7e68 @ 37)
Oct 31 18:25:39 rich-VirtualBox org.gnome.Shell.desktop[2563]: #28 0x55883e40e708 i   resource:///org/gnome/gjs/modules/tweener/tweener.js:208 (0x7fedf5bd3b38 @ 54)
Oct 31 18:25:39 rich-VirtualBox org.gnome.Shell.desktop[2563]: #29 0x55883e40e5e8 i   resource:///org/gnome/gjs/modules/tweener/tweener.js:337 (0x7fedf5bd3bc0 @ 1626)
Oct 31 18:25:39 rich-VirtualBox org.gnome.Shell.desktop[2563]: #30 0x55883e40e558 i   resource:///org/gnome/gjs/modules/tweener/tweener.js:350 (0x7fedf5bd3c48 @ 100)
Oct 31 18:25:39 rich-VirtualBox org.gnome.Shell.desktop[2563]: #31 0x55883e40e4e0 i   resource:///org/gnome/gjs/modules/tweener/tweener.js:365 (0x7fedf5bd3cd0 @ 10)
Oct 31 18:25:39 rich-VirtualBox org.gnome.Shell.desktop[2563]: #32 0x7ffed1741da0 b   resource:///org/gnome/gjs/modules/signals.js:128 (0x7fedf5bd3230 @ 386)
Oct 31 18:25:40 rich-VirtualBox org.gnome.Shell.desktop[2563]: #33 0x55883e40e450 i   resource:///org/gnome/shell/ui/tweener.js:245 (0x7fedf5bcf808 @ 159)
Oct 31 18:25:40 rich-VirtualBox org.gnome.Shell.desktop[2563]: #34 0x7ffed1743100 b   resource:///org/gnome/gjs/modules/_legacy.js:82 (0x7fedf5bb5de0 @ 71)
Oct 31 18:25:40 rich-VirtualBox org.gnome.Shell.desktop[2563]: #35 0x55883e40e3d0 i   resource:///org/gnome/shell/ui/tweener.js:220 (0x7fedf5bcf780 @ 15)
Oct 31 18:27:24 rich-VirtualBox gnome-software[2763]: no app for changed ubuntu-dock@ubuntu.com
Oct 31 18:27:24 rich-VirtualBox gnome-software[2763]: no app for changed ubuntu-appindicators@ubuntu.com
Oct 31 18:27:24 rich-VirtualBox gnome-shell[2563]: [AppIndicatorSupport-DEBUG] Registering StatusNotifierItem :1.63/org/ayatana/NotificationItem/software_update_available
Oct 31 18:27:25 rich-VirtualBox gvfsd-metadata[2851]: g_udev_device_has_property: assertion 'G_UDEV_IS_DEVICE (device)' failed
Oct 31 18:27:26 rich-VirtualBox gvfsd-metadata[2851]: g_udev_device_has_property: assertion 'G_UDEV_IS_DEVICE (device)' failed
Oct 31 18:29:08 rich-VirtualBox systemd-resolved[254]: Server returned error NXDOMAIN, mitigating potential DNS violation DVE-2018-0001, retrying transaction with reduced feature level UDP.
Oct 31 18:29:08 rich-VirtualBox systemd-resolved[254]: Server returned error NXDOMAIN, mitigating potential DNS violation DVE-2018-0001, retrying transaction with reduced feature level UDP.
Oct 31 18:32:40 rich-VirtualBox systemd-resolved[254]: Server returned error NXDOMAIN, mitigating potential DNS violation DVE-2018-0001, retrying transaction with reduced feature level UDP.
Oct 31 18:32:40 rich-VirtualBox systemd-resolved[254]: Server returned error NXDOMAIN, mitigating potential DNS violation DVE-2018-0001, retrying transaction with reduced feature level UDP.
Oct 31 18:34:07 rich-VirtualBox systemd-resolved[254]: Server returned error NXDOMAIN, mitigating potential DNS violation DVE-2018-0001, retrying transaction with reduced feature level UDP.
Oct 31 18:34:07 rich-VirtualBox systemd-resolved[254]: Server returned error NXDOMAIN, mitigating potential DNS violation DVE-2018-0001, retrying transaction with reduced feature level UDP.
Oct 31 18:36:54 rich-VirtualBox /usr/lib/gdm3/gdm-x-session[2403]: (II) modeset(0): EDID vendor "VBX", prod id 0
Oct 31 18:36:54 rich-VirtualBox /usr/lib/gdm3/gdm-x-session[2403]: (II) modeset(0): DDCModeFromDetailedTiming: 1600x835 Warning: We only handle separate sync.
Oct 31 18:36:54 rich-VirtualBox /usr/lib/gdm3/gdm-x-session[2403]: (II) modeset(0): Using hsync ranges from config file
Oct 31 18:36:54 rich-VirtualBox /usr/lib/gdm3/gdm-x-session[2403]: (II) modeset(0): Using vrefresh ranges from config file
Oct 31 18:36:55 rich-VirtualBox /usr/lib/gdm3/gdm-x-session[2403]: (II) modeset(0): Allocate new frame buffer 1600x835 stride
Oct 31 18:36:55 rich-VirtualBox /usr/lib/gdm3/gdm-x-session[2403]: (II) modeset(0): EDID vendor "VBX", prod id 0
Oct 31 18:36:55 rich-VirtualBox /usr/lib/gdm3/gdm-x-session[2403]: (II) modeset(0): DDCModeFromDetailedTiming: 1600x835 Warning: We only handle separate sync.
Oct 31 18:36:55 rich-VirtualBox /usr/lib/gdm3/gdm-x-session[2403]: (II) modeset(0): Using hsync ranges from config file
Oct 31 18:36:55 rich-VirtualBox /usr/lib/gdm3/gdm-x-session[2403]: (II) modeset(0): Using vrefresh ranges from config file
Oct 31 18:36:55 rich-VirtualBox gsd-color[2702]: no xrandr-VBOX monitor-40305712 device found: Failed to find output xrandr-VBOX monitor-40305712
Oct 31 18:36:55 rich-VirtualBox gsd-color[2702]: message repeated 2 times: [ no xrandr-VBOX monitor-40305712 device found: Failed to find output xrandr-VBOX monitor-40305712]
Oct 31 18:37:20 rich-VirtualBox systemd-resolved[254]: Server returned error NXDOMAIN, mitigating potential DNS violation DVE-2018-0001, retrying transaction with reduced feature level UDP.
Oct 31 18:51:49 rich-VirtualBox kernel: [    0.000000] Linux version 4.15.0-29-generic (buildd@lgw01-amd64-057) (gcc version 7.3.0 (Ubuntu 7.3.0-16ubuntu3)) #31-Ubuntu SMP Tue Jul 17 15:39:52 UTC 2018 (Ubuntu 4.15.0-29.31-generic 4.15.18)
Oct 31 18:51:49 rich-VirtualBox kernel: [    0.000000] Command line: BOOT_IMAGE=/boot/vmlinuz-4.15.0-29-generic root=UUID=83d9050c-68f3-4421-b412-3dd7f133f9c1 ro quiet splash
Oct 31 18:51:49 rich-VirtualBox kernel: [    0.000000] KERNEL supported cpus:
Oct 31 18:51:49 rich-VirtualBox kernel: [    0.000000]   Intel GenuineIntel
Oct 31 18:51:49 rich-VirtualBox kernel: [    0.000000]   AMD AuthenticAMD
Oct 31 18:51:49 rich-VirtualBox kernel: [    0.000000]   Centaur CentaurHauls
Oct 31 18:51:49 rich-VirtualBox kernel: [    0.000000] x86/fpu: Supporting XSAVE feature 0x001: 'x87 floating point registers'
Oct 31 18:51:49 rich-VirtualBox kernel: [    0.000000] x86/fpu: Supporting XSAVE feature 0x002: 'SSE registers'
Oct 31 18:51:49 rich-VirtualBox kernel: [    0.000000] x86/fpu: Supporting XSAVE feature 0x004: 'AVX registers'
Oct 31 18:51:49 rich-VirtualBox kernel: [    0.000000] x86/fpu: xstate_offset[2]:  576, xstate_sizes[2]:  256
Oct 31 18:51:49 rich-VirtualBox kernel: [    0.000000] x86/fpu: Enabled xstate features 0x7, context size is 832 bytes, using 'standard' format.
Oct 31 18:51:49 rich-VirtualBox kernel: [    0.000000] e820: BIOS-provided physical RAM map:
Oct 31 18:51:49 rich-VirtualBox kernel: [    0.000000] BIOS-e820: [mem 0x0000000000000000-0x000000000009fbff] usable
Oct 31 18:51:49 rich-VirtualBox kernel: [    0.000000] BIOS-e820: [mem 0x000000000009fc00-0x000000000009ffff] reserved
Oct 31 18:51:49 rich-VirtualBox kernel: [    0.000000] BIOS-e820: [mem 0x00000000000f0000-0x00000000000fffff] reserved
Oct 31 18:51:49 rich-VirtualBox kernel: [    0.000000] BIOS-e820: [mem 0x0000000000100000-0x00000000dffeffff] usable
Oct 31 18:51:49 rich-VirtualBox kernel: [    0.000000] BIOS-e820: [mem 0x00000000dfff0000-0x00000000dfffffff] ACPI data
Oct 31 18:51:49 rich-VirtualBox kernel: [    0.000000] BIOS-e820: [mem 0x00000000fec00000-0x00000000fec00fff] reserved
Oct 31 18:51:49 rich-VirtualBox kernel: [    0.000000] BIOS-e820: [mem 0x00000000fee00000-0x00000000fee00fff] reserved
Oct 31 18:51:49 rich-VirtualBox kernel: [    0.000000] BIOS-e820: [mem 0x00000000fffc0000-0x00000000ffffffff] reserved
Oct 31 18:51:49 rich-VirtualBox kernel: [    0.000000] BIOS-e820: [mem 0x0000000100000000-0x000000015d5fffff] usable
Oct 31 18:51:49 rich-VirtualBox kernel: [    0.000000] NX (Execute Disable) protection: active
Oct 31 18:51:49 rich-VirtualBox kernel: [    0.000000] SMBIOS 2.5 present.
Oct 31 18:51:49 rich-VirtualBox kernel: [    0.000000] DMI: innotek GmbH VirtualBox/VirtualBox, BIOS VirtualBox 12/01/2006
Oct 31 18:51:49 rich-VirtualBox kernel: [    0.000000] Hypervisor detected: KVM
Oct 31 18:51:49 rich-VirtualBox kernel: [    0.000000] e820: update [mem 0x00000000-0x00000fff] usable ==> reserved
Oct 31 18:51:49 rich-VirtualBox kernel: [    0.000000] e820: remove [mem 0x000a0000-0x000fffff] usable
Oct 31 18:51:49 rich-VirtualBox kernel: [    0.000000] e820: last_pfn = 0x15d600 max_arch_pfn = 0x400000000
Oct 31 18:51:49 rich-VirtualBox kernel: [    0.000000] MTRR default type: uncachable
Oct 31 18:51:49 rich-VirtualBox kernel: [    0.000000] MTRR variable ranges disabled:
Oct 31 18:51:49 rich-VirtualBox kernel: [    0.000000] MTRR: Disabled
Oct 31 18:51:49 rich-VirtualBox kernel: [    0.000000] x86/PAT: MTRRs disabled, skipping PAT initialization too.
Oct 31 18:51:49 rich-VirtualBox kernel: [    0.000000] CPU MTRRs all blank - virtualized system.
Oct 31 18:51:49 rich-VirtualBox kernel: [    0.000000] x86/PAT: Configuration [0-7]: WB  WT  UC- UC  WB  WT  UC- UC  
Oct 31 18:51:49 rich-VirtualBox kernel: [    0.000000] e820: last_pfn = 0xdfff0 max_arch_pfn = 0x400000000
Oct 31 18:51:49 rich-VirtualBox kernel: [    0.000000] Scanning 1 areas for low memory corruption
Oct 31 18:51:49 rich-VirtualBox kernel: [    0.000000] Base memory trampoline at [        (ptrval)] 99000 size 24576
Oct 31 18:51:49 rich-VirtualBox kernel: [    0.000000] BRK [0x15033f000, 0x15033ffff] PGTABLE
Oct 31 18:51:49 rich-VirtualBox kernel: [    0.000000] BRK [0x150340000, 0x150340fff] PGTABLE
Oct 31 18:51:49 rich-VirtualBox kernel: [    0.000000] BRK [0x150341000, 0x150341fff] PGTABLE
Oct 31 18:51:49 rich-VirtualBox kernel: [    0.000000] BRK [0x150342000, 0x150342fff] PGTABLE
Oct 31 18:51:49 rich-VirtualBox kernel: [    0.000000] BRK [0x150343000, 0x150343fff] PGTABLE
Oct 31 18:51:49 rich-VirtualBox kernel: [    0.000000] BRK [0x150344000, 0x150344fff] PGTABLE
Oct 31 18:51:49 rich-VirtualBox kernel: [    0.000000] BRK [0x150345000, 0x150345fff] PGTABLE
Oct 31 18:51:49 rich-VirtualBox kernel: [    0.000000] BRK [0x150346000, 0x150346fff] PGTABLE
Oct 31 18:51:49 rich-VirtualBox kernel: [    0.000000] BRK [0x150347000, 0x150347fff] PGTABLE
Oct 31 18:51:49 rich-VirtualBox kernel: [    0.000000] BRK [0x150348000, 0x150348fff] PGTABLE
Oct 31 18:51:49 rich-VirtualBox kernel: [    0.000000] RAMDISK: [mem 0x318d1000-0x34c5ffff]
Oct 31 18:51:49 rich-VirtualBox kernel: [    0.000000] ACPI: Early table checksum verification disabled
Oct 31 18:51:49 rich-VirtualBox kernel: [    0.000000] ACPI: RSDP 0x00000000000E0000 000024 (v02 VBOX  )
Oct 31 18:51:49 rich-VirtualBox kernel: [    0.000000] ACPI: XSDT 0x00000000DFFF0030 000034 (v01 VBOX   VBOXXSDT 00000001 ASL  00000061)
Oct 31 18:51:49 rich-VirtualBox kernel: [    0.000000] ACPI: FACP 0x00000000DFFF00F0 0000F4 (v04 VBOX   VBOXFACP 00000001 ASL  00000061)
Oct 31 18:51:49 rich-VirtualBox kernel: [    0.000000] ACPI: DSDT 0x00000000DFFF0410 0021FF (v02 VBOX   VBOXBIOS 00000002 INTL 20100528)
Oct 31 18:51:49 rich-VirtualBox kernel: [    0.000000] ACPI: FACS 0x00000000DFFF0200 000040
Oct 31 18:51:49 rich-VirtualBox kernel: [    0.000000] ACPI: FACS 0x00000000DFFF0200 000040
Oct 31 18:51:49 rich-VirtualBox kernel: [    0.000000] ACPI: SSDT 0x00000000DFFF0240 0001CC (v01 VBOX   VBOXCPUT 00000002 INTL 20100528)
Oct 31 18:51:49 rich-VirtualBox kernel: [    0.000000] No NUMA configuration found
Oct 31 18:51:49 rich-VirtualBox kernel: [    0.000000] Faking a node at [mem 0x0000000000000000-0x000000015d5fffff]
Oct 31 18:51:49 rich-VirtualBox kernel: [    0.000000] NODE_DATA(0) allocated [mem 0x15d5d5000-0x15d5fffff]
Oct 31 18:51:49 rich-VirtualBox kernel: [    0.000000] kvm-clock: cpu 0, msr 1:5d554001, primary cpu clock
Oct 31 18:51:49 rich-VirtualBox kernel: [    0.000000] kvm-clock: Using msrs 4b564d01 and 4b564d00
Oct 31 18:51:49 rich-VirtualBox kernel: [    0.000000] kvm-clock: using sched offset of 15235274931 cycles
Oct 31 18:51:49 rich-VirtualBox kernel: [    0.000000] clocksource: kvm-clock: mask: 0xffffffffffffffff max_cycles: 0x1cd42e4dffb, max_idle_ns: 881590591483 ns
Oct 31 18:51:49 rich-VirtualBox kernel: [    0.000000] Zone ranges:
Oct 31 18:51:49 rich-VirtualBox kernel: [    0.000000]   DMA      [mem 0x0000000000001000-0x0000000000ffffff]
Oct 31 18:51:49 rich-VirtualBox kernel: [    0.000000]   DMA32    [mem 0x0000000001000000-0x00000000ffffffff]
Oct 31 18:51:49 rich-VirtualBox kernel: [    0.000000]   Normal   [mem 0x0000000100000000-0x000000015d5fffff]
Oct 31 18:51:49 rich-VirtualBox kernel: [    0.000000]   Device   empty
Oct 31 18:51:49 rich-VirtualBox kernel: [    0.000000] Movable zone start for each node
Oct 31 18:51:49 rich-VirtualBox kernel: [    0.000000] Early memory node ranges
Oct 31 18:51:49 rich-VirtualBox kernel: [    0.000000]   node   0: [mem 0x0000000000001000-0x000000000009efff]
Oct 31 18:51:49 rich-VirtualBox kernel: [    0.000000]   node   0: [mem 0x0000000000100000-0x00000000dffeffff]
Oct 31 18:51:49 rich-VirtualBox kernel: [    0.000000]   node   0: [mem 0x0000000100000000-0x000000015d5fffff]
Oct 31 18:51:49 rich-VirtualBox kernel: [    0.000000] Initmem setup node 0 [mem 0x0000000000001000-0x000000015d5fffff]
Oct 31 18:51:49 rich-VirtualBox kernel: [    0.000000] On node 0 totalpages: 1299854
Oct 31 18:51:49 rich-VirtualBox kernel: [    0.000000]   DMA zone: 64 pages used for memmap
Oct 31 18:51:49 rich-VirtualBox kernel: [    0.000000]   DMA zone: 21 pages reserved
Oct 31 18:51:49 rich-VirtualBox kernel: [    0.000000]   DMA zone: 3998 pages, LIFO batch:0
Oct 31 18:51:49 rich-VirtualBox kernel: [    0.000000]   DMA32 zone: 14272 pages used for memmap
Oct 31 18:51:49 rich-VirtualBox kernel: [    0.000000]   DMA32 zone: 913392 pages, LIFO batch:31
Oct 31 18:51:49 rich-VirtualBox kernel: [    0.000000]   Normal zone: 5976 pages used for memmap
Oct 31 18:51:49 rich-VirtualBox kernel: [    0.000000]   Normal zone: 382464 pages, LIFO batch:31
Oct 31 18:51:49 rich-VirtualBox kernel: [    0.000000] Reserved but unavailable: 98 pages
Oct 31 18:51:49 rich-VirtualBox kernel: [    0.000000] ACPI: PM-Timer IO Port: 0x4008
Oct 31 18:51:49 rich-VirtualBox kernel: [    0.000000] smpboot: Boot CPU (id 0) not listed by BIOS
Oct 31 18:51:49 rich-VirtualBox kernel: [    0.000000] smpboot: Allowing 1 CPUs, 0 hotplug CPUs
Oct 31 18:51:49 rich-VirtualBox kernel: [    0.000000] PM: Registered nosave memory: [mem 0x00000000-0x00000fff]
Oct 31 18:51:49 rich-VirtualBox kernel: [    0.000000] PM: Registered nosave memory: [mem 0x0009f000-0x0009ffff]
Oct 31 18:51:49 rich-VirtualBox kernel: [    0.000000] PM: Registered nosave memory: [mem 0x000a0000-0x000effff]
Oct 31 18:51:49 rich-VirtualBox kernel: [    0.000000] PM: Registered nosave memory: [mem 0x000f0000-0x000fffff]
Oct 31 18:51:49 rich-VirtualBox kernel: [    0.000000] PM: Registered nosave memory: [mem 0xdfff0000-0xdfffffff]
Oct 31 18:51:49 rich-VirtualBox kernel: [    0.000000] PM: Registered nosave memory: [mem 0xe0000000-0xfebfffff]
Oct 31 18:51:49 rich-VirtualBox kernel: [    0.000000] PM: Registered nosave memory: [mem 0xfec00000-0xfec00fff]
Oct 31 18:51:49 rich-VirtualBox kernel: [    0.000000] PM: Registered nosave memory: [mem 0xfec01000-0xfedfffff]
Oct 31 18:51:49 rich-VirtualBox kernel: [    0.000000] PM: Registered nosave memory: [mem 0xfee00000-0xfee00fff]
Oct 31 18:51:49 rich-VirtualBox kernel: [    0.000000] PM: Registered nosave memory: [mem 0xfee01000-0xfffbffff]
Oct 31 18:51:49 rich-VirtualBox kernel: [    0.000000] PM: Registered nosave memory: [mem 0xfffc0000-0xffffffff]
Oct 31 18:51:49 rich-VirtualBox kernel: [    0.000000] e820: [mem 0xe0000000-0xfebfffff] available for PCI devices
Oct 31 18:51:49 rich-VirtualBox kernel: [    0.000000] Booting paravirtualized kernel on KVM
Oct 31 18:51:49 rich-VirtualBox kernel: [    0.000000] clocksource: refined-jiffies: mask: 0xffffffff max_cycles: 0xffffffff, max_idle_ns: 7645519600211568 ns
Oct 31 18:51:49 rich-VirtualBox kernel: [    0.000000] random: get_random_bytes called from start_kernel+0x99/0x4fd with crng_init=0
Oct 31 18:51:49 rich-VirtualBox kernel: [    0.000000] setup_percpu: NR_CPUS:8192 nr_cpumask_bits:1 nr_cpu_ids:1 nr_node_ids:1
Oct 31 18:51:49 rich-VirtualBox kernel: [    0.000000] percpu: Embedded 46 pages/cpu @        (ptrval) s151552 r8192 d28672 u2097152
Oct 31 18:51:49 rich-VirtualBox kernel: [    0.000000] pcpu-alloc: s151552 r8192 d28672 u2097152 alloc=1*2097152
Oct 31 18:51:49 rich-VirtualBox kernel: [    0.000000] pcpu-alloc: [0] 0 
Oct 31 18:51:49 rich-VirtualBox kernel: [    0.000000] PV qspinlock hash table entries: 256 (order: 0, 4096 bytes)
Oct 31 18:51:49 rich-VirtualBox kernel: [    0.000000] Built 1 zonelists, mobility grouping on.  Total pages: 1279521
Oct 31 18:51:49 rich-VirtualBox kernel: [    0.000000] Policy zone: Normal
Oct 31 18:51:49 rich-VirtualBox kernel: [    0.000000] Kernel command line: BOOT_IMAGE=/boot/vmlinuz-4.15.0-29-generic root=UUID=83d9050c-68f3-4421-b412-3dd7f133f9c1 ro quiet splash
Oct 31 18:51:49 rich-VirtualBox kernel: [    0.000000] Calgary: detecting Calgary via BIOS EBDA area
Oct 31 18:51:49 rich-VirtualBox kernel: [    0.000000] Calgary: Unable to locate Rio Grande table in EBDA - bailing!
Oct 31 18:51:49 rich-VirtualBox kernel: [    0.000000] Memory: 4969780K/5199416K available (12300K kernel code, 2470K rwdata, 4240K rodata, 2408K init, 2416K bss, 229636K reserved, 0K cma-reserved)
Oct 31 18:51:49 rich-VirtualBox kernel: [    0.000000] SLUB: HWalign=64, Order=0-3, MinObjects=0, CPUs=1, Nodes=1
Oct 31 18:51:49 rich-VirtualBox kernel: [    0.000000] Kernel/User page tables isolation: enabled
Oct 31 18:51:49 rich-VirtualBox kernel: [    0.000000] ftrace: allocating 39092 entries in 153 pages
Oct 31 18:51:49 rich-VirtualBox kernel: [    0.004000] Hierarchical RCU implementation.
Oct 31 18:51:49 rich-VirtualBox kernel: [    0.004000] 	RCU restricting CPUs from NR_CPUS=8192 to nr_cpu_ids=1.
Oct 31 18:51:49 rich-VirtualBox kernel: [    0.004000] 	Tasks RCU enabled.
Oct 31 18:51:49 rich-VirtualBox kernel: [    0.004000] RCU: Adjusting geometry for rcu_fanout_leaf=16, nr_cpu_ids=1
Oct 31 18:51:49 rich-VirtualBox kernel: [    0.004000] NR_IRQS: 524544, nr_irqs: 32, preallocated irqs: 16
Oct 31 18:51:49 rich-VirtualBox kernel: [    0.004000] Console: colour VGA+ 80x25
Oct 31 18:51:49 rich-VirtualBox kernel: [    0.004000] console [tty0] enabled
Oct 31 18:51:49 rich-VirtualBox kernel: [    0.004000] ACPI: Core revision 20170831
Oct 31 18:51:49 rich-VirtualBox kernel: [    0.004000] ACPI: 2 ACPI AML tables successfully acquired and loaded
Oct 31 18:51:49 rich-VirtualBox kernel: [    0.004000] ACPI: setting ELCR to 0200 (from 0e00)
Oct 31 18:51:49 rich-VirtualBox kernel: [    0.004000] APIC: ACPI MADT or MP tables are not detected
Oct 31 18:51:49 rich-VirtualBox kernel: [    0.004000] APIC: Switch to virtual wire mode setup with no configuration
Oct 31 18:51:49 rich-VirtualBox kernel: [    0.004000] Not enabling interrupt remapping due to skipped IO-APIC setup
Oct 31 18:51:49 rich-VirtualBox kernel: [    0.004000] tsc: Detected 2712.004 MHz processor
Oct 31 18:51:49 rich-VirtualBox kernel: [    0.004000] Calibrating delay loop (skipped) preset value.. 5424.00 BogoMIPS (lpj=10848016)
Oct 31 18:51:49 rich-VirtualBox kernel: [    0.004000] pid_max: default: 32768 minimum: 301
Oct 31 18:51:49 rich-VirtualBox kernel: [    0.004000] Security Framework initialized
Oct 31 18:51:49 rich-VirtualBox kernel: [    0.004000] Yama: becoming mindful.
Oct 31 18:51:49 rich-VirtualBox kernel: [    0.004000] AppArmor: AppArmor initialized
Oct 31 18:51:49 rich-VirtualBox kernel: [    0.012168] Dentry cache hash table entries: 1048576 (order: 11, 8388608 bytes)
Oct 31 18:51:49 rich-VirtualBox kernel: [    0.016244] Inode-cache hash table entries: 524288 (order: 10, 4194304 bytes)
Oct 31 18:51:49 rich-VirtualBox kernel: [    0.016297] Mount-cache hash table entries: 16384 (order: 5, 131072 bytes)
Oct 31 18:51:49 rich-VirtualBox kernel: [    0.016315] Mountpoint-cache hash table entries: 16384 (order: 5, 131072 bytes)
Oct 31 18:51:49 rich-VirtualBox kernel: [    0.016570] CPU: Physical Processor ID: 0
Oct 31 18:51:49 rich-VirtualBox kernel: [    0.016589] mce: CPU supports 0 MCE banks
Oct 31 18:51:49 rich-VirtualBox kernel: [    0.016607] process: using mwait in idle threads
Oct 31 18:51:49 rich-VirtualBox kernel: [    0.016611] Last level iTLB entries: 4KB 64, 2MB 8, 4MB 8
Oct 31 18:51:49 rich-VirtualBox kernel: [    0.016612] Last level dTLB entries: 4KB 64, 2MB 0, 4MB 0, 1GB 4
Oct 31 18:51:49 rich-VirtualBox kernel: [    0.016613] Spectre V2 : Mitigation: Full generic retpoline
Oct 31 18:51:49 rich-VirtualBox kernel: [    0.016614] Spectre V2 : Spectre v2 mitigation: Filling RSB on context switch
Oct 31 18:51:49 rich-VirtualBox kernel: [    0.016614] Speculative Store Bypass: Vulnerable
Oct 31 18:51:49 rich-VirtualBox kernel: [    0.033359] Freeing SMP alternatives memory: 36K
Oct 31 18:51:49 rich-VirtualBox kernel: [    0.034461] smpboot: SMP disabled
Oct 31 18:51:49 rich-VirtualBox kernel: [    0.034518] Performance Events: unsupported p6 CPU model 142 no PMU driver, software events only.
Oct 31 18:51:49 rich-VirtualBox kernel: [    0.034544] Hierarchical SRCU implementation.
Oct 31 18:51:49 rich-VirtualBox kernel: [    0.035162] NMI watchdog: Perf event create on CPU 0 failed with -2
Oct 31 18:51:49 rich-VirtualBox kernel: [    0.035163] NMI watchdog: Perf NMI watchdog permanently disabled
Oct 31 18:51:49 rich-VirtualBox kernel: [    0.035205] smp: Bringing up secondary CPUs ...
Oct 31 18:51:49 rich-VirtualBox kernel: [    0.035206] smp: Brought up 1 node, 1 CPU
Oct 31 18:51:49 rich-VirtualBox kernel: [    0.035207] smpboot: Max logical packages: 1
Oct 31 18:51:49 rich-VirtualBox kernel: [    0.035209] smpboot: Total of 1 processors activated (5424.00 BogoMIPS)
Oct 31 18:51:49 rich-VirtualBox kernel: [    0.036112] devtmpfs: initialized
Oct 31 18:51:49 rich-VirtualBox kernel: [    0.036156] x86/mm: Memory block size: 128MB
Oct 31 18:51:49 rich-VirtualBox kernel: [    0.036484] evm: security.selinux
Oct 31 18:51:49 rich-VirtualBox kernel: [    0.036485] evm: security.SMACK64
Oct 31 18:51:49 rich-VirtualBox kernel: [    0.036485] evm: security.SMACK64EXEC
Oct 31 18:51:49 rich-VirtualBox kernel: [    0.036485] evm: security.SMACK64TRANSMUTE
Oct 31 18:51:49 rich-VirtualBox kernel: [    0.036486] evm: security.SMACK64MMAP
Oct 31 18:51:49 rich-VirtualBox kernel: [    0.036486] evm: security.apparmor
Oct 31 18:51:49 rich-VirtualBox kernel: [    0.036487] evm: security.ima
Oct 31 18:51:49 rich-VirtualBox kernel: [    0.036487] evm: security.capability
Oct 31 18:51:49 rich-VirtualBox kernel: [    0.036579] clocksource: jiffies: mask: 0xffffffff max_cycles: 0xffffffff, max_idle_ns: 7645041785100000 ns
Oct 31 18:51:49 rich-VirtualBox kernel: [    0.036584] futex hash table entries: 256 (order: 2, 16384 bytes)
Oct 31 18:51:49 rich-VirtualBox kernel: [    0.036614] pinctrl core: initialized pinctrl subsystem
Oct 31 18:51:49 rich-VirtualBox kernel: [    0.036696] RTC time: 22:50:49, date: 10/31/18
Oct 31 18:51:49 rich-VirtualBox kernel: [    0.036771] NET: Registered protocol family 16
Oct 31 18:51:49 rich-VirtualBox kernel: [    0.036825] audit: initializing netlink subsys (disabled)
Oct 31 18:51:49 rich-VirtualBox kernel: [    0.036921] cpuidle: using governor ladder
Oct 31 18:51:49 rich-VirtualBox kernel: [    0.036921] cpuidle: using governor menu
Oct 31 18:51:49 rich-VirtualBox kernel: [    0.036945] ACPI: bus type PCI registered
Oct 31 18:51:49 rich-VirtualBox kernel: [    0.036946] acpiphp: ACPI Hot Plug PCI Controller Driver version: 0.5
Oct 31 18:51:49 rich-VirtualBox kernel: [    0.037025] PCI: Using configuration type 1 for base access
Oct 31 18:51:49 rich-VirtualBox kernel: [    0.037949] audit: type=2000 audit(1541026266.211:1): state=initialized audit_enabled=0 res=1
Oct 31 18:51:49 rich-VirtualBox kernel: [    0.037997] HugeTLB registered 2.00 MiB page size, pre-allocated 0 pages
Oct 31 18:51:49 rich-VirtualBox kernel: [    0.038140] ACPI: Added _OSI(Module Device)
Oct 31 18:51:49 rich-VirtualBox kernel: [    0.038141] ACPI: Added _OSI(Processor Device)
Oct 31 18:51:49 rich-VirtualBox kernel: [    0.038141] ACPI: Added _OSI(3.0 _SCP Extensions)
Oct 31 18:51:49 rich-VirtualBox kernel: [    0.038142] ACPI: Added _OSI(Processor Aggregator Device)
Oct 31 18:51:49 rich-VirtualBox kernel: [    0.038143] ACPI: Added _OSI(Linux-Dell-Video)
Oct 31 18:51:49 rich-VirtualBox kernel: [    0.040222] ACPI: Executed 1 blocks of module-level executable AML code
Oct 31 18:51:49 rich-VirtualBox kernel: [    0.043494] ACPI: Interpreter enabled
Oct 31 18:51:49 rich-VirtualBox kernel: [    0.043503] ACPI: (supports S0 S5)
Oct 31 18:51:49 rich-VirtualBox kernel: [    0.043505] ACPI: Using PIC for interrupt routing
Oct 31 18:51:49 rich-VirtualBox kernel: [    0.043709] PCI: Using host bridge windows from ACPI; if necessary, use "pci=nocrs" and report a bug
Oct 31 18:51:49 rich-VirtualBox kernel: [    0.043852] ACPI: Enabled 2 GPEs in block 00 to 07
Oct 31 18:51:49 rich-VirtualBox kernel: [    0.049043] ACPI: PCI Root Bridge [PCI0] (domain 0000 [bus 00-ff])
Oct 31 18:51:49 rich-VirtualBox kernel: [    0.049048] acpi PNP0A03:00: _OSC: OS supports [ASPM ClockPM Segments MSI]
Oct 31 18:51:49 rich-VirtualBox kernel: [    0.049065] acpi PNP0A03:00: _OSC: not requesting OS control; OS requires [ExtendedConfig ASPM ClockPM MSI]
Oct 31 18:51:49 rich-VirtualBox kernel: [    0.049073] acpi PNP0A03:00: fail to add MMCONFIG information, can't access extended PCI configuration space under this bridge.
Oct 31 18:51:49 rich-VirtualBox kernel: [    0.049381] PCI host bridge to bus 0000:00
Oct 31 18:51:49 rich-VirtualBox kernel: [    0.049383] pci_bus 0000:00: root bus resource [io  0x0000-0x0cf7 window]
Oct 31 18:51:49 rich-VirtualBox kernel: [    0.049385] pci_bus 0000:00: root bus resource [io  0x0d00-0xffff window]
Oct 31 18:51:49 rich-VirtualBox kernel: [    0.049386] pci_bus 0000:00: root bus resource [mem 0x000a0000-0x000bffff window]
Oct 31 18:51:49 rich-VirtualBox kernel: [    0.049387] pci_bus 0000:00: root bus resource [mem 0xe0000000-0xfdffffff window]
Oct 31 18:51:49 rich-VirtualBox kernel: [    0.049389] pci_bus 0000:00: root bus resource [bus 00-ff]
Oct 31 18:51:49 rich-VirtualBox kernel: [    0.049425] pci 0000:00:00.0: [8086:1237] type 00 class 0x060000
Oct 31 18:51:49 rich-VirtualBox kernel: [    0.049945] pci 0000:00:01.0: [8086:7000] type 00 class 0x060100
Oct 31 18:51:49 rich-VirtualBox kernel: [    0.050558] pci 0000:00:01.1: [8086:7111] type 00 class 0x01018a
Oct 31 18:51:49 rich-VirtualBox kernel: [    0.050965] pci 0000:00:01.1: reg 0x20: [io  0xd000-0xd00f]
Oct 31 18:51:49 rich-VirtualBox kernel: [    0.051160] pci 0000:00:01.1: legacy IDE quirk: reg 0x10: [io  0x01f0-0x01f7]
Oct 31 18:51:49 rich-VirtualBox kernel: [    0.051162] pci 0000:00:01.1: legacy IDE quirk: reg 0x14: [io  0x03f6]
Oct 31 18:51:49 rich-VirtualBox kernel: [    0.051163] pci 0000:00:01.1: legacy IDE quirk: reg 0x18: [io  0x0170-0x0177]
Oct 31 18:51:49 rich-VirtualBox kernel: [    0.051164] pci 0000:00:01.1: legacy IDE quirk: reg 0x1c: [io  0x0376]
Oct 31 18:51:49 rich-VirtualBox kernel: [    0.052236] pci 0000:00:02.0: [80ee:beef] type 00 class 0x030000
Oct 31 18:51:49 rich-VirtualBox kernel: [    0.056045] pci 0000:00:02.0: reg 0x10: [mem 0xe0000000-0xe0ffffff pref]
Oct 31 18:51:49 rich-VirtualBox kernel: [    0.076725] pci 0000:00:03.0: [8086:100e] type 00 class 0x020000
Oct 31 18:51:49 rich-VirtualBox kernel: [    0.080132] pci 0000:00:03.0: reg 0x10: [mem 0xf0000000-0xf001ffff]
Oct 31 18:51:49 rich-VirtualBox kernel: [    0.088122] pci 0000:00:03.0: reg 0x18: [io  0xd010-0xd017]
Oct 31 18:51:49 rich-VirtualBox kernel: [    0.100640] pci 0000:00:04.0: [80ee:cafe] type 00 class 0x088000
Oct 31 18:51:49 rich-VirtualBox kernel: [    0.104113] pci 0000:00:04.0: reg 0x10: [io  0xd020-0xd03f]
Oct 31 18:51:49 rich-VirtualBox kernel: [    0.108109] pci 0000:00:04.0: reg 0x14: [mem 0xf0400000-0xf07fffff]
Oct 31 18:51:49 rich-VirtualBox kernel: [    0.112119] pci 0000:00:04.0: reg 0x18: [mem 0xf0800000-0xf0803fff pref]
Oct 31 18:51:49 rich-VirtualBox kernel: [    0.128514] pci 0000:00:05.0: [8086:2415] type 00 class 0x040100
Oct 31 18:51:49 rich-VirtualBox kernel: [    0.128655] pci 0000:00:05.0: reg 0x10: [io  0xd100-0xd1ff]
Oct 31 18:51:49 rich-VirtualBox kernel: [    0.128724] pci 0000:00:05.0: reg 0x14: [io  0xd200-0xd23f]
Oct 31 18:51:49 rich-VirtualBox kernel: [    0.129271] pci 0000:00:06.0: [106b:003f] type 00 class 0x0c0310
Oct 31 18:51:49 rich-VirtualBox kernel: [    0.132120] pci 0000:00:06.0: reg 0x10: [mem 0xf0804000-0xf0804fff]
Oct 31 18:51:49 rich-VirtualBox kernel: [    0.156138] pci 0000:00:07.0: [8086:7113] type 00 class 0x068000
Oct 31 18:51:49 rich-VirtualBox kernel: [    0.156583] pci 0000:00:07.0: quirk: [io  0x4000-0x403f] claimed by PIIX4 ACPI
Oct 31 18:51:49 rich-VirtualBox kernel: [    0.156593] pci 0000:00:07.0: quirk: [io  0x4100-0x410f] claimed by PIIX4 SMB
Oct 31 18:51:49 rich-VirtualBox kernel: [    0.156865] pci 0000:00:0d.0: [8086:2829] type 00 class 0x010601
Oct 31 18:51:49 rich-VirtualBox kernel: [    0.160129] pci 0000:00:0d.0: reg 0x10: [io  0xd240-0xd247]
Oct 31 18:51:49 rich-VirtualBox kernel: [    0.164114] pci 0000:00:0d.0: reg 0x14: [io  0xd248-0xd24b]
Oct 31 18:51:49 rich-VirtualBox kernel: [    0.168045] pci 0000:00:0d.0: reg 0x18: [io  0xd250-0xd257]
Oct 31 18:51:49 rich-VirtualBox kernel: [    0.171756] pci 0000:00:0d.0: reg 0x1c: [io  0xd258-0xd25b]
Oct 31 18:51:49 rich-VirtualBox kernel: [    0.172132] pci 0000:00:0d.0: reg 0x20: [io  0xd260-0xd26f]
Oct 31 18:51:49 rich-VirtualBox kernel: [    0.176134] pci 0000:00:0d.0: reg 0x24: [mem 0xf0806000-0xf0807fff]
Oct 31 18:51:49 rich-VirtualBox kernel: [    0.184028] ACPI: PCI Interrupt Link [LNKA] (IRQs 5 9 10 *11)
Oct 31 18:51:49 rich-VirtualBox kernel: [    0.184318] ACPI: PCI Interrupt Link [LNKB] (IRQs 5 9 *10 11)
Oct 31 18:51:49 rich-VirtualBox kernel: [    0.184417] ACPI: PCI Interrupt Link [LNKC] (IRQs 5 *9 10 11)
Oct 31 18:51:49 rich-VirtualBox kernel: [    0.184516] ACPI: PCI Interrupt Link [LNKD] (IRQs 5 9 10 *11)
Oct 31 18:51:49 rich-VirtualBox kernel: [    0.184900] SCSI subsystem initialized
Oct 31 18:51:49 rich-VirtualBox kernel: [    0.184978] libata version 3.00 loaded.
Oct 31 18:51:49 rich-VirtualBox kernel: [    0.185071] pci 0000:00:02.0: vgaarb: setting as boot VGA device
Oct 31 18:51:49 rich-VirtualBox kernel: [    0.185073] pci 0000:00:02.0: vgaarb: VGA device added: decodes=io+mem,owns=io+mem,locks=none
Oct 31 18:51:49 rich-VirtualBox kernel: [    0.185076] pci 0000:00:02.0: vgaarb: bridge control possible
Oct 31 18:51:49 rich-VirtualBox kernel: [    0.185086] vgaarb: loaded
Oct 31 18:51:49 rich-VirtualBox kernel: [    0.185113] ACPI: bus type USB registered
Oct 31 18:51:49 rich-VirtualBox kernel: [    0.185129] usbcore: registered new interface driver usbfs
Oct 31 18:51:49 rich-VirtualBox kernel: [    0.185141] usbcore: registered new interface driver hub
Oct 31 18:51:49 rich-VirtualBox kernel: [    0.185151] usbcore: registered new device driver usb
Oct 31 18:51:49 rich-VirtualBox kernel: [    0.185205] EDAC MC: Ver: 3.0.0
Oct 31 18:51:49 rich-VirtualBox kernel: [    0.185493] PCI: Using ACPI for IRQ routing
Oct 31 18:51:49 rich-VirtualBox kernel: [    0.185495] PCI: pci_cache_line_size set to 64 bytes
Oct 31 18:51:49 rich-VirtualBox kernel: [    0.185653] e820: reserve RAM buffer [mem 0x0009fc00-0x0009ffff]
Oct 31 18:51:49 rich-VirtualBox kernel: [    0.185657] e820: reserve RAM buffer [mem 0xdfff0000-0xdfffffff]
Oct 31 18:51:49 rich-VirtualBox kernel: [    0.185658] e820: reserve RAM buffer [mem 0x15d600000-0x15fffffff]
Oct 31 18:51:49 rich-VirtualBox kernel: [    0.185743] NetLabel: Initializing
Oct 31 18:51:49 rich-VirtualBox kernel: [    0.185744] NetLabel:  domain hash size = 128
Oct 31 18:51:49 rich-VirtualBox kernel: [    0.185744] NetLabel:  protocols = UNLABELED CIPSOv4 CALIPSO
Oct 31 18:51:49 rich-VirtualBox kernel: [    0.185758] NetLabel:  unlabeled traffic allowed by default
Oct 31 18:51:49 rich-VirtualBox kernel: [    0.185918] clocksource: Switched to clocksource kvm-clock
Oct 31 18:51:49 rich-VirtualBox kernel: [    0.205299] VFS: Disk quotas dquot_6.6.0
Oct 31 18:51:49 rich-VirtualBox kernel: [    0.205312] VFS: Dquot-cache hash table entries: 512 (order 0, 4096 bytes)
Oct 31 18:51:49 rich-VirtualBox kernel: [    0.205396] AppArmor: AppArmor Filesystem Enabled
Oct 31 18:51:49 rich-VirtualBox kernel: [    0.205421] pnp: PnP ACPI init
Oct 31 18:51:49 rich-VirtualBox kernel: [    0.205488] pnp 00:00: Plug and Play ACPI device, IDs PNP0303 (active)
Oct 31 18:51:49 rich-VirtualBox kernel: [    0.205562] pnp 00:01: Plug and Play ACPI device, IDs PNP0f03 (active)
Oct 31 18:51:49 rich-VirtualBox kernel: [    0.206238] pnp: PnP ACPI: found 2 devices
Oct 31 18:51:49 rich-VirtualBox kernel: [    0.211809] clocksource: acpi_pm: mask: 0xffffff max_cycles: 0xffffff, max_idle_ns: 2085701024 ns
Oct 31 18:51:49 rich-VirtualBox kernel: [    0.211819] pci_bus 0000:00: resource 4 [io  0x0000-0x0cf7 window]
Oct 31 18:51:49 rich-VirtualBox kernel: [    0.211820] pci_bus 0000:00: resource 5 [io  0x0d00-0xffff window]
Oct 31 18:51:49 rich-VirtualBox kernel: [    0.211821] pci_bus 0000:00: resource 6 [mem 0x000a0000-0x000bffff window]
Oct 31 18:51:49 rich-VirtualBox kernel: [    0.211823] pci_bus 0000:00: resource 7 [mem 0xe0000000-0xfdffffff window]
Oct 31 18:51:49 rich-VirtualBox kernel: [    0.211865] NET: Registered protocol family 2
Oct 31 18:51:49 rich-VirtualBox kernel: [    0.212043] TCP established hash table entries: 65536 (order: 7, 524288 bytes)
Oct 31 18:51:49 rich-VirtualBox kernel: [    0.215211] TCP bind hash table entries: 65536 (order: 8, 1048576 bytes)
Oct 31 18:51:49 rich-VirtualBox kernel: [    0.215336] TCP: Hash tables configured (established 65536 bind 65536)
Oct 31 18:51:49 rich-VirtualBox kernel: [    0.215393] UDP hash table entries: 4096 (order: 5, 131072 bytes)
Oct 31 18:51:49 rich-VirtualBox kernel: [    0.215412] UDP-Lite hash table entries: 4096 (order: 5, 131072 bytes)
Oct 31 18:51:49 rich-VirtualBox kernel: [    0.215463] NET: Registered protocol family 1
Oct 31 18:51:49 rich-VirtualBox kernel: [    0.215636] pci 0000:00:00.0: Limiting direct PCI/PCI transfers
Oct 31 18:51:49 rich-VirtualBox kernel: [    0.215748] pci 0000:00:01.0: Activating ISA DMA hang workarounds
Oct 31 18:51:49 rich-VirtualBox kernel: [    0.216089] pci 0000:00:02.0: Video device with shadowed ROM at [mem 0x000c0000-0x000dffff]
Oct 31 18:51:49 rich-VirtualBox kernel: [    0.217286] ACPI: PCI Interrupt Link [LNKB] enabled at IRQ 10
Oct 31 18:51:49 rich-VirtualBox kernel: [    0.217287] PCI: setting IRQ 10 as level-triggered
Oct 31 18:51:49 rich-VirtualBox kernel: [    0.218054] PCI: CLS 0 bytes, default 64
Oct 31 18:51:49 rich-VirtualBox kernel: [    0.218091] Unpacking initramfs...
Oct 31 18:51:49 rich-VirtualBox kernel: [    0.408054] random: fast init done
Oct 31 18:51:49 rich-VirtualBox kernel: [    1.138623] Freeing initrd memory: 52796K
Oct 31 18:51:49 rich-VirtualBox kernel: [    1.138666] PCI-DMA: Using software bounce buffering for IO (SWIOTLB)
Oct 31 18:51:49 rich-VirtualBox kernel: [    1.138669] software IO TLB [mem 0xdbff0000-0xdfff0000] (64MB) mapped at [        (ptrval)-        (ptrval)]
Oct 31 18:51:49 rich-VirtualBox kernel: [    1.138764] platform rtc_cmos: registered platform RTC device (no PNP device found)
Oct 31 18:51:49 rich-VirtualBox kernel: [    1.138780] Scanning for low memory corruption every 60 seconds
Oct 31 18:51:49 rich-VirtualBox kernel: [    1.139233] Initialise system trusted keyrings
Oct 31 18:51:49 rich-VirtualBox kernel: [    1.139241] Key type blacklist registered
Oct 31 18:51:49 rich-VirtualBox kernel: [    1.139273] workingset: timestamp_bits=36 max_order=21 bucket_order=0
Oct 31 18:51:49 rich-VirtualBox kernel: [    1.142880] zbud: loaded
Oct 31 18:51:49 rich-VirtualBox kernel: [    1.143317] squashfs: version 4.0 (2009/01/31) Phillip Lougher
Oct 31 18:51:49 rich-VirtualBox kernel: [    1.143534] fuse init (API version 7.26)
Oct 31 18:51:49 rich-VirtualBox kernel: [    1.147155] Key type asymmetric registered
Oct 31 18:51:49 rich-VirtualBox kernel: [    1.147156] Asymmetric key parser 'x509' registered
Oct 31 18:51:49 rich-VirtualBox kernel: [    1.147194] Block layer SCSI generic (bsg) driver version 0.4 loaded (major 246)
Oct 31 18:51:49 rich-VirtualBox kernel: [    1.147219] io scheduler noop registered
Oct 31 18:51:49 rich-VirtualBox kernel: [    1.147219] io scheduler deadline registered
Oct 31 18:51:49 rich-VirtualBox kernel: [    1.147254] io scheduler cfq registered (default)
Oct 31 18:51:49 rich-VirtualBox kernel: [    1.147665] ACPI: AC Adapter [AC] (on-line)
Oct 31 18:51:49 rich-VirtualBox kernel: [    1.147707] input: Power Button as /devices/LNXSYSTM:00/LNXPWRBN:00/input/input0
Oct 31 18:51:49 rich-VirtualBox kernel: [    1.147720] ACPI: Power Button [PWRF]
Oct 31 18:51:49 rich-VirtualBox kernel: [    1.147854] input: Sleep Button as /devices/LNXSYSTM:00/LNXSLPBN:00/input/input1
Oct 31 18:51:49 rich-VirtualBox kernel: [    1.147859] ACPI: Sleep Button [SLPF]
Oct 31 18:51:49 rich-VirtualBox kernel: [    1.148960] ACPI: Battery Slot [BAT0] (battery present)
Oct 31 18:51:49 rich-VirtualBox kernel: [    1.148999] Serial: 8250/16550 driver, 32 ports, IRQ sharing enabled
Oct 31 18:51:49 rich-VirtualBox kernel: [    1.150334] Linux agpgart interface v0.103
Oct 31 18:51:49 rich-VirtualBox kernel: [    1.151170] loop: module loaded
Oct 31 18:51:49 rich-VirtualBox kernel: [    1.151259] ata_piix 0000:00:01.1: version 2.13
Oct 31 18:51:49 rich-VirtualBox kernel: [    1.151614] scsi host0: ata_piix
Oct 31 18:51:49 rich-VirtualBox kernel: [    1.154666] scsi host1: ata_piix
Oct 31 18:51:49 rich-VirtualBox kernel: [    1.154705] ata1: PATA max UDMA/33 cmd 0x1f0 ctl 0x3f6 bmdma 0xd000 irq 14
Oct 31 18:51:49 rich-VirtualBox kernel: [    1.154706] ata2: PATA max UDMA/33 cmd 0x170 ctl 0x376 bmdma 0xd008 irq 15
Oct 31 18:51:49 rich-VirtualBox kernel: [    1.154773] libphy: Fixed MDIO Bus: probed
Oct 31 18:51:49 rich-VirtualBox kernel: [    1.154774] tun: Universal TUN/TAP device driver, 1.6
Oct 31 18:51:49 rich-VirtualBox kernel: [    1.155170] PPP generic driver version 2.4.2
Oct 31 18:51:49 rich-VirtualBox kernel: [    1.155214] ehci_hcd: USB 2.0 'Enhanced' Host Controller (EHCI) Driver
Oct 31 18:51:49 rich-VirtualBox kernel: [    1.155216] ehci-pci: EHCI PCI platform driver
Oct 31 18:51:49 rich-VirtualBox kernel: [    1.155227] ehci-platform: EHCI generic platform driver
Oct 31 18:51:49 rich-VirtualBox kernel: [    1.155232] ohci_hcd: USB 1.1 'Open' Host Controller (OHCI) Driver
Oct 31 18:51:49 rich-VirtualBox kernel: [    1.155233] ohci-pci: OHCI PCI platform driver
Oct 31 18:51:49 rich-VirtualBox kernel: [    1.155987] ohci-pci 0000:00:06.0: OHCI PCI host controller
Oct 31 18:51:49 rich-VirtualBox kernel: [    1.155993] ohci-pci 0000:00:06.0: new USB bus registered, assigned bus number 1
Oct 31 18:51:49 rich-VirtualBox kernel: [    1.156035] ohci-pci 0000:00:06.0: irq 10, io mem 0xf0804000
Oct 31 18:51:49 rich-VirtualBox kernel: [    1.216988] usb usb1: New USB device found, idVendor=1d6b, idProduct=0001
Oct 31 18:51:49 rich-VirtualBox kernel: [    1.216990] usb usb1: New USB device strings: Mfr=3, Product=2, SerialNumber=1
Oct 31 18:51:49 rich-VirtualBox kernel: [    1.216991] usb usb1: Product: OHCI PCI host controller
Oct 31 18:51:49 rich-VirtualBox kernel: [    1.216992] usb usb1: Manufacturer: Linux 4.15.0-29-generic ohci_hcd
Oct 31 18:51:49 rich-VirtualBox kernel: [    1.216993] usb usb1: SerialNumber: 0000:00:06.0
Oct 31 18:51:49 rich-VirtualBox kernel: [    1.217093] hub 1-0:1.0: USB hub found
Oct 31 18:51:49 rich-VirtualBox kernel: [    1.217104] hub 1-0:1.0: 12 ports detected
Oct 31 18:51:49 rich-VirtualBox kernel: [    1.217431] ohci-platform: OHCI generic platform driver
Oct 31 18:51:49 rich-VirtualBox kernel: [    1.217441] uhci_hcd: USB Universal Host Controller Interface driver
Oct 31 18:51:49 rich-VirtualBox kernel: [    1.217485] i8042: PNP: PS/2 Controller [PNP0303:PS2K,PNP0f03:PS2M] at 0x60,0x64 irq 1,12
Oct 31 18:51:49 rich-VirtualBox kernel: [    1.217801] serio: i8042 KBD port at 0x60,0x64 irq 1
Oct 31 18:51:49 rich-VirtualBox kernel: [    1.217805] serio: i8042 AUX port at 0x60,0x64 irq 12
Oct 31 18:51:49 rich-VirtualBox kernel: [    1.217899] mousedev: PS/2 mouse device common for all mice
Oct 31 18:51:49 rich-VirtualBox kernel: [    1.218215] input: AT Translated Set 2 keyboard as /devices/platform/i8042/serio0/input/input2
Oct 31 18:51:49 rich-VirtualBox kernel: [    1.218570] rtc_cmos rtc_cmos: rtc core: registered rtc_cmos as rtc0
Oct 31 18:51:49 rich-VirtualBox kernel: [    1.218601] rtc_cmos rtc_cmos: alarms up to one day, 114 bytes nvram
Oct 31 18:51:49 rich-VirtualBox kernel: [    1.218608] i2c /dev entries driver
Oct 31 18:51:49 rich-VirtualBox kernel: [    1.218653] device-mapper: uevent: version 1.0.3
Oct 31 18:51:49 rich-VirtualBox kernel: [    1.218697] device-mapper: ioctl: 4.37.0-ioctl (2017-09-20) initialised: dm-devel@redhat.com
Oct 31 18:51:49 rich-VirtualBox kernel: [    1.218706] ledtrig-cpu: registered to indicate activity on CPUs
Oct 31 18:51:49 rich-VirtualBox kernel: [    1.218826] intel_pmc_core:  initialized
Oct 31 18:51:49 rich-VirtualBox kernel: [    1.219010] NET: Registered protocol family 10
Oct 31 18:51:49 rich-VirtualBox kernel: [    1.221971] Segment Routing with IPv6
Oct 31 18:51:49 rich-VirtualBox kernel: [    1.221988] NET: Registered protocol family 17
Oct 31 18:51:49 rich-VirtualBox kernel: [    1.222014] Key type dns_resolver registered
Oct 31 18:51:49 rich-VirtualBox kernel: [    1.222112] RAS: Correctable Errors collector initialized.
Oct 31 18:51:49 rich-VirtualBox kernel: [    1.222125] sched_clock: Marking stable (1220344453, 0)->(1473631422, -253286969)
Oct 31 18:51:49 rich-VirtualBox kernel: [    1.222239] registered taskstats version 1
Oct 31 18:51:49 rich-VirtualBox kernel: [    1.222246] Loading compiled-in X.509 certificates
Oct 31 18:51:49 rich-VirtualBox kernel: [    1.224000] Loaded X.509 cert 'Build time autogenerated kernel key: 1cc37f41791529df57507d3747a6804ab53f482b'
Oct 31 18:51:49 rich-VirtualBox kernel: [    1.224017] zswap: loaded using pool lzo/zbud
Oct 31 18:51:49 rich-VirtualBox kernel: [    1.226576] Key type big_key registered
Oct 31 18:51:49 rich-VirtualBox kernel: [    1.226579] Key type trusted registered
Oct 31 18:51:49 rich-VirtualBox kernel: [    1.227834] Key type encrypted registered
Oct 31 18:51:49 rich-VirtualBox kernel: [    1.227837] AppArmor: AppArmor sha1 policy hashing enabled
Oct 31 18:51:49 rich-VirtualBox kernel: [    1.227844] ima: No TPM chip found, activating TPM-bypass! (rc=-19)
Oct 31 18:51:49 rich-VirtualBox kernel: [    1.227859] evm: HMAC attrs: 0x1
Oct 31 18:51:49 rich-VirtualBox kernel: [    1.228183]   Magic number: 6:478:857
Oct 31 18:51:49 rich-VirtualBox kernel: [    1.228276] rtc_cmos rtc_cmos: setting system clock to 2018-10-31 22:50:50 UTC (1541026250)
Oct 31 18:51:49 rich-VirtualBox kernel: [    1.228338] BIOS EDD facility v0.16 2004-Jun-25, 0 devices found
Oct 31 18:51:49 rich-VirtualBox kernel: [    1.228339] EDD information not available.
Oct 31 18:51:49 rich-VirtualBox kernel: [    1.317228] ata2.00: ATAPI: VBOX CD-ROM, 1.0, max UDMA/133
Oct 31 18:51:49 rich-VirtualBox kernel: [    1.317990] ata2.00: configured for UDMA/33
Oct 31 18:51:49 rich-VirtualBox kernel: [    1.319032] scsi 1:0:0:0: CD-ROM            VBOX     CD-ROM           1.0  PQ: 0 ANSI: 5
Oct 31 18:51:49 rich-VirtualBox kernel: [    1.345755] sr 1:0:0:0: [sr0] scsi3-mmc drive: 32x/32x xa/form2 tray
Oct 31 18:51:49 rich-VirtualBox kernel: [    1.345759] cdrom: Uniform CD-ROM driver Revision: 3.20
Oct 31 18:51:49 rich-VirtualBox kernel: [    1.346487] sr 1:0:0:0: Attached scsi CD-ROM sr0
Oct 31 18:51:49 rich-VirtualBox kernel: [    1.346730] sr 1:0:0:0: Attached scsi generic sg0 type 5
Oct 31 18:51:49 rich-VirtualBox kernel: [    1.354386] Freeing unused kernel memory: 2408K
Oct 31 18:51:49 rich-VirtualBox kernel: [    1.360603] Write protecting the kernel read-only data: 20480k
Oct 31 18:51:49 rich-VirtualBox kernel: [    1.361816] Freeing unused kernel memory: 2008K
Oct 31 18:51:49 rich-VirtualBox kernel: [    1.372375] Freeing unused kernel memory: 1904K
Oct 31 18:51:49 rich-VirtualBox kernel: [    1.382809] x86/mm: Checked W+X mappings: passed, no W+X pages found.
Oct 31 18:51:49 rich-VirtualBox kernel: [    1.382811] x86/mm: Checking user space page tables
Oct 31 18:51:49 rich-VirtualBox kernel: [    1.389893] x86/mm: Checked W+X mappings: passed, no W+X pages found.
Oct 31 18:51:49 rich-VirtualBox kernel: [    1.401322] random: udevadm: uninitialized urandom read (16 bytes read)
Oct 31 18:51:49 rich-VirtualBox kernel: [    1.401335] random: udevadm: uninitialized urandom read (16 bytes read)
Oct 31 18:51:49 rich-VirtualBox kernel: [    1.404715] random: systemd-udevd: uninitialized urandom read (16 bytes read)
Oct 31 18:51:49 rich-VirtualBox kernel: [    1.404786] random: systemd-udevd: uninitialized urandom read (16 bytes read)
Oct 31 18:51:49 rich-VirtualBox kernel: [    1.404792] random: systemd-udevd: uninitialized urandom read (16 bytes read)
Oct 31 18:51:49 rich-VirtualBox kernel: [    1.404797] random: systemd-udevd: uninitialized urandom read (16 bytes read)
Oct 31 18:51:49 rich-VirtualBox kernel: [    1.408836] random: systemd-udevd: uninitialized urandom read (16 bytes read)
Oct 31 18:51:49 rich-VirtualBox kernel: [    1.408848] random: systemd-udevd: uninitialized urandom read (16 bytes read)
Oct 31 18:51:49 rich-VirtualBox kernel: [    1.408851] random: systemd-udevd: uninitialized urandom read (16 bytes read)
Oct 31 18:51:49 rich-VirtualBox kernel: [    1.409498] random: systemd-udevd: uninitialized urandom read (16 bytes read)
Oct 31 18:51:49 rich-VirtualBox kernel: [    1.483512] ACPI: Video Device [GFX0] (multi-head: yes  rom: no  post: no)
Oct 31 18:51:49 rich-VirtualBox kernel: [    1.483590] input: Video Bus as /devices/LNXSYSTM:00/LNXSYBUS:00/PNP0A03:00/LNXVIDEO:00/input/input4
Oct 31 18:51:49 rich-VirtualBox kernel: [    1.486720] e1000: Intel(R) PRO/1000 Network Driver - version 7.3.21-k8-NAPI
Oct 31 18:51:49 rich-VirtualBox kernel: [    1.486721] e1000: Copyright (c) 1999-2006 Intel Corporation.
Oct 31 18:51:49 rich-VirtualBox kernel: [    1.487631] ACPI: PCI Interrupt Link [LNKC] enabled at IRQ 9
Oct 31 18:51:49 rich-VirtualBox kernel: [    1.487632] PCI: setting IRQ 9 as level-triggered
Oct 31 18:51:49 rich-VirtualBox kernel: [    1.701855] input: ImExPS/2 Generic Explorer Mouse as /devices/platform/i8042/serio1/input/input5
Oct 31 18:51:49 rich-VirtualBox kernel: [    1.880764] e1000 0000:00:03.0 eth0: (PCI:33MHz:32-bit) 08:00:27:49:9d:c1
Oct 31 18:51:49 rich-VirtualBox kernel: [    1.880768] e1000 0000:00:03.0 eth0: Intel(R) PRO/1000 Network Connection
Oct 31 18:51:49 rich-VirtualBox kernel: [    1.880933] ahci 0000:00:0d.0: version 3.0
Oct 31 18:51:49 rich-VirtualBox kernel: [    1.882193] ACPI: PCI Interrupt Link [LNKA] enabled at IRQ 11
Oct 31 18:51:49 rich-VirtualBox kernel: [    1.882195] PCI: setting IRQ 11 as level-triggered
Oct 31 18:51:49 rich-VirtualBox kernel: [    1.882264] ahci 0000:00:0d.0: SSS flag set, parallel bus scan disabled
Oct 31 18:51:49 rich-VirtualBox kernel: [    1.882515] ahci 0000:00:0d.0: AHCI 0001.0100 32 slots 1 ports 3 Gbps 0x1 impl SATA mode
Oct 31 18:51:49 rich-VirtualBox kernel: [    1.882517] ahci 0000:00:0d.0: flags: 64bit ncq stag only ccc 
Oct 31 18:51:49 rich-VirtualBox kernel: [    1.886611] e1000 0000:00:03.0 enp0s3: renamed from eth0
Oct 31 18:51:49 rich-VirtualBox kernel: [    1.888049] scsi host2: ahci
Oct 31 18:51:49 rich-VirtualBox kernel: [    1.888268] ata3: SATA max UDMA/133 abar m8192@0xf0806000 port 0xf0806100 irq 11
Oct 31 18:51:49 rich-VirtualBox kernel: [    1.888587] piix4_smbus 0000:00:07.0: SMBus Host Controller at 0x4100, revision 0
Oct 31 18:51:49 rich-VirtualBox kernel: [    2.144740] tsc: Refined TSC clocksource calibration: 2713.165 MHz
Oct 31 18:51:49 rich-VirtualBox kernel: [    2.144750] clocksource: tsc: mask: 0xffffffffffffffff max_cycles: 0x271bd2e613a, max_idle_ns: 440795293044 ns
Oct 31 18:51:49 rich-VirtualBox kernel: [    2.203402] ata3: SATA link up 3.0 Gbps (SStatus 123 SControl 300)
Oct 31 18:51:49 rich-VirtualBox kernel: [    2.204039] ata3.00: ATA-6: VBOX HARDDISK, 1.0, max UDMA/133
Oct 31 18:51:49 rich-VirtualBox kernel: [    2.204046] ata3.00: 62914560 sectors, multi 128: LBA48 NCQ (depth 31/32)
Oct 31 18:51:49 rich-VirtualBox kernel: [    2.204741] ata3.00: configured for UDMA/133
Oct 31 18:51:49 rich-VirtualBox kernel: [    2.205227] scsi 2:0:0:0: Direct-Access     ATA      VBOX HARDDISK    1.0  PQ: 0 ANSI: 5
Oct 31 18:51:49 rich-VirtualBox kernel: [    2.206391] sd 2:0:0:0: [sda] 62914560 512-byte logical blocks: (32.2 GB/30.0 GiB)
Oct 31 18:51:49 rich-VirtualBox kernel: [    2.206414] sd 2:0:0:0: [sda] Write Protect is off
Oct 31 18:51:49 rich-VirtualBox kernel: [    2.206419] sd 2:0:0:0: [sda] Mode Sense: 00 3a 00 00
Oct 31 18:51:49 rich-VirtualBox kernel: [    2.206452] sd 2:0:0:0: [sda] Write cache: enabled, read cache: enabled, doesn't support DPO or FUA
Oct 31 18:51:49 rich-VirtualBox kernel: [    2.207675] sd 2:0:0:0: Attached scsi generic sg1 type 0
Oct 31 18:51:49 rich-VirtualBox kernel: [    2.218895]  sda: sda1
Oct 31 18:51:49 rich-VirtualBox kernel: [    2.219516] sd 2:0:0:0: [sda] Attached SCSI disk
Oct 31 18:51:49 rich-VirtualBox kernel: [    7.033527] random: crng init done
Oct 31 18:51:49 rich-VirtualBox kernel: [    9.042235] EXT4-fs (sda1): mounted filesystem with ordered data mode. Opts: (null)
Oct 31 18:51:49 rich-VirtualBox kernel: [   11.032031] ip_tables: (C) 2000-2006 Netfilter Core Team
Oct 31 18:51:49 rich-VirtualBox kernel: [   11.215802] systemd[1]: systemd 237 running in system mode. (+PAM +AUDIT +SELINUX +IMA +APPARMOR +SMACK +SYSVINIT +UTMP +LIBCRYPTSETUP +GCRYPT +GNUTLS +ACL +XZ +LZ4 +SECCOMP +BLKID +ELFUTILS +KMOD -IDN2 +IDN -PCRE2 default-hierarchy=hybrid)
Oct 31 18:51:49 rich-VirtualBox kernel: [   11.215886] systemd[1]: Detected virtualization oracle.
Oct 31 18:51:49 rich-VirtualBox kernel: [   11.215908] systemd[1]: Detected architecture x86-64.
Oct 31 18:51:49 rich-VirtualBox kernel: [   11.240577] systemd[1]: Set hostname to <rich-VirtualBox>.
Oct 31 18:51:49 rich-VirtualBox kernel: [   15.680686] systemd[1]: Created slice User and Session Slice.
Oct 31 18:51:49 rich-VirtualBox kernel: [   15.681541] systemd[1]: Set up automount Arbitrary Executable File Formats File System Automount Point.
Oct 31 18:51:49 rich-VirtualBox kernel: [   15.681624] systemd[1]: Reached target User and Group Name Lookups.
Oct 31 18:51:49 rich-VirtualBox kernel: [   15.681881] systemd[1]: Started Forward Password Requests to Wall Directory Watch.
Oct 31 18:51:49 rich-VirtualBox kernel: [   15.682418] systemd[1]: Created slice System Slice.
Oct 31 18:51:49 rich-VirtualBox kernel: [   15.682874] systemd[1]: Listening on Journal Audit Socket.
Oct 31 18:51:49 rich-VirtualBox kernel: [   17.378019] EXT4-fs (sda1): re-mounted. Opts: errors=remount-ro
Oct 31 18:51:49 rich-VirtualBox kernel: [   18.121102] lp: driver loaded but no devices found
Oct 31 18:51:49 rich-VirtualBox kernel: [   19.576772] systemd-journald[229]: Received request to flush runtime journal from PID 1
Oct 31 18:51:49 rich-VirtualBox kernel: [   19.578170] ppdev: user-space parallel port driver
Oct 31 18:51:49 rich-VirtualBox kernel: [   21.779756] systemd-journald[229]: File /var/log/journal/e65fd0722fff46ada48b07465dcbf053/system.journal corrupted or uncleanly shut down, renaming and replacing.
Oct 31 18:51:49 rich-VirtualBox kernel: [   23.730084] Adding 1459804k swap on /swapfile.  Priority:-2 extents:5 across:1492572k FS
Oct 31 18:51:49 rich-VirtualBox kernel: [   44.947089] audit: type=1400 audit(1541026294.216:2): apparmor="STATUS" operation="profile_load" profile="unconfined" name="/sbin/dhclient" pid=357 comm="apparmor_parser"
Oct 31 18:51:49 rich-VirtualBox kernel: [   44.947092] audit: type=1400 audit(1541026294.216:3): apparmor="STATUS" operation="profile_load" profile="unconfined" name="/usr/lib/NetworkManager/nm-dhcp-client.action" pid=357 comm="apparmor_parser"
Oct 31 18:51:49 rich-VirtualBox kernel: [   44.947093] audit: type=1400 audit(1541026294.216:4): apparmor="STATUS" operation="profile_load" profile="unconfined" name="/usr/lib/NetworkManager/nm-dhcp-helper" pid=357 comm="apparmor_parser"
Oct 31 18:51:49 rich-VirtualBox kernel: [   44.947095] audit: type=1400 audit(1541026294.216:5): apparmor="STATUS" operation="profile_load" profile="unconfined" name="/usr/lib/connman/scripts/dhclient-script" pid=357 comm="apparmor_parser"
Oct 31 18:51:49 rich-VirtualBox kernel: [   45.448007] ACPI: PCI Interrupt Link [LNKD] enabled at IRQ 11
Oct 31 18:51:49 rich-VirtualBox kernel: [   45.451150] vgdrvHeartbeatInit: Setting up heartbeat to trigger every 2000 milliseconds
Oct 31 18:51:49 rich-VirtualBox kernel: [   45.451951] input: Unspecified device as /devices/pci0000:00/0000:00:04.0/input/input6
Oct 31 18:51:49 rich-VirtualBox kernel: [   45.454214] vboxguest: misc device minor 55, IRQ 11, I/O port d020, MMIO at 00000000f0400000 (size 0x400000)
Oct 31 18:51:49 rich-VirtualBox kernel: [   45.454216] vboxguest: Successfully loaded version 5.2.8_KernelUbuntu (interface 0x00010004)
Oct 31 18:51:49 rich-VirtualBox kernel: [   46.451106] RAPL PMU: API unit is 2^-32 Joules, 5 fixed counters, 10737418240 ms ovfl timer
Oct 31 18:51:49 rich-VirtualBox kernel: [   46.451108] RAPL PMU: hw unit of domain pp0-core 2^-0 Joules
Oct 31 18:51:49 rich-VirtualBox kernel: [   46.451108] RAPL PMU: hw unit of domain package 2^-0 Joules
Oct 31 18:51:49 rich-VirtualBox kernel: [   46.451109] RAPL PMU: hw unit of domain dram 2^-0 Joules
Oct 31 18:51:49 rich-VirtualBox kernel: [   46.451109] RAPL PMU: hw unit of domain pp1-gpu 2^-0 Joules
Oct 31 18:51:49 rich-VirtualBox kernel: [   46.451110] RAPL PMU: hw unit of domain psys 2^-0 Joules
Oct 31 18:51:49 rich-VirtualBox kernel: [   47.143809] audit: type=1400 audit(1541026296.408:6): apparmor="STATUS" operation="profile_load" profile="unconfined" name="/usr/bin/evince" pid=358 comm="apparmor_parser"
Oct 31 18:51:49 rich-VirtualBox kernel: [   47.143813] audit: type=1400 audit(1541026296.408:7): apparmor="STATUS" operation="profile_load" profile="unconfined" name="/usr/bin/evince//sanitized_helper" pid=358 comm="apparmor_parser"
Oct 31 18:51:49 rich-VirtualBox kernel: [   47.143816] audit: type=1400 audit(1541026296.408:8): apparmor="STATUS" operation="profile_load" profile="unconfined" name="/usr/bin/evince-previewer" pid=358 comm="apparmor_parser"
Oct 31 18:51:49 rich-VirtualBox kernel: [   47.143818] audit: type=1400 audit(1541026296.408:9): apparmor="STATUS" operation="profile_load" profile="unconfined" name="/usr/bin/evince-previewer//sanitized_helper" pid=358 comm="apparmor_parser"
Oct 31 18:51:49 rich-VirtualBox kernel: [   47.143820] audit: type=1400 audit(1541026296.408:10): apparmor="STATUS" operation="profile_load" profile="unconfined" name="/usr/bin/evince-thumbnailer" pid=358 comm="apparmor_parser"
Oct 31 18:51:49 rich-VirtualBox kernel: [   47.143822] audit: type=1400 audit(1541026296.408:11): apparmor="STATUS" operation="profile_load" profile="unconfined" name="/usr/bin/evince-thumbnailer//sanitized_helper" pid=358 comm="apparmor_parser"
Oct 31 18:51:49 rich-VirtualBox kernel: [   47.625405] vboxvideo: module is from the staging directory, the quality is unknown, you have been warned.
Oct 31 18:51:49 rich-VirtualBox kernel: [   47.625439] vboxvideo: module verification failed: signature and/or required key missing - tainting kernel
Oct 31 18:51:49 rich-VirtualBox kernel: [   47.626628] [drm] VRAM 01000000
Oct 31 18:51:49 rich-VirtualBox kernel: [   47.630236] [TTM] Zone  kernel: Available graphics memory: 2514466 kiB
Oct 31 18:51:49 rich-VirtualBox kernel: [   47.630238] [TTM] Zone   dma32: Available graphics memory: 2097152 kiB
Oct 31 18:51:49 rich-VirtualBox kernel: [   47.630238] [TTM] Initializing pool allocator
Oct 31 18:51:49 rich-VirtualBox kernel: [   47.630241] [TTM] Initializing DMA pool allocator
Oct 31 18:51:49 rich-VirtualBox kernel: [   47.631923] fbcon: vboxdrmfb (fb0) is primary device
Oct 31 18:51:49 rich-VirtualBox kernel: [   47.636242] Console: switching to colour frame buffer device 100x37
Oct 31 18:51:49 rich-VirtualBox kernel: [   47.637489] vboxvideo 0000:00:02.0: fb0: vboxdrmfb frame buffer device
Oct 31 18:51:49 rich-VirtualBox kernel: [   47.637515] [drm] Initialized vboxvideo 1.0.0 20130823 for 0000:00:02.0 on minor 0
Oct 31 18:51:49 rich-VirtualBox kernel: [   48.352576] AVX2 version of gcm_enc/dec engaged.
Oct 31 18:51:49 rich-VirtualBox kernel: [   48.352578] AES CTR mode by8 optimization enabled
Oct 31 18:51:49 rich-VirtualBox kernel: [   52.881516] snd_intel8x0 0000:00:05.0: white list rate for 1028:0177 is 48000
Oct 31 18:51:49 rich-VirtualBox kernel: [   54.134126] kauditd_printk_skb: 6 callbacks suppressed
Oct 31 18:51:49 rich-VirtualBox kernel: [   54.134127] audit: type=1400 audit(1541026303.404:18): apparmor="STATUS" operation="profile_load" profile="unconfined" name="/usr/lib/cups/backend/cups-pdf" pid=435 comm="apparmor_parser"
Oct 31 18:51:49 rich-VirtualBox kernel: [   54.134129] audit: type=1400 audit(1541026303.404:19): apparmor="STATUS" operation="profile_load" profile="unconfined" name="/usr/sbin/cupsd" pid=435 comm="apparmor_parser"
Oct 31 18:51:49 rich-VirtualBox kernel: [   54.134131] audit: type=1400 audit(1541026303.404:20): apparmor="STATUS" operation="profile_load" profile="unconfined" name="/usr/sbin/cupsd//third_party" pid=435 comm="apparmor_parser"
Oct 31 18:51:49 rich-VirtualBox kernel: [   54.211632] audit: type=1400 audit(1541026303.480:21): apparmor="STATUS" operation="profile_load" profile="unconfined" name="/usr/sbin/ippusbxd" pid=460 comm="apparmor_parser"
Oct 31 18:51:49 rich-VirtualBox kernel: [   56.451577] audit: type=1400 audit(1541026305.720:22): apparmor="STATUS" operation="profile_load" profile="unconfined" name="/usr/sbin/mysqld" pid=461 comm="apparmor_parser"
Oct 31 18:51:49 rich-VirtualBox kernel: [   56.713674] audit: type=1400 audit(1541026305.980:23): apparmor="STATUS" operation="profile_load" profile="unconfined" name="/usr/sbin/tcpdump" pid=470 comm="apparmor_parser"
Oct 31 18:51:49 rich-VirtualBox kernel: [   57.175666] audit: type=1400 audit(1541026306.444:24): apparmor="STATUS" operation="profile_load" profile="unconfined" name="/snap/core/5742/usr/lib/snapd/snap-confine" pid=498 comm="apparmor_parser"
Oct 31 18:51:49 rich-VirtualBox kernel: [   57.175670] audit: type=1400 audit(1541026306.444:25): apparmor="STATUS" operation="profile_load" profile="unconfined" name="/snap/core/5742/usr/lib/snapd/snap-confine//mount-namespace-capture-helper" pid=498 comm="apparmor_parser"
Oct 31 18:51:49 rich-VirtualBox kernel: [   57.299560] audit: type=1400 audit(1541026306.568:26): apparmor="STATUS" operation="profile_load" profile="unconfined" name="snap.core.hook.configure" pid=499 comm="apparmor_parser"
Oct 31 18:51:49 rich-VirtualBox kernel: [   57.367833] audit: type=1400 audit(1541026306.636:27): apparmor="STATUS" operation="profile_load" profile="unconfined" name="snap.gnome-calculator.gnome-calculator" pid=500 comm="apparmor_parser"
Oct 31 18:51:49 rich-VirtualBox systemd[1]: Started Uncomplicated firewall.
Oct 31 18:51:49 rich-VirtualBox systemd[1]: Mounted Kernel Debug File System.
Oct 31 18:51:49 rich-VirtualBox systemd[1]: Mounted Huge Pages File System.
Oct 31 18:51:49 rich-VirtualBox systemd[1]: Mounted POSIX Message Queue File System.
Oct 31 18:51:49 rich-VirtualBox systemd[1]: Started Remount Root and Kernel File Systems.
Oct 31 18:51:49 rich-VirtualBox systemd[1]: Starting Load/Save Random Seed...
Oct 31 18:51:49 rich-VirtualBox systemd[1]: Starting Flush Journal to Persistent Storage...
Oct 31 18:51:49 rich-VirtualBox systemd[1]: Activating swap /swapfile...
Oct 31 18:51:49 rich-VirtualBox systemd-modules-load[228]: Inserted module 'lp'
Oct 31 18:51:49 rich-VirtualBox systemd-modules-load[228]: Inserted module 'ppdev'
Oct 31 18:51:49 rich-VirtualBox systemd-modules-load[228]: Inserted module 'parport_pc'
Oct 31 18:51:49 rich-VirtualBox systemd[1]: Started Load Kernel Modules.
Oct 31 18:51:49 rich-VirtualBox systemd[1]: Mounting FUSE Control File System...
Oct 31 18:51:49 rich-VirtualBox systemd[1]: Starting Apply Kernel Variables...
Oct 31 18:51:49 rich-VirtualBox systemd[1]: Mounting Kernel Configuration File System...
Oct 31 18:51:49 rich-VirtualBox systemd[1]: Mounted FUSE Control File System.
Oct 31 18:51:49 rich-VirtualBox systemd[1]: Mounted Kernel Configuration File System.
Oct 31 18:51:49 rich-VirtualBox systemd[1]: Started Load/Save Random Seed.
Oct 31 18:51:49 rich-VirtualBox systemd[1]: Started Set the console keyboard layout.
Oct 31 18:51:49 rich-VirtualBox systemd[1]: Started Create Static Device Nodes in /dev.
Oct 31 18:51:49 rich-VirtualBox systemd[1]: Starting udev Kernel Device Manager...
Oct 31 18:51:49 rich-VirtualBox systemd[1]: Reached target Local File Systems (Pre).
Oct 31 18:51:49 rich-VirtualBox systemd[1]: Mounting Mount unit for gnome-system-monitor, revision 57...
Oct 31 18:51:49 rich-VirtualBox systemd[1]: Mounting Mount unit for gnome-logs, revision 45...
Oct 31 18:51:49 rich-VirtualBox systemd[1]: Mounting Mount unit for gnome-characters, revision 103...
Oct 31 18:51:49 rich-VirtualBox systemd[1]: Reached target Local File Systems.
Oct 31 18:51:49 rich-VirtualBox systemd[1]: Starting Set console font and keymap...
Oct 31 18:51:49 rich-VirtualBox systemd[1]: Starting Tell Plymouth To Write Out Runtime Data...
Oct 31 18:51:49 rich-VirtualBox systemd[1]: Starting AppArmor initialization...
Oct 31 18:51:49 rich-VirtualBox systemd[1]: Starting Clean up any mess left by 0dns-up...
Oct 31 18:51:49 rich-VirtualBox systemd[1]: Mounting Mount unit for gnome-calculator, revision 238...
Oct 31 18:51:49 rich-VirtualBox systemd[1]: Mounting Mount unit for gtk-common-themes, revision 701...
Oct 31 18:51:49 rich-VirtualBox systemd[1]: Mounting Mount unit for gnome-3-26-1604, revision 74...
Oct 31 18:51:49 rich-VirtualBox systemd[1]: Mounting Mount unit for core, revision 4917...
Oct 31 18:51:49 rich-VirtualBox systemd[1]: Mounting Mount unit for gtk-common-themes, revision 319...
Oct 31 18:51:49 rich-VirtualBox systemd[1]: Mounting Mount unit for gnome-system-monitor, revision 51...
Oct 31 18:51:49 rich-VirtualBox systemd[1]: Mounting Mount unit for gnome-logs, revision 37...
Oct 31 18:51:49 rich-VirtualBox systemd[1]: Mounting Mount unit for gnome-calculator, revision 180...
Oct 31 18:51:49 rich-VirtualBox systemd[1]: Mounting Mount unit for gnome-characters, revision 139...
Oct 31 18:51:49 rich-VirtualBox systemd[1]: Mounting Mount unit for core, revision 5742...
Oct 31 18:51:49 rich-VirtualBox systemd[1]: Mounting Mount unit for gnome-3-26-1604, revision 70...
Oct 31 18:51:49 rich-VirtualBox systemd[1]: Activated swap /swapfile.
Oct 31 18:51:49 rich-VirtualBox systemd[1]: Started Flush Journal to Persistent Storage.
Oct 31 18:51:49 rich-VirtualBox systemd[1]: Mounted Mount unit for gnome-system-monitor, revision 57.
Oct 31 18:51:49 rich-VirtualBox systemd[1]: Mounted Mount unit for gnome-logs, revision 45.
Oct 31 18:51:49 rich-VirtualBox systemd[1]: Mounted Mount unit for gnome-characters, revision 103.
Oct 31 18:51:49 rich-VirtualBox systemd[1]: Started Set console font and keymap.
Oct 31 18:51:49 rich-VirtualBox systemd[1]: Starting Create Volatile Files and Directories...
Oct 31 18:51:49 rich-VirtualBox systemd[1]: Reached target Swap.
Oct 31 18:51:49 rich-VirtualBox systemd[1]: Mounted Mount unit for gtk-common-themes, revision 701.
Oct 31 18:51:49 rich-VirtualBox systemd[1]: Mounted Mount unit for gnome-calculator, revision 238.
Oct 31 18:51:49 rich-VirtualBox systemd[1]: Mounted Mount unit for gnome-characters, revision 139.
Oct 31 18:51:49 rich-VirtualBox systemd[1]: Mounted Mount unit for gnome-logs, revision 37.
Oct 31 18:51:49 rich-VirtualBox systemd[1]: Mounted Mount unit for core, revision 5742.
Oct 31 18:51:49 rich-VirtualBox systemd[1]: Mounted Mount unit for gnome-calculator, revision 180.
Oct 31 18:51:49 rich-VirtualBox systemd[1]: Mounted Mount unit for core, revision 4917.
Oct 31 18:51:49 rich-VirtualBox systemd[1]: Mounted Mount unit for gtk-common-themes, revision 319.
Oct 31 18:51:49 rich-VirtualBox systemd[1]: Mounted Mount unit for gnome-3-26-1604, revision 74.
Oct 31 18:51:49 rich-VirtualBox systemd[1]: Started Tell Plymouth To Write Out Runtime Data.
Oct 31 18:51:49 rich-VirtualBox systemd[1]: Mounted Mount unit for gnome-system-monitor, revision 51.
Oct 31 18:51:49 rich-VirtualBox systemd[1]: Mounted Mount unit for gnome-3-26-1604, revision 70.
Oct 31 18:51:49 rich-VirtualBox systemd[1]: Started Apply Kernel Variables.
Oct 31 18:51:49 rich-VirtualBox apparmor[255]:  * Starting AppArmor profiles
Oct 31 18:51:49 rich-VirtualBox systemd[1]: Started Clean up any mess left by 0dns-up.
Oct 31 18:51:49 rich-VirtualBox systemd[1]: Started Create Volatile Files and Directories.
Oct 31 18:51:49 rich-VirtualBox systemd[1]: Starting Network Time Synchronization...
Oct 31 18:51:49 rich-VirtualBox systemd[1]: Starting Update UTMP about System Boot/Shutdown...
Oct 31 18:51:49 rich-VirtualBox systemd[1]: Starting Network Name Resolution...
Oct 31 18:51:49 rich-VirtualBox systemd[1]: Starting RPC bind portmap service...
Oct 31 18:51:49 rich-VirtualBox systemd[1]: Started Update UTMP about System Boot/Shutdown.
Oct 31 18:51:49 rich-VirtualBox systemd[1]: Started Network Time Synchronization.
Oct 31 18:51:49 rich-VirtualBox systemd[1]: Reached target System Time Synchronized.
Oct 31 18:51:49 rich-VirtualBox systemd[1]: Started udev Kernel Device Manager.
Oct 31 18:51:49 rich-VirtualBox systemd[1]: Starting Show Plymouth Boot Screen...
Oct 31 18:51:49 rich-VirtualBox systemd[1]: Started Show Plymouth Boot Screen.
Oct 31 18:51:49 rich-VirtualBox systemd[1]: Started Forward Password Requests to Plymouth Directory Watch.
Oct 31 18:51:49 rich-VirtualBox systemd[1]: Reached target Local Encrypted Volumes.
Oct 31 18:51:49 rich-VirtualBox systemd-resolved[340]: Positive Trust Anchors:
Oct 31 18:51:49 rich-VirtualBox systemd-resolved[340]: . IN DS 19036 8 2 49aac11d7b6f6446702e54a1607371607a1a41855200fd2ce1cdde32f24e8fb5
Oct 31 18:51:49 rich-VirtualBox systemd-resolved[340]: . IN DS 20326 8 2 e06d44b80b8f1d39a95c0b0d7c65d08458e880409bbc683457104237c7f8ec8d
Oct 31 18:51:49 rich-VirtualBox systemd-resolved[340]: Negative trust anchors: 10.in-addr.arpa 16.172.in-addr.arpa 17.172.in-addr.arpa 18.172.in-addr.arpa 19.172.in-addr.arpa 20.172.in-addr.arpa 21.172.in-addr.arpa 22.172.in-addr.arpa 23.172.in-addr.arpa 24.172.in-addr.arpa 25.172.in-addr.arpa 26.172.in-addr.arpa 27.172.in-addr.arpa 28.172.in-addr.arpa 29.172.in-addr.arpa 30.172.in-addr.arpa 31.172.in-addr.arpa 168.192.in-addr.arpa d.f.ip6.arpa corp home internal intranet lan local private test
Oct 31 18:51:49 rich-VirtualBox systemd-resolved[340]: Using system hostname 'rich-VirtualBox'.
Oct 31 18:51:49 rich-VirtualBox systemd[1]: Started Network Name Resolution.
Oct 31 18:51:49 rich-VirtualBox systemd[1]: Reached target Host and Network Name Lookups.
Oct 31 18:51:49 rich-VirtualBox systemd[1]: Started RPC bind portmap service.
Oct 31 18:51:49 rich-VirtualBox systemd[1]: Reached target RPC Port Mapper.
Oct 31 18:51:49 rich-VirtualBox systemd[1]: Reached target Remote File Systems (Pre).
Oct 31 18:51:49 rich-VirtualBox systemd[1]: Reached target Remote File Systems.
Oct 31 18:51:49 rich-VirtualBox systemd-udevd[348]: link_config: autonegotiation is unset or enabled, the speed and duplex are not writable.
Oct 31 18:51:49 rich-VirtualBox apparmor[255]: Skipping profile in /etc/apparmor.d/disable: usr.bin.firefox
Oct 31 18:51:49 rich-VirtualBox systemd-udevd[348]: link_config: autonegotiation is unset or enabled, the speed and duplex are not writable.
Oct 31 18:51:49 rich-VirtualBox systemd[1]: Listening on Load/Save RF Kill Switch Status /dev/rfkill Watch.
Oct 31 18:51:49 rich-VirtualBox systemd[1]: Reached target Sound Card.
Oct 31 18:51:49 rich-VirtualBox systemd-udevd[347]: Process '/usr/sbin/alsactl -E HOME=/run/alsa restore 0' failed with exit code 99.
Oct 31 18:51:49 rich-VirtualBox apparmor[255]: Skipping profile in /etc/apparmor.d/disable: usr.sbin.rsyslogd
Oct 31 18:51:49 rich-VirtualBox systemd[1]: Received SIGRTMIN+20 from PID 355 (plymouthd).
Oct 31 18:51:49 rich-VirtualBox apparmor[255]:    ...done.
Oct 31 18:51:49 rich-VirtualBox systemd[1]: Started AppArmor initialization.
Oct 31 18:51:49 rich-VirtualBox systemd[1]: Reached target System Initialization.
Oct 31 18:51:49 rich-VirtualBox systemd[1]: Started CUPS Scheduler.
Oct 31 18:51:49 rich-VirtualBox systemd[1]: Listening on ACPID Listen Socket.
Oct 31 18:51:49 rich-VirtualBox systemd[1]: Listening on CUPS Scheduler.
Oct 31 18:51:49 rich-VirtualBox systemd[1]: Started Message of the Day.
Oct 31 18:51:49 rich-VirtualBox systemd[1]: Started Clean PHP session files every 30 mins.
Oct 31 18:51:49 rich-VirtualBox systemd[1]: Listening on D-Bus System Message Bus Socket.
Oct 31 18:51:49 rich-VirtualBox systemd[1]: Started Daily apt download activities.
Oct 31 18:51:49 rich-VirtualBox systemd[1]: Listening on Avahi mDNS/DNS-SD Stack Activation Socket.
Oct 31 18:51:49 rich-VirtualBox systemd[1]: Started Trigger anacron every hour.
Oct 31 18:51:49 rich-VirtualBox systemd[1]: Listening on UUID daemon activation socket.
Oct 31 18:51:49 rich-VirtualBox systemd[1]: Started Discard unused blocks once a week.
Oct 31 18:51:49 rich-VirtualBox systemd[1]: Started Daily Cleanup of Temporary Directories.
Oct 31 18:51:49 rich-VirtualBox systemd[1]: Starting Socket activation for snappy daemon.
Oct 31 18:51:49 rich-VirtualBox systemd[1]: Started ACPI Events Check.
Oct 31 18:51:49 rich-VirtualBox systemd[1]: Reached target Paths.
Oct 31 18:51:49 rich-VirtualBox systemd[1]: Started Daily apt upgrade and clean activities.
Oct 31 18:51:49 rich-VirtualBox systemd[1]: Reached target Timers.
Oct 31 18:51:49 rich-VirtualBox systemd[1]: Starting Raise network interfaces...
Oct 31 18:51:49 rich-VirtualBox systemd[1]: Listening on Socket activation for snappy daemon.
Oct 31 18:51:49 rich-VirtualBox systemd[1]: Reached target Sockets.
Oct 31 18:51:49 rich-VirtualBox systemd[1]: Reached target Basic System.
Oct 31 18:51:49 rich-VirtualBox systemd[1]: Starting Detect the available GPUs and deal with any system changes...
Oct 31 18:51:49 rich-VirtualBox systemd[1]: Started CUPS Scheduler.
Oct 31 18:51:49 rich-VirtualBox systemd[1]: Started ACPI event daemon.
Oct 31 18:51:49 rich-VirtualBox systemd[1]: Started Run anacron jobs.
Oct 31 18:51:49 rich-VirtualBox systemd[1]: Starting Avahi mDNS/DNS-SD Stack...
Oct 31 18:51:49 rich-VirtualBox systemd[1]: Starting Clean php session files...
Oct 31 18:51:49 rich-VirtualBox systemd[1]: Starting Disk Manager...
Oct 31 18:51:49 rich-VirtualBox systemd[1]: Starting LSB: Speech Dispatcher...
Oct 31 18:51:49 rich-VirtualBox systemd[1]: Starting Thermal Daemon Service...
Oct 31 18:51:49 rich-VirtualBox anacron[514]: Anacron 2.3 started on 2018-10-31
Oct 31 18:51:49 rich-VirtualBox acpid: starting up with netlink and the input layer
Oct 31 18:51:49 rich-VirtualBox gpu-manager[511]: /etc/modprobe.d is not a file
Oct 31 18:51:49 rich-VirtualBox gpu-manager[511]: message repeated 2 times: [ /etc/modprobe.d is not a file]
Oct 31 18:51:49 rich-VirtualBox systemd[1]: Started irqbalance daemon.
Oct 31 18:51:49 rich-VirtualBox systemd[1]: Starting Dispatcher daemon for systemd-networkd...
Oct 31 18:51:49 rich-VirtualBox anacron[514]: Normal exit (0 jobs run)
Oct 31 18:51:49 rich-VirtualBox systemd[1]: Starting Login Service...
Oct 31 18:51:49 rich-VirtualBox systemd[1]: Starting Restore /etc/resolv.conf if the system crashed before the ppp link was shut down...
Oct 31 18:51:49 rich-VirtualBox systemd[1]: Starting Modem Manager...
Oct 31 18:51:49 rich-VirtualBox systemd[1]: Starting LSB: automatic crash report generation...
Oct 31 18:51:49 rich-VirtualBox systemd[1]: Starting System Logging Service...
Oct 31 18:51:49 rich-VirtualBox systemd[1]: Starting Save/Restore Sound Card State...
Oct 31 18:51:49 rich-VirtualBox systemd[1]: Starting LSB: Record successful boot for GRUB...
Oct 31 18:51:49 rich-VirtualBox acpid: 8 rules loaded
Oct 31 18:51:49 rich-VirtualBox acpid: waiting for events: event logging is off
Oct 31 18:51:49 rich-VirtualBox /usr/sbin/irqbalance: Balancing is ineffective on systems with a single cpu.  Shutting down
Oct 31 18:51:49 rich-VirtualBox systemd[1]: Started Regular background program processing daemon.
Oct 31 18:51:49 rich-VirtualBox systemd[1]: Starting Accounts Service...
Oct 31 18:51:49 rich-VirtualBox systemd[1]: Reached target Login Prompts.
Oct 31 18:51:49 rich-VirtualBox systemd[1]: Started D-Bus System Message Bus.
Oct 31 18:51:49 rich-VirtualBox avahi-daemon[516]: Found user 'avahi' (UID 116) and group 'avahi' (GID 122).
Oct 31 18:51:49 rich-VirtualBox avahi-daemon[516]: Successfully dropped root privileges.
Oct 31 18:51:49 rich-VirtualBox avahi-daemon[516]: avahi-daemon 0.7 starting up.
Oct 31 18:51:49 rich-VirtualBox cron[561]: (CRON) INFO (pidfile fd = 3)
Oct 31 18:51:49 rich-VirtualBox gpu-manager[511]: /etc/modprobe.d is not a file
Oct 31 18:51:49 rich-VirtualBox gpu-manager[511]: Error: can't open /lib/modules/4.15.0-29-generic/updates/dkms
Oct 31 18:51:49 rich-VirtualBox gpu-manager[511]: Error: can't open /lib/modules/4.15.0-29-generic/updates/dkms
Oct 31 18:51:49 rich-VirtualBox udisksd[518]: udisks daemon version 2.7.6 starting
Oct 31 18:51:49 rich-VirtualBox ModemManager[533]: <info>  ModemManager (version 1.6.8) starting in system bus...
Oct 31 18:51:49 rich-VirtualBox cron[561]: (CRON) INFO (Running @reboot jobs)
Oct 31 18:51:49 rich-VirtualBox rsyslogd: imuxsock: Acquired UNIX socket '/run/systemd/journal/syslog' (fd 3) from systemd.  [v8.32.0]
Oct 31 18:51:49 rich-VirtualBox rsyslogd: rsyslogd's groupid changed to 106
Oct 31 18:51:49 rich-VirtualBox rsyslogd: rsyslogd's userid changed to 102
Oct 31 18:51:49 rich-VirtualBox rsyslogd:  [origin software="rsyslogd" swVersion="8.32.0" x-pid="535" x-info="http://www.rsyslog.com"] start
Oct 31 18:51:49 rich-VirtualBox dbus-daemon[563]: dbus[563]: Unknown group "power" in message bus configuration file
Oct 31 18:51:50 rich-VirtualBox dbus-daemon[563]: [system] AppArmor D-Bus mediation is enabled
Oct 31 18:51:50 rich-VirtualBox dbus-daemon[563]: [system] Successfully activated service 'org.freedesktop.systemd1'
Oct 31 18:51:50 rich-VirtualBox systemd[1]: Started Login Service.
Oct 31 18:51:50 rich-VirtualBox systemd[1]: Starting Network Manager...
Oct 31 18:51:50 rich-VirtualBox avahi-daemon[516]: Successfully called chroot().
Oct 31 18:51:50 rich-VirtualBox avahi-daemon[516]: Successfully dropped remaining capabilities.
Oct 31 18:51:50 rich-VirtualBox systemd[1]: Starting WPA supplicant...
Oct 31 18:51:50 rich-VirtualBox avahi-daemon[516]: No service file found in /etc/avahi/services.
Oct 31 18:51:50 rich-VirtualBox avahi-daemon[516]: Joining mDNS multicast group on interface lo.IPv6 with address ::1.
Oct 31 18:51:50 rich-VirtualBox avahi-daemon[516]: New relevant interface lo.IPv6 for mDNS.
Oct 31 18:51:50 rich-VirtualBox avahi-daemon[516]: Joining mDNS multicast group on interface lo.IPv4 with address 127.0.0.1.
Oct 31 18:51:50 rich-VirtualBox avahi-daemon[516]: New relevant interface lo.IPv4 for mDNS.
Oct 31 18:51:50 rich-VirtualBox avahi-daemon[516]: Network interface enumeration completed.
Oct 31 18:51:50 rich-VirtualBox avahi-daemon[516]: Registering new address record for ::1 on lo.*.
Oct 31 18:51:50 rich-VirtualBox avahi-daemon[516]: Registering new address record for 127.0.0.1 on lo.IPv4.
Oct 31 18:51:50 rich-VirtualBox systemd[1]: Starting Snappy daemon...
Oct 31 18:51:50 rich-VirtualBox systemd[1]: Started System Logging Service.
Oct 31 18:51:50 rich-VirtualBox systemd[1]: Started Detect the available GPUs and deal with any system changes.
Oct 31 18:51:50 rich-VirtualBox systemd[1]: Started Restore /etc/resolv.conf if the system crashed before the ppp link was shut down.
Oct 31 18:51:50 rich-VirtualBox alsactl[593]: /usr/sbin/alsactl: load_state:1683: Cannot open /var/lib/alsa/asound.state for reading: No such file or directory
Oct 31 18:51:50 rich-VirtualBox alsactl[593]: Found hardware: "ICH" "Analog Devices AD1980" "AC97a:41445370" "0x1028" "0x0177"
Oct 31 18:51:50 rich-VirtualBox alsactl[593]: Hardware is initialized using a generic method
Oct 31 18:51:50 rich-VirtualBox systemd[1]: Started Save/Restore Sound Card State.
Oct 31 18:51:50 rich-VirtualBox apport[534]:  * Starting automatic crash report generation: apport
Oct 31 18:51:50 rich-VirtualBox grub-common[537]:  * Recording successful boot for GRUB
Oct 31 18:51:50 rich-VirtualBox systemd[1]: Started Avahi mDNS/DNS-SD Stack.
Oct 31 18:51:50 rich-VirtualBox systemd[1]: Started Thermal Daemon Service.
Oct 31 18:51:50 rich-VirtualBox systemd[1]: Started Make remote CUPS printers available locally.
Oct 31 18:51:50 rich-VirtualBox dbus-daemon[563]: [system] Activating via systemd: service name='org.freedesktop.PolicyKit1' unit='polkit.service' requested by ':1.6' (uid=0 pid=533 comm="/usr/sbin/ModemManager " label="unconfined")
Oct 31 18:51:50 rich-VirtualBox thermald[520]: NO RAPL sysfs present
Oct 31 18:51:50 rich-VirtualBox thermald[520]: 22 CPUID levels; family:model:stepping 0x6:8e:9 (6:142:9)
Oct 31 18:51:50 rich-VirtualBox thermald[520]: Polling mode is enabled: 4
Oct 31 18:51:50 rich-VirtualBox thermald[520]: Thermal DTS: No coretemp sysfs found
Oct 31 18:51:50 rich-VirtualBox systemd[1]: Starting Authorization Manager...
Oct 31 18:51:50 rich-VirtualBox speech-dispatcher[519]:  * speech-dispatcher disabled; edit /etc/default/speech-dispatcher
Oct 31 18:51:50 rich-VirtualBox systemd[1]: Started LSB: Speech Dispatcher.
Oct 31 18:51:51 rich-VirtualBox apport[534]:    ...done.
Oct 31 18:51:51 rich-VirtualBox systemd[1]: Started LSB: automatic crash report generation.
Oct 31 18:51:51 rich-VirtualBox thermald[520]: Thermal DTS or hwmon: No Zones present Need to configure manually
Oct 31 18:51:51 rich-VirtualBox thermald[520]: No thermal sensors found
Oct 31 18:51:51 rich-VirtualBox thermald[520]: THD engine start failed
Oct 31 18:51:51 rich-VirtualBox avahi-daemon[516]: Server startup complete. Host name is rich-VirtualBox.local. Local service cookie is 1192694006.
Oct 31 18:51:51 rich-VirtualBox udisksd[518]: failed to load module mdraid: libbd_mdraid.so.2: cannot open shared object file: No such file or directory
Oct 31 18:51:51 rich-VirtualBox udisksd[518]: Failed to load the 'mdraid' libblockdev plugin
Oct 31 18:51:52 rich-VirtualBox polkitd[603]: started daemon version 0.105 using authority implementation `local' version `0.105'
Oct 31 18:51:52 rich-VirtualBox systemd[1]: Started Authorization Manager.
Oct 31 18:51:52 rich-VirtualBox dbus-daemon[563]: [system] Successfully activated service 'org.freedesktop.PolicyKit1'
Oct 31 18:51:52 rich-VirtualBox accounts-daemon[562]: started daemon version 0.6.45
Oct 31 18:51:52 rich-VirtualBox systemd[1]: Started Accounts Service.
Oct 31 18:51:53 rich-VirtualBox grub-common[537]:    ...done.
Oct 31 18:51:53 rich-VirtualBox systemd[1]: Started LSB: Record successful boot for GRUB.
Oct 31 18:51:54 rich-VirtualBox systemd[1]: Started Disk Manager.
Oct 31 18:51:54 rich-VirtualBox udisksd[518]: Acquired the name org.freedesktop.UDisks2 on the system message bus
Oct 31 18:51:55 rich-VirtualBox systemd[1]: Started WPA supplicant.
Oct 31 18:51:55 rich-VirtualBox wpa_supplicant[590]: Successfully initialized wpa_supplicant
Oct 31 18:51:55 rich-VirtualBox systemd[1]: Started Modem Manager.
Oct 31 18:51:55 rich-VirtualBox NetworkManager[586]: <info>  [1541026315.6604] NetworkManager (version 1.10.6) is starting... (for the first time)
Oct 31 18:51:55 rich-VirtualBox NetworkManager[586]: <info>  [1541026315.6604] Read config: /etc/NetworkManager/NetworkManager.conf (lib: 10-dns-resolved.conf, 20-connectivity-ubuntu.conf, no-mac-addr-change.conf) (run: 10-globally-managed-devices.conf) (etc: default-wifi-powersave-on.conf)
Oct 31 18:51:55 rich-VirtualBox NetworkManager[586]: <info>  [1541026315.8060] manager[0x5609cab88060]: monitoring kernel firmware directory '/lib/firmware'.
Oct 31 18:51:55 rich-VirtualBox NetworkManager[586]: <info>  [1541026315.8063] monitoring ifupdown state file '/run/network/ifstate'.
Oct 31 18:51:55 rich-VirtualBox snapd[591]: AppArmor status: apparmor is enabled and all features are available
Oct 31 18:51:55 rich-VirtualBox dbus-daemon[563]: [system] Activating via systemd: service name='org.freedesktop.hostname1' unit='dbus-org.freedesktop.hostname1.service' requested by ':1.14' (uid=0 pid=586 comm="/usr/sbin/NetworkManager --no-daemon " label="unconfined")
Oct 31 18:51:55 rich-VirtualBox systemd[1]: Starting Hostname Service...
Oct 31 18:51:55 rich-VirtualBox ifup[592]: postconf: fatal: open /etc/postfix/main.cf: No such file or directory
Oct 31 18:51:56 rich-VirtualBox dbus-daemon[563]: [system] Successfully activated service 'org.freedesktop.hostname1'
Oct 31 18:51:56 rich-VirtualBox systemd[1]: Started Hostname Service.
Oct 31 18:51:56 rich-VirtualBox NetworkManager[586]: <info>  [1541026316.0089] hostname: hostname: using hostnamed
Oct 31 18:51:56 rich-VirtualBox NetworkManager[586]: <info>  [1541026316.0090] hostname: hostname changed from (none) to "rich-VirtualBox"
Oct 31 18:51:56 rich-VirtualBox NetworkManager[586]: <info>  [1541026316.0092] dns-mgr[0x5609caba6940]: init: dns=systemd-resolved, rc-manager=symlink, plugin=systemd-resolved
Oct 31 18:51:56 rich-VirtualBox NetworkManager[586]: <info>  [1541026316.0096] manager[0x5609cab88060]: rfkill: WiFi hardware radio set enabled
Oct 31 18:51:56 rich-VirtualBox NetworkManager[586]: <info>  [1541026316.0096] manager[0x5609cab88060]: rfkill: WWAN hardware radio set enabled
Oct 31 18:51:56 rich-VirtualBox systemd[1]: Started Network Manager.
Oct 31 18:51:56 rich-VirtualBox systemd[1]: Starting Network Manager Wait Online...
Oct 31 18:51:56 rich-VirtualBox dbus-daemon[563]: [system] Activating via systemd: service name='org.freedesktop.nm_dispatcher' unit='dbus-org.freedesktop.nm-dispatcher.service' requested by ':1.14' (uid=0 pid=586 comm="/usr/sbin/NetworkManager --no-daemon " label="unconfined")
Oct 31 18:51:56 rich-VirtualBox systemd[1]: Starting Network Manager Script Dispatcher Service...
Oct 31 18:51:57 rich-VirtualBox snapd[591]: AppArmor status: apparmor is enabled and all features are available
Oct 31 18:51:57 rich-VirtualBox dbus-daemon[563]: [system] Successfully activated service 'org.freedesktop.nm_dispatcher'
Oct 31 18:51:57 rich-VirtualBox systemd[1]: Started Network Manager Script Dispatcher Service.
Oct 31 18:51:57 rich-VirtualBox NetworkManager[586]: <info>  [1541026317.2382] init!
Oct 31 18:51:57 rich-VirtualBox NetworkManager[586]: <info>  [1541026317.2392]       interface-parser: parsing file /etc/network/interfaces
Oct 31 18:51:57 rich-VirtualBox NetworkManager[586]: <info>  [1541026317.2392]       interface-parser: finished parsing file /etc/network/interfaces
Oct 31 18:51:57 rich-VirtualBox NetworkManager[586]: <info>  [1541026317.2392] management mode: unmanaged
Oct 31 18:51:57 rich-VirtualBox NetworkManager[586]: <info>  [1541026317.2396] devices added (path: /sys/devices/pci0000:00/0000:00:03.0/net/enp0s3, iface: enp0s3)
Oct 31 18:51:57 rich-VirtualBox NetworkManager[586]: <info>  [1541026317.2396] device added (path: /sys/devices/pci0000:00/0000:00:03.0/net/enp0s3, iface: enp0s3): no ifupdown configuration found.
Oct 31 18:51:57 rich-VirtualBox NetworkManager[586]: <info>  [1541026317.2396] devices added (path: /sys/devices/virtual/net/lo, iface: lo)
Oct 31 18:51:57 rich-VirtualBox NetworkManager[586]: <info>  [1541026317.2396] device added (path: /sys/devices/virtual/net/lo, iface: lo): no ifupdown configuration found.
Oct 31 18:51:57 rich-VirtualBox NetworkManager[586]: <info>  [1541026317.2396] end _init.
Oct 31 18:51:57 rich-VirtualBox NetworkManager[586]: <info>  [1541026317.2396] settings: loaded plugin ifupdown: (C) 2008 Canonical Ltd.  To report bugs please use the NetworkManager mailing list. (/usr/lib/x86_64-linux-gnu/NetworkManager/libnm-settings-plugin-ifupdown.so)
Oct 31 18:51:57 rich-VirtualBox NetworkManager[586]: <info>  [1541026317.2397] settings: loaded plugin keyfile: (c) 2007 - 2016 Red Hat, Inc.  To report bugs please use the NetworkManager mailing list.
Oct 31 18:51:57 rich-VirtualBox NetworkManager[586]: <info>  [1541026317.2397] (-893637504) ... get_connections.
Oct 31 18:51:57 rich-VirtualBox NetworkManager[586]: <info>  [1541026317.2397] (-893637504) ... get_connections (managed=false): return empty list.
Oct 31 18:51:57 rich-VirtualBox NetworkManager[586]: <info>  [1541026317.2689] get unmanaged devices count: 0
Oct 31 18:51:57 rich-VirtualBox NetworkManager[586]: <info>  [1541026317.2690] manager: rfkill: WiFi enabled by radio killswitch; enabled by state file
Oct 31 18:51:57 rich-VirtualBox NetworkManager[586]: <info>  [1541026317.2690] manager: rfkill: WWAN enabled by radio killswitch; enabled by state file
Oct 31 18:51:57 rich-VirtualBox NetworkManager[586]: <info>  [1541026317.2690] manager: Networking is enabled by state file
Oct 31 18:51:57 rich-VirtualBox NetworkManager[586]: <info>  [1541026317.2692] dhcp-init: Using DHCP client 'dhclient'
Oct 31 18:51:57 rich-VirtualBox nm-dispatcher: req:1 'hostname': new request (1 scripts)
Oct 31 18:51:57 rich-VirtualBox nm-dispatcher: req:1 'hostname': start running ordered scripts...
Oct 31 18:51:57 rich-VirtualBox NetworkManager[586]: <info>  [1541026317.2897] Loaded device plugin: NMBondDeviceFactory (internal)
Oct 31 18:51:57 rich-VirtualBox NetworkManager[586]: <info>  [1541026317.2898] Loaded device plugin: NMBridgeDeviceFactory (internal)
Oct 31 18:51:57 rich-VirtualBox NetworkManager[586]: <info>  [1541026317.2898] Loaded device plugin: NMDummyDeviceFactory (internal)
Oct 31 18:51:57 rich-VirtualBox NetworkManager[586]: <info>  [1541026317.2898] Loaded device plugin: NMEthernetDeviceFactory (internal)
Oct 31 18:51:57 rich-VirtualBox NetworkManager[586]: <info>  [1541026317.2898] Loaded device plugin: NMInfinibandDeviceFactory (internal)
Oct 31 18:51:57 rich-VirtualBox NetworkManager[586]: <info>  [1541026317.2898] Loaded device plugin: NMIPTunnelDeviceFactory (internal)
Oct 31 18:51:57 rich-VirtualBox NetworkManager[586]: <info>  [1541026317.2898] Loaded device plugin: NMMacsecDeviceFactory (internal)
Oct 31 18:51:57 rich-VirtualBox NetworkManager[586]: <info>  [1541026317.2898] Loaded device plugin: NMMacvlanDeviceFactory (internal)
Oct 31 18:51:57 rich-VirtualBox NetworkManager[586]: <info>  [1541026317.2899] Loaded device plugin: NMPppDeviceFactory (internal)
Oct 31 18:51:57 rich-VirtualBox NetworkManager[586]: <info>  [1541026317.2899] Loaded device plugin: NMTunDeviceFactory (internal)
Oct 31 18:51:57 rich-VirtualBox NetworkManager[586]: <info>  [1541026317.2899] Loaded device plugin: NMVethDeviceFactory (internal)
Oct 31 18:51:57 rich-VirtualBox NetworkManager[586]: <info>  [1541026317.2899] Loaded device plugin: NMVlanDeviceFactory (internal)
Oct 31 18:51:57 rich-VirtualBox NetworkManager[586]: <info>  [1541026317.2899] Loaded device plugin: NMVxlanDeviceFactory (internal)
Oct 31 18:51:57 rich-VirtualBox NetworkManager[586]: <info>  [1541026317.3675] Loaded device plugin: NMWifiFactory (/usr/lib/x86_64-linux-gnu/NetworkManager/libnm-device-plugin-wifi.so)
Oct 31 18:51:57 rich-VirtualBox NetworkManager[586]: <info>  [1541026317.4012] Loaded device plugin: NMAtmManager (/usr/lib/x86_64-linux-gnu/NetworkManager/libnm-device-plugin-adsl.so)
Oct 31 18:51:57 rich-VirtualBox NetworkManager[586]: <info>  [1541026317.4498] Loaded device plugin: NMWwanFactory (/usr/lib/x86_64-linux-gnu/NetworkManager/libnm-device-plugin-wwan.so)
Oct 31 18:51:57 rich-VirtualBox NetworkManager[586]: <info>  [1541026317.4731] Loaded device plugin: NMBluezManager (/usr/lib/x86_64-linux-gnu/NetworkManager/libnm-device-plugin-bluetooth.so)
Oct 31 18:51:57 rich-VirtualBox NetworkManager[586]: <info>  [1541026317.5318] Loaded device plugin: NMTeamFactory (/usr/lib/x86_64-linux-gnu/NetworkManager/libnm-device-plugin-team.so)
Oct 31 18:51:57 rich-VirtualBox NetworkManager[586]: <info>  [1541026317.5445] device (lo): carrier: link connected
Oct 31 18:51:57 rich-VirtualBox NetworkManager[586]: <info>  [1541026317.5465] manager: (lo): new Generic device (/org/freedesktop/NetworkManager/Devices/1)
Oct 31 18:51:57 rich-VirtualBox NetworkManager[586]: <info>  [1541026317.5489] manager: (enp0s3): new Ethernet device (/org/freedesktop/NetworkManager/Devices/2)
Oct 31 18:51:57 rich-VirtualBox NetworkManager[586]: <info>  [1541026317.5505] keyfile: add connection in-memory (d16c6e6f-4aa7-3b28-88f7-1766613a63ec,"Wired connection 1")
Oct 31 18:51:57 rich-VirtualBox NetworkManager[586]: <info>  [1541026317.5869] settings: (enp0s3): created default wired connection 'Wired connection 1'
Oct 31 18:51:57 rich-VirtualBox NetworkManager[586]: <info>  [1541026317.5892] device (enp0s3): state change: unmanaged -> unavailable (reason 'managed', sys-iface-state: 'external')
Oct 31 18:51:57 rich-VirtualBox kernel: [   68.317926] IPv6: ADDRCONF(NETDEV_UP): enp0s3: link is not ready
Oct 31 18:51:57 rich-VirtualBox kernel: [   68.321263] IPv6: ADDRCONF(NETDEV_UP): enp0s3: link is not ready
Oct 31 18:51:57 rich-VirtualBox kernel: [   68.328477] e1000: enp0s3 NIC Link is Up 1000 Mbps Full Duplex, Flow Control: RX
Oct 31 18:51:57 rich-VirtualBox kernel: [   68.328798] IPv6: ADDRCONF(NETDEV_CHANGE): enp0s3: link becomes ready
Oct 31 18:51:57 rich-VirtualBox NetworkManager[586]: <info>  [1541026317.6654] modem-manager: ModemManager available
Oct 31 18:51:57 rich-VirtualBox NetworkManager[586]: <info>  [1541026317.6741] device (enp0s3): carrier: link connected
Oct 31 18:51:57 rich-VirtualBox NetworkManager[586]: <info>  [1541026317.6758] device (enp0s3): state change: unavailable -> disconnected (reason 'carrier-changed', sys-iface-state: 'managed')
Oct 31 18:51:57 rich-VirtualBox NetworkManager[586]: <info>  [1541026317.6804] policy: auto-activating connection 'Wired connection 1'
Oct 31 18:51:57 rich-VirtualBox NetworkManager[586]: <info>  [1541026317.6818] device (enp0s3): Activation: starting connection 'Wired connection 1' (d16c6e6f-4aa7-3b28-88f7-1766613a63ec)
