Oct 31 01:59:45 ubuntu kernel: [    0.000000] Linux version 4.15.0-29-generic (buildd@lgw01-amd64-057) (gcc version 7.3.0 (Ubuntu 7.3.0-16ubuntu3)) #31-Ubuntu SMP Tue Jul 17 15:39:52 UTC 2018 (Ubuntu 4.15.0-29.31-generic 4.15.18)
Oct 31 01:59:45 ubuntu kernel: [    0.000000] Command line: file=/cdrom/preseed/ubuntu.seed boot=casper initrd=/casper/initrd.lz quiet splash --- maybe-ubiquity
Oct 31 01:59:45 ubuntu kernel: [    0.000000] KERNEL supported cpus:
Oct 31 01:59:45 ubuntu kernel: [    0.000000]   Intel GenuineIntel
Oct 31 01:59:45 ubuntu kernel: [    0.000000]   AMD AuthenticAMD
Oct 31 01:59:45 ubuntu kernel: [    0.000000]   Centaur CentaurHauls
Oct 31 01:59:45 ubuntu kernel: [    0.000000] x86/fpu: Supporting XSAVE feature 0x001: 'x87 floating point registers'
Oct 31 01:59:45 ubuntu kernel: [    0.000000] x86/fpu: Supporting XSAVE feature 0x002: 'SSE registers'
Oct 31 01:59:45 ubuntu kernel: [    0.000000] x86/fpu: Supporting XSAVE feature 0x004: 'AVX registers'
Oct 31 01:59:45 ubuntu kernel: [    0.000000] x86/fpu: xstate_offset[2]:  576, xstate_sizes[2]:  256
Oct 31 01:59:45 ubuntu kernel: [    0.000000] x86/fpu: Enabled xstate features 0x7, context size is 832 bytes, using 'standard' format.
Oct 31 01:59:45 ubuntu kernel: [    0.000000] e820: BIOS-provided physical RAM map:
Oct 31 01:59:45 ubuntu kernel: [    0.000000] BIOS-e820: [mem 0x0000000000000000-0x000000000009fbff] usable
Oct 31 01:59:45 ubuntu kernel: [    0.000000] BIOS-e820: [mem 0x000000000009fc00-0x000000000009ffff] reserved
Oct 31 01:59:45 ubuntu kernel: [    0.000000] BIOS-e820: [mem 0x00000000000f0000-0x00000000000fffff] reserved
Oct 31 01:59:45 ubuntu kernel: [    0.000000] BIOS-e820: [mem 0x0000000000100000-0x00000000dffeffff] usable
Oct 31 01:59:45 ubuntu kernel: [    0.000000] BIOS-e820: [mem 0x00000000dfff0000-0x00000000dfffffff] ACPI data
Oct 31 01:59:45 ubuntu kernel: [    0.000000] BIOS-e820: [mem 0x00000000fec00000-0x00000000fec00fff] reserved
Oct 31 01:59:45 ubuntu kernel: [    0.000000] BIOS-e820: [mem 0x00000000fee00000-0x00000000fee00fff] reserved
Oct 31 01:59:45 ubuntu kernel: [    0.000000] BIOS-e820: [mem 0x00000000fffc0000-0x00000000ffffffff] reserved
Oct 31 01:59:45 ubuntu kernel: [    0.000000] BIOS-e820: [mem 0x0000000100000000-0x000000015d5fffff] usable
Oct 31 01:59:45 ubuntu kernel: [    0.000000] NX (Execute Disable) protection: active
Oct 31 01:59:45 ubuntu kernel: [    0.000000] SMBIOS 2.5 present.
Oct 31 01:59:45 ubuntu kernel: [    0.000000] DMI: innotek GmbH VirtualBox/VirtualBox, BIOS VirtualBox 12/01/2006
Oct 31 01:59:45 ubuntu kernel: [    0.000000] Hypervisor detected: KVM
Oct 31 01:59:45 ubuntu kernel: [    0.000000] e820: update [mem 0x00000000-0x00000fff] usable ==> reserved
Oct 31 01:59:45 ubuntu kernel: [    0.000000] e820: remove [mem 0x000a0000-0x000fffff] usable
Oct 31 01:59:45 ubuntu kernel: [    0.000000] e820: last_pfn = 0x15d600 max_arch_pfn = 0x400000000
Oct 31 01:59:45 ubuntu kernel: [    0.000000] MTRR default type: uncachable
Oct 31 01:59:45 ubuntu kernel: [    0.000000] MTRR variable ranges disabled:
Oct 31 01:59:45 ubuntu kernel: [    0.000000] MTRR: Disabled
Oct 31 01:59:45 ubuntu kernel: [    0.000000] x86/PAT: MTRRs disabled, skipping PAT initialization too.
Oct 31 01:59:45 ubuntu kernel: [    0.000000] CPU MTRRs all blank - virtualized system.
Oct 31 01:59:45 ubuntu kernel: [    0.000000] x86/PAT: Configuration [0-7]: WB  WT  UC- UC  WB  WT  UC- UC  
Oct 31 01:59:45 ubuntu kernel: [    0.000000] e820: last_pfn = 0xdfff0 max_arch_pfn = 0x400000000
Oct 31 01:59:45 ubuntu kernel: [    0.000000] Scanning 1 areas for low memory corruption
Oct 31 01:59:45 ubuntu kernel: [    0.000000] Base memory trampoline at [        (ptrval)] 99000 size 24576
Oct 31 01:59:45 ubuntu kernel: [    0.000000] BRK [0x127f3f000, 0x127f3ffff] PGTABLE
Oct 31 01:59:45 ubuntu kernel: [    0.000000] BRK [0x127f40000, 0x127f40fff] PGTABLE
Oct 31 01:59:45 ubuntu kernel: [    0.000000] BRK [0x127f41000, 0x127f41fff] PGTABLE
Oct 31 01:59:45 ubuntu kernel: [    0.000000] BRK [0x127f42000, 0x127f42fff] PGTABLE
Oct 31 01:59:45 ubuntu kernel: [    0.000000] BRK [0x127f43000, 0x127f43fff] PGTABLE
Oct 31 01:59:45 ubuntu kernel: [    0.000000] BRK [0x127f44000, 0x127f44fff] PGTABLE
Oct 31 01:59:45 ubuntu kernel: [    0.000000] BRK [0x127f45000, 0x127f45fff] PGTABLE
Oct 31 01:59:45 ubuntu kernel: [    0.000000] BRK [0x127f46000, 0x127f46fff] PGTABLE
Oct 31 01:59:45 ubuntu kernel: [    0.000000] BRK [0x127f47000, 0x127f47fff] PGTABLE
Oct 31 01:59:45 ubuntu kernel: [    0.000000] RAMDISK: [mem 0x7dcd4000-0x7fffffff]
Oct 31 01:59:45 ubuntu kernel: [    0.000000] ACPI: Early table checksum verification disabled
Oct 31 01:59:45 ubuntu kernel: [    0.000000] ACPI: RSDP 0x00000000000E0000 000024 (v02 VBOX  )
Oct 31 01:59:45 ubuntu kernel: [    0.000000] ACPI: XSDT 0x00000000DFFF0030 000034 (v01 VBOX   VBOXXSDT 00000001 ASL  00000061)
Oct 31 01:59:45 ubuntu kernel: [    0.000000] ACPI: FACP 0x00000000DFFF00F0 0000F4 (v04 VBOX   VBOXFACP 00000001 ASL  00000061)
Oct 31 01:59:45 ubuntu kernel: [    0.000000] ACPI: DSDT 0x00000000DFFF0410 0021FF (v02 VBOX   VBOXBIOS 00000002 INTL 20100528)
Oct 31 01:59:45 ubuntu kernel: [    0.000000] ACPI: FACS 0x00000000DFFF0200 000040
Oct 31 01:59:45 ubuntu kernel: [    0.000000] ACPI: FACS 0x00000000DFFF0200 000040
Oct 31 01:59:45 ubuntu kernel: [    0.000000] ACPI: SSDT 0x00000000DFFF0240 0001CC (v01 VBOX   VBOXCPUT 00000002 INTL 20100528)
Oct 31 01:59:45 ubuntu kernel: [    0.000000] No NUMA configuration found
Oct 31 01:59:45 ubuntu kernel: [    0.000000] Faking a node at [mem 0x0000000000000000-0x000000015d5fffff]
Oct 31 01:59:45 ubuntu kernel: [    0.000000] NODE_DATA(0) allocated [mem 0x15d5d4000-0x15d5fefff]
Oct 31 01:59:45 ubuntu kernel: [    0.000000] kvm-clock: cpu 0, msr 1:5d553001, primary cpu clock
Oct 31 01:59:45 ubuntu kernel: [    0.000000] kvm-clock: Using msrs 4b564d01 and 4b564d00
Oct 31 01:59:45 ubuntu kernel: [    0.000000] kvm-clock: using sched offset of 8537226160 cycles
Oct 31 01:59:45 ubuntu kernel: [    0.000000] clocksource: kvm-clock: mask: 0xffffffffffffffff max_cycles: 0x1cd42e4dffb, max_idle_ns: 881590591483 ns
Oct 31 01:59:45 ubuntu kernel: [    0.000000] Zone ranges:
Oct 31 01:59:45 ubuntu kernel: [    0.000000]   DMA      [mem 0x0000000000001000-0x0000000000ffffff]
Oct 31 01:59:45 ubuntu kernel: [    0.000000]   DMA32    [mem 0x0000000001000000-0x00000000ffffffff]
Oct 31 01:59:45 ubuntu kernel: [    0.000000]   Normal   [mem 0x0000000100000000-0x000000015d5fffff]
Oct 31 01:59:45 ubuntu kernel: [    0.000000]   Device   empty
Oct 31 01:59:45 ubuntu kernel: [    0.000000] Movable zone start for each node
Oct 31 01:59:45 ubuntu kernel: [    0.000000] Early memory node ranges
Oct 31 01:59:45 ubuntu kernel: [    0.000000]   node   0: [mem 0x0000000000001000-0x000000000009efff]
Oct 31 01:59:45 ubuntu kernel: [    0.000000]   node   0: [mem 0x0000000000100000-0x00000000dffeffff]
Oct 31 01:59:45 ubuntu kernel: [    0.000000]   node   0: [mem 0x0000000100000000-0x000000015d5fffff]
Oct 31 01:59:45 ubuntu kernel: [    0.000000] Initmem setup node 0 [mem 0x0000000000001000-0x000000015d5fffff]
Oct 31 01:59:45 ubuntu kernel: [    0.000000] On node 0 totalpages: 1299854
Oct 31 01:59:45 ubuntu kernel: [    0.000000]   DMA zone: 64 pages used for memmap
Oct 31 01:59:45 ubuntu kernel: [    0.000000]   DMA zone: 21 pages reserved
Oct 31 01:59:45 ubuntu kernel: [    0.000000]   DMA zone: 3998 pages, LIFO batch:0
Oct 31 01:59:45 ubuntu kernel: [    0.000000]   DMA32 zone: 14272 pages used for memmap
Oct 31 01:59:45 ubuntu kernel: [    0.000000]   DMA32 zone: 913392 pages, LIFO batch:31
Oct 31 01:59:45 ubuntu kernel: [    0.000000]   Normal zone: 5976 pages used for memmap
Oct 31 01:59:45 ubuntu kernel: [    0.000000]   Normal zone: 382464 pages, LIFO batch:31
Oct 31 01:59:45 ubuntu kernel: [    0.000000] Reserved but unavailable: 98 pages
Oct 31 01:59:45 ubuntu kernel: [    0.000000] ACPI: PM-Timer IO Port: 0x4008
Oct 31 01:59:45 ubuntu kernel: [    0.000000] smpboot: Boot CPU (id 0) not listed by BIOS
Oct 31 01:59:45 ubuntu kernel: [    0.000000] smpboot: Allowing 1 CPUs, 0 hotplug CPUs
Oct 31 01:59:45 ubuntu kernel: [    0.000000] PM: Registered nosave memory: [mem 0x00000000-0x00000fff]
Oct 31 01:59:45 ubuntu kernel: [    0.000000] PM: Registered nosave memory: [mem 0x0009f000-0x0009ffff]
Oct 31 01:59:45 ubuntu kernel: [    0.000000] PM: Registered nosave memory: [mem 0x000a0000-0x000effff]
Oct 31 01:59:45 ubuntu kernel: [    0.000000] PM: Registered nosave memory: [mem 0x000f0000-0x000fffff]
Oct 31 01:59:45 ubuntu kernel: [    0.000000] PM: Registered nosave memory: [mem 0xdfff0000-0xdfffffff]
Oct 31 01:59:45 ubuntu kernel: [    0.000000] PM: Registered nosave memory: [mem 0xe0000000-0xfebfffff]
Oct 31 01:59:45 ubuntu kernel: [    0.000000] PM: Registered nosave memory: [mem 0xfec00000-0xfec00fff]
Oct 31 01:59:45 ubuntu kernel: [    0.000000] PM: Registered nosave memory: [mem 0xfec01000-0xfedfffff]
Oct 31 01:59:45 ubuntu kernel: [    0.000000] PM: Registered nosave memory: [mem 0xfee00000-0xfee00fff]
Oct 31 01:59:45 ubuntu kernel: [    0.000000] PM: Registered nosave memory: [mem 0xfee01000-0xfffbffff]
Oct 31 01:59:45 ubuntu kernel: [    0.000000] PM: Registered nosave memory: [mem 0xfffc0000-0xffffffff]
Oct 31 01:59:45 ubuntu kernel: [    0.000000] e820: [mem 0xe0000000-0xfebfffff] available for PCI devices
Oct 31 01:59:45 ubuntu kernel: [    0.000000] Booting paravirtualized kernel on KVM
Oct 31 01:59:45 ubuntu kernel: [    0.000000] clocksource: refined-jiffies: mask: 0xffffffff max_cycles: 0xffffffff, max_idle_ns: 7645519600211568 ns
Oct 31 01:59:45 ubuntu kernel: [    0.000000] random: get_random_bytes called from start_kernel+0x99/0x4fd with crng_init=0
Oct 31 01:59:45 ubuntu kernel: [    0.000000] setup_percpu: NR_CPUS:8192 nr_cpumask_bits:1 nr_cpu_ids:1 nr_node_ids:1
Oct 31 01:59:45 ubuntu kernel: [    0.000000] percpu: Embedded 46 pages/cpu @        (ptrval) s151552 r8192 d28672 u2097152
Oct 31 01:59:45 ubuntu kernel: [    0.000000] pcpu-alloc: s151552 r8192 d28672 u2097152 alloc=1*2097152
Oct 31 01:59:45 ubuntu kernel: [    0.000000] pcpu-alloc: [0] 0 
Oct 31 01:59:45 ubuntu kernel: [    0.000000] PV qspinlock hash table entries: 256 (order: 0, 4096 bytes)
Oct 31 01:59:45 ubuntu kernel: [    0.000000] Built 1 zonelists, mobility grouping on.  Total pages: 1279521
Oct 31 01:59:45 ubuntu kernel: [    0.000000] Policy zone: Normal
Oct 31 01:59:45 ubuntu kernel: [    0.000000] Kernel command line: file=/cdrom/preseed/ubuntu.seed boot=casper initrd=/casper/initrd.lz quiet splash --- maybe-ubiquity
Oct 31 01:59:45 ubuntu kernel: [    0.000000] Calgary: detecting Calgary via BIOS EBDA area
Oct 31 01:59:45 ubuntu kernel: [    0.000000] Calgary: Unable to locate Rio Grande table in EBDA - bailing!
Oct 31 01:59:45 ubuntu kernel: [    0.000000] Memory: 4986556K/5199416K available (12300K kernel code, 2470K rwdata, 4240K rodata, 2408K init, 2416K bss, 212860K reserved, 0K cma-reserved)
Oct 31 01:59:45 ubuntu kernel: [    0.000000] SLUB: HWalign=64, Order=0-3, MinObjects=0, CPUs=1, Nodes=1
Oct 31 01:59:45 ubuntu kernel: [    0.000000] Kernel/User page tables isolation: enabled
Oct 31 01:59:45 ubuntu kernel: [    0.000000] ftrace: allocating 39092 entries in 153 pages
Oct 31 01:59:45 ubuntu kernel: [    0.004000] Hierarchical RCU implementation.
Oct 31 01:59:45 ubuntu kernel: [    0.004000] 	RCU restricting CPUs from NR_CPUS=8192 to nr_cpu_ids=1.
Oct 31 01:59:45 ubuntu kernel: [    0.004000] 	Tasks RCU enabled.
Oct 31 01:59:45 ubuntu kernel: [    0.004000] RCU: Adjusting geometry for rcu_fanout_leaf=16, nr_cpu_ids=1
Oct 31 01:59:45 ubuntu kernel: [    0.004000] NR_IRQS: 524544, nr_irqs: 32, preallocated irqs: 16
Oct 31 01:59:45 ubuntu kernel: [    0.004000] Console: colour VGA+ 80x25
Oct 31 01:59:45 ubuntu kernel: [    0.004000] console [tty0] enabled
Oct 31 01:59:45 ubuntu kernel: [    0.004000] ACPI: Core revision 20170831
Oct 31 01:59:45 ubuntu kernel: [    0.004000] ACPI: 2 ACPI AML tables successfully acquired and loaded
Oct 31 01:59:45 ubuntu kernel: [    0.004000] ACPI: setting ELCR to 0200 (from 0e00)
Oct 31 01:59:45 ubuntu kernel: [    0.004000] APIC: ACPI MADT or MP tables are not detected
Oct 31 01:59:45 ubuntu kernel: [    0.004000] APIC: Switch to virtual wire mode setup with no configuration
Oct 31 01:59:45 ubuntu kernel: [    0.004000] Not enabling interrupt remapping due to skipped IO-APIC setup
Oct 31 01:59:45 ubuntu kernel: [    0.004000] tsc: Detected 2712.004 MHz processor
Oct 31 01:59:45 ubuntu kernel: [    0.004000] Calibrating delay loop (skipped) preset value.. 5424.00 BogoMIPS (lpj=10848016)
Oct 31 01:59:45 ubuntu kernel: [    0.004000] pid_max: default: 32768 minimum: 301
Oct 31 01:59:45 ubuntu kernel: [    0.004000] Security Framework initialized
Oct 31 01:59:45 ubuntu kernel: [    0.004000] Yama: becoming mindful.
Oct 31 01:59:45 ubuntu kernel: [    0.004000] AppArmor: AppArmor initialized
Oct 31 01:59:45 ubuntu kernel: [    0.004000] Dentry cache hash table entries: 1048576 (order: 11, 8388608 bytes)
Oct 31 01:59:45 ubuntu kernel: [    0.005969] Inode-cache hash table entries: 524288 (order: 10, 4194304 bytes)
Oct 31 01:59:45 ubuntu kernel: [    0.006001] Mount-cache hash table entries: 16384 (order: 5, 131072 bytes)
Oct 31 01:59:45 ubuntu kernel: [    0.006016] Mountpoint-cache hash table entries: 16384 (order: 5, 131072 bytes)
Oct 31 01:59:45 ubuntu kernel: [    0.006273] CPU: Physical Processor ID: 0
Oct 31 01:59:45 ubuntu kernel: [    0.006297] mce: CPU supports 0 MCE banks
Oct 31 01:59:45 ubuntu kernel: [    0.006320] process: using mwait in idle threads
Oct 31 01:59:45 ubuntu kernel: [    0.006325] Last level iTLB entries: 4KB 64, 2MB 8, 4MB 8
Oct 31 01:59:45 ubuntu kernel: [    0.006326] Last level dTLB entries: 4KB 64, 2MB 0, 4MB 0, 1GB 4
Oct 31 01:59:45 ubuntu kernel: [    0.006327] Spectre V2 : Mitigation: Full generic retpoline
Oct 31 01:59:45 ubuntu kernel: [    0.006328] Spectre V2 : Spectre v2 mitigation: Filling RSB on context switch
Oct 31 01:59:45 ubuntu kernel: [    0.006329] Speculative Store Bypass: Vulnerable
Oct 31 01:59:45 ubuntu kernel: [    0.015093] Freeing SMP alternatives memory: 36K
Oct 31 01:59:45 ubuntu kernel: [    0.016101] smpboot: SMP disabled
Oct 31 01:59:45 ubuntu kernel: [    0.016154] Performance Events: unsupported p6 CPU model 142 no PMU driver, software events only.
Oct 31 01:59:45 ubuntu kernel: [    0.016181] Hierarchical SRCU implementation.
Oct 31 01:59:45 ubuntu kernel: [    0.016966] NMI watchdog: Perf event create on CPU 0 failed with -2
Oct 31 01:59:45 ubuntu kernel: [    0.016966] NMI watchdog: Perf NMI watchdog permanently disabled
Oct 31 01:59:45 ubuntu kernel: [    0.017814] smp: Bringing up secondary CPUs ...
Oct 31 01:59:45 ubuntu kernel: [    0.017816] smp: Brought up 1 node, 1 CPU
Oct 31 01:59:45 ubuntu kernel: [    0.017817] smpboot: Max logical packages: 1
Oct 31 01:59:45 ubuntu kernel: [    0.017819] smpboot: Total of 1 processors activated (5424.00 BogoMIPS)
Oct 31 01:59:45 ubuntu kernel: [    0.018047] devtmpfs: initialized
Oct 31 01:59:45 ubuntu kernel: [    0.018108] x86/mm: Memory block size: 128MB
Oct 31 01:59:45 ubuntu kernel: [    0.018660] evm: security.selinux
Oct 31 01:59:45 ubuntu kernel: [    0.018661] evm: security.SMACK64
Oct 31 01:59:45 ubuntu kernel: [    0.018662] evm: security.SMACK64EXEC
Oct 31 01:59:45 ubuntu systemd[1]: Starting Flush Journal to Persistent Storage...
Oct 31 01:59:45 ubuntu kernel: [    0.018662] evm: security.SMACK64TRANSMUTE
Oct 31 01:59:45 ubuntu kernel: [    0.018663] evm: security.SMACK64MMAP
Oct 31 01:59:45 ubuntu kernel: [    0.018663] evm: security.apparmor
Oct 31 01:59:45 ubuntu kernel: [    0.018664] evm: security.ima
Oct 31 01:59:45 ubuntu kernel: [    0.018665] evm: security.capability
Oct 31 01:59:45 ubuntu kernel: [    0.018770] clocksource: jiffies: mask: 0xffffffff max_cycles: 0xffffffff, max_idle_ns: 7645041785100000 ns
Oct 31 01:59:45 ubuntu kernel: [    0.018775] futex hash table entries: 256 (order: 2, 16384 bytes)
Oct 31 01:59:45 ubuntu kernel: [    0.018810] pinctrl core: initialized pinctrl subsystem
Oct 31 01:59:45 ubuntu kernel: [    0.018920] RTC time:  1:59:24, date: 10/31/18
Oct 31 01:59:45 ubuntu kernel: [    0.019024] NET: Registered protocol family 16
Oct 31 01:59:45 ubuntu kernel: [    0.019114] audit: initializing netlink subsys (disabled)
Oct 31 01:59:45 ubuntu kernel: [    0.019245] cpuidle: using governor ladder
Oct 31 01:59:45 ubuntu kernel: [    0.019246] cpuidle: using governor menu
Oct 31 01:59:45 ubuntu kernel: [    0.019286] ACPI: bus type PCI registered
Oct 31 01:59:45 ubuntu kernel: [    0.019287] acpiphp: ACPI Hot Plug PCI Controller Driver version: 0.5
Oct 31 01:59:45 ubuntu kernel: [    0.020035] PCI: Using configuration type 1 for base access
Oct 31 01:59:45 ubuntu kernel: [    0.021507] audit: type=2000 audit(1540951174.341:1): state=initialized audit_enabled=0 res=1
Oct 31 01:59:45 ubuntu kernel: [    0.021568] HugeTLB registered 2.00 MiB page size, pre-allocated 0 pages
Oct 31 01:59:45 ubuntu kernel: [    0.021752] ACPI: Added _OSI(Module Device)
Oct 31 01:59:45 ubuntu kernel: [    0.021754] ACPI: Added _OSI(Processor Device)
Oct 31 01:59:45 ubuntu kernel: [    0.021755] ACPI: Added _OSI(3.0 _SCP Extensions)
Oct 31 01:59:45 ubuntu kernel: [    0.021756] ACPI: Added _OSI(Processor Aggregator Device)
Oct 31 01:59:45 ubuntu kernel: [    0.021757] ACPI: Added _OSI(Linux-Dell-Video)
Oct 31 01:59:45 ubuntu kernel: [    0.022041] ACPI: Executed 1 blocks of module-level executable AML code
Oct 31 01:59:45 ubuntu kernel: [    0.027018] ACPI: Interpreter enabled
Oct 31 01:59:45 ubuntu kernel: [    0.027030] ACPI: (supports S0 S5)
Oct 31 01:59:45 ubuntu kernel: [    0.027032] ACPI: Using PIC for interrupt routing
Oct 31 01:59:45 ubuntu kernel: [    0.027364] PCI: Using host bridge windows from ACPI; if necessary, use "pci=nocrs" and report a bug
Oct 31 01:59:45 ubuntu kernel: [    0.027575] ACPI: Enabled 2 GPEs in block 00 to 07
Oct 31 01:59:45 ubuntu kernel: [    0.035111] ACPI: PCI Root Bridge [PCI0] (domain 0000 [bus 00-ff])
Oct 31 01:59:45 ubuntu kernel: [    0.035117] acpi PNP0A03:00: _OSC: OS supports [ASPM ClockPM Segments MSI]
Oct 31 01:59:45 ubuntu kernel: [    0.035143] acpi PNP0A03:00: _OSC: not requesting OS control; OS requires [ExtendedConfig ASPM ClockPM MSI]
Oct 31 01:59:45 ubuntu kernel: [    0.035155] acpi PNP0A03:00: fail to add MMCONFIG information, can't access extended PCI configuration space under this bridge.
Oct 31 01:59:45 ubuntu kernel: [    0.035558] PCI host bridge to bus 0000:00
Oct 31 01:59:45 ubuntu kernel: [    0.035561] pci_bus 0000:00: root bus resource [io  0x0000-0x0cf7 window]
Oct 31 01:59:45 ubuntu kernel: [    0.035563] pci_bus 0000:00: root bus resource [io  0x0d00-0xffff window]
Oct 31 01:59:45 ubuntu kernel: [    0.035565] pci_bus 0000:00: root bus resource [mem 0x000a0000-0x000bffff window]
Oct 31 01:59:45 ubuntu kernel: [    0.035567] pci_bus 0000:00: root bus resource [mem 0xe0000000-0xfdffffff window]
Oct 31 01:59:45 ubuntu kernel: [    0.035569] pci_bus 0000:00: root bus resource [bus 00-ff]
Oct 31 01:59:45 ubuntu kernel: [    0.035614] pci 0000:00:00.0: [8086:1237] type 00 class 0x060000
Oct 31 01:59:45 ubuntu kernel: [    0.036279] pci 0000:00:01.0: [8086:7000] type 00 class 0x060100
Oct 31 01:59:45 ubuntu kernel: [    0.037070] pci 0000:00:01.1: [8086:7111] type 00 class 0x01018a
Oct 31 01:59:45 ubuntu kernel: [    0.037580] pci 0000:00:01.1: reg 0x20: [io  0xd000-0xd00f]
Oct 31 01:59:45 ubuntu kernel: [    0.037764] pci 0000:00:01.1: legacy IDE quirk: reg 0x10: [io  0x01f0-0x01f7]
Oct 31 01:59:45 ubuntu kernel: [    0.037766] pci 0000:00:01.1: legacy IDE quirk: reg 0x14: [io  0x03f6]
Oct 31 01:59:45 ubuntu kernel: [    0.037767] pci 0000:00:01.1: legacy IDE quirk: reg 0x18: [io  0x0170-0x0177]
Oct 31 01:59:45 ubuntu kernel: [    0.037769] pci 0000:00:01.1: legacy IDE quirk: reg 0x1c: [io  0x0376]
Oct 31 01:59:45 ubuntu kernel: [    0.038026] pci 0000:00:02.0: [80ee:beef] type 00 class 0x030000
Oct 31 01:59:45 ubuntu kernel: [    0.040388] pci 0000:00:02.0: reg 0x10: [mem 0xe0000000-0xe0ffffff pref]
Oct 31 01:59:45 ubuntu kernel: [    0.064559] pci 0000:00:03.0: [8086:100e] type 00 class 0x020000
Oct 31 01:59:45 ubuntu kernel: [    0.068081] pci 0000:00:03.0: reg 0x10: [mem 0xf0000000-0xf001ffff]
Oct 31 01:59:45 ubuntu kernel: [    0.075207] pci 0000:00:03.0: reg 0x18: [io  0xd010-0xd017]
Oct 31 01:59:45 ubuntu kernel: [    0.088609] pci 0000:00:04.0: [80ee:cafe] type 00 class 0x088000
Oct 31 01:59:45 ubuntu kernel: [    0.092093] pci 0000:00:04.0: reg 0x10: [io  0xd020-0xd03f]
Oct 31 01:59:45 ubuntu kernel: [    0.096106] pci 0000:00:04.0: reg 0x14: [mem 0xf0400000-0xf07fffff]
Oct 31 01:59:45 ubuntu kernel: [    0.099933] pci 0000:00:04.0: reg 0x18: [mem 0xf0800000-0xf0803fff pref]
Oct 31 01:59:45 ubuntu kernel: [    0.112432] pci 0000:00:05.0: [8086:2415] type 00 class 0x040100
Oct 31 01:59:45 ubuntu kernel: [    0.112607] pci 0000:00:05.0: reg 0x10: [io  0xd100-0xd1ff]
Oct 31 01:59:45 ubuntu kernel: [    0.112700] pci 0000:00:05.0: reg 0x14: [io  0xd200-0xd23f]
Oct 31 01:59:45 ubuntu kernel: [    0.116498] pci 0000:00:06.0: [106b:003f] type 00 class 0x0c0310
Oct 31 01:59:45 ubuntu kernel: [    0.120089] pci 0000:00:06.0: reg 0x10: [mem 0xf0804000-0xf0804fff]
Oct 31 01:59:45 ubuntu kernel: [    0.140382] pci 0000:00:07.0: [8086:7113] type 00 class 0x068000
Oct 31 01:59:45 ubuntu kernel: [    0.140816] pci 0000:00:07.0: quirk: [io  0x4000-0x403f] claimed by PIIX4 ACPI
Oct 31 01:59:45 ubuntu kernel: [    0.140825] pci 0000:00:07.0: quirk: [io  0x4100-0x410f] claimed by PIIX4 SMB
Oct 31 01:59:45 ubuntu kernel: [    0.141084] pci 0000:00:0d.0: [8086:2829] type 00 class 0x010601
Oct 31 01:59:45 ubuntu kernel: [    0.144111] pci 0000:00:0d.0: reg 0x10: [io  0xd240-0xd247]
Oct 31 01:59:45 ubuntu kernel: [    0.148102] pci 0000:00:0d.0: reg 0x14: [io  0xd248-0xd24b]
Oct 31 01:59:45 ubuntu kernel: [    0.152097] pci 0000:00:0d.0: reg 0x18: [io  0xd250-0xd257]
Oct 31 01:59:45 ubuntu kernel: [    0.156093] pci 0000:00:0d.0: reg 0x1c: [io  0xd258-0xd25b]
Oct 31 01:59:45 ubuntu kernel: [    0.160092] pci 0000:00:0d.0: reg 0x20: [io  0xd260-0xd26f]
Oct 31 01:59:45 ubuntu kernel: [    0.164107] pci 0000:00:0d.0: reg 0x24: [mem 0xf0806000-0xf0807fff]
Oct 31 01:59:45 ubuntu kernel: [    0.172552] ACPI: PCI Interrupt Link [LNKA] (IRQs 5 9 10 *11)
Oct 31 01:59:45 ubuntu kernel: [    0.172985] ACPI: PCI Interrupt Link [LNKB] (IRQs 5 9 *10 11)
Oct 31 01:59:45 ubuntu kernel: [    0.173126] ACPI: PCI Interrupt Link [LNKC] (IRQs 5 *9 10 11)
Oct 31 01:59:45 ubuntu kernel: [    0.173265] ACPI: PCI Interrupt Link [LNKD] (IRQs 5 9 10 *11)
Oct 31 01:59:45 ubuntu kernel: [    0.173609] SCSI subsystem initialized
Oct 31 01:59:45 ubuntu kernel: [    0.173649] libata version 3.00 loaded.
Oct 31 01:59:45 ubuntu kernel: [    0.173695] pci 0000:00:02.0: vgaarb: setting as boot VGA device
Oct 31 01:59:45 ubuntu kernel: [    0.173697] pci 0000:00:02.0: vgaarb: VGA device added: decodes=io+mem,owns=io+mem,locks=none
Oct 31 01:59:45 ubuntu kernel: [    0.173699] pci 0000:00:02.0: vgaarb: bridge control possible
Oct 31 01:59:45 ubuntu kernel: [    0.173700] vgaarb: loaded
Oct 31 01:59:45 ubuntu kernel: [    0.173722] ACPI: bus type USB registered
Oct 31 01:59:45 ubuntu kernel: [    0.173736] usbcore: registered new interface driver usbfs
Oct 31 01:59:45 ubuntu kernel: [    0.173745] usbcore: registered new interface driver hub
Oct 31 01:59:45 ubuntu kernel: [    0.173755] usbcore: registered new device driver usb
Oct 31 01:59:45 ubuntu kernel: [    0.173801] EDAC MC: Ver: 3.0.0
Oct 31 01:59:45 ubuntu kernel: [    0.174087] PCI: Using ACPI for IRQ routing
Oct 31 01:59:45 ubuntu kernel: [    0.174089] PCI: pci_cache_line_size set to 64 bytes
Oct 31 01:59:45 ubuntu kernel: [    0.174284] e820: reserve RAM buffer [mem 0x0009fc00-0x0009ffff]
Oct 31 01:59:45 ubuntu kernel: [    0.174286] e820: reserve RAM buffer [mem 0xdfff0000-0xdfffffff]
Oct 31 01:59:45 ubuntu kernel: [    0.174287] e820: reserve RAM buffer [mem 0x15d600000-0x15fffffff]
Oct 31 01:59:45 ubuntu kernel: [    0.174372] NetLabel: Initializing
Oct 31 01:59:45 ubuntu kernel: [    0.174373] NetLabel:  domain hash size = 128
Oct 31 01:59:45 ubuntu kernel: [    0.174374] NetLabel:  protocols = UNLABELED CIPSOv4 CALIPSO
Oct 31 01:59:45 ubuntu kernel: [    0.174392] NetLabel:  unlabeled traffic allowed by default
Oct 31 01:59:45 ubuntu kernel: [    0.174513] clocksource: Switched to clocksource kvm-clock
Oct 31 01:59:45 ubuntu kernel: [    0.184534] VFS: Disk quotas dquot_6.6.0
Oct 31 01:59:45 ubuntu kernel: [    0.184547] VFS: Dquot-cache hash table entries: 512 (order 0, 4096 bytes)
Oct 31 01:59:45 ubuntu kernel: [    0.184620] AppArmor: AppArmor Filesystem Enabled
Oct 31 01:59:45 ubuntu kernel: [    0.184641] pnp: PnP ACPI init
Oct 31 01:59:45 ubuntu kernel: [    0.184708] pnp 00:00: Plug and Play ACPI device, IDs PNP0303 (active)
Oct 31 01:59:45 ubuntu kernel: [    0.184768] pnp 00:01: Plug and Play ACPI device, IDs PNP0f03 (active)
Oct 31 01:59:45 ubuntu kernel: [    0.185434] pnp: PnP ACPI: found 2 devices
Oct 31 01:59:45 ubuntu kernel: [    0.191821] clocksource: acpi_pm: mask: 0xffffff max_cycles: 0xffffff, max_idle_ns: 2085701024 ns
Oct 31 01:59:45 ubuntu kernel: [    0.191834] pci_bus 0000:00: resource 4 [io  0x0000-0x0cf7 window]
Oct 31 01:59:45 ubuntu kernel: [    0.191836] pci_bus 0000:00: resource 5 [io  0x0d00-0xffff window]
Oct 31 01:59:45 ubuntu kernel: [    0.191838] pci_bus 0000:00: resource 6 [mem 0x000a0000-0x000bffff window]
Oct 31 01:59:45 ubuntu kernel: [    0.191840] pci_bus 0000:00: resource 7 [mem 0xe0000000-0xfdffffff window]
Oct 31 01:59:45 ubuntu kernel: [    0.191903] NET: Registered protocol family 2
Oct 31 01:59:45 ubuntu kernel: [    0.192107] TCP established hash table entries: 65536 (order: 7, 524288 bytes)
Oct 31 01:59:45 ubuntu kernel: [    0.192224] TCP bind hash table entries: 65536 (order: 8, 1048576 bytes)
Oct 31 01:59:45 ubuntu kernel: [    0.192224] TCP: Hash tables configured (established 65536 bind 65536)
Oct 31 01:59:45 ubuntu kernel: [    0.193513] UDP hash table entries: 4096 (order: 5, 131072 bytes)
Oct 31 01:59:45 ubuntu kernel: [    0.193536] UDP-Lite hash table entries: 4096 (order: 5, 131072 bytes)
Oct 31 01:59:45 ubuntu kernel: [    0.193594] NET: Registered protocol family 1
Oct 31 01:59:45 ubuntu kernel: [    0.193603] pci 0000:00:00.0: Limiting direct PCI/PCI transfers
Oct 31 01:59:45 ubuntu kernel: [    0.193635] pci 0000:00:01.0: Activating ISA DMA hang workarounds
Oct 31 01:59:45 ubuntu kernel: [    0.193692] pci 0000:00:02.0: Video device with shadowed ROM at [mem 0x000c0000-0x000dffff]
Oct 31 01:59:45 ubuntu kernel: [    0.195208] ACPI: PCI Interrupt Link [LNKB] enabled at IRQ 10
Oct 31 01:59:45 ubuntu kernel: [    0.195209] PCI: setting IRQ 10 as level-triggered
Oct 31 01:59:45 ubuntu kernel: [    0.196341] PCI: CLS 0 bytes, default 64
Oct 31 01:59:45 ubuntu kernel: [    0.196402] Unpacking initramfs...
Oct 31 01:59:45 ubuntu kernel: [    0.452272] random: fast init done
Oct 31 01:59:45 ubuntu kernel: [    6.235330] Freeing initrd memory: 36016K
Oct 31 01:59:45 ubuntu kernel: [    6.235350] PCI-DMA: Using software bounce buffering for IO (SWIOTLB)
Oct 31 01:59:45 ubuntu kernel: [    6.235354] software IO TLB [mem 0xdbff0000-0xdfff0000] (64MB) mapped at [        (ptrval)-        (ptrval)]
Oct 31 01:59:45 ubuntu kernel: [    6.235467] platform rtc_cmos: registered platform RTC device (no PNP device found)
Oct 31 01:59:45 ubuntu kernel: [    6.235485] Scanning for low memory corruption every 60 seconds
Oct 31 01:59:45 ubuntu kernel: [    6.236240] Initialise system trusted keyrings
Oct 31 01:59:45 ubuntu kernel: [    6.236247] Key type blacklist registered
Oct 31 01:59:45 ubuntu kernel: [    6.236283] workingset: timestamp_bits=36 max_order=21 bucket_order=0
Oct 31 01:59:45 ubuntu kernel: [    6.237580] zbud: loaded
Oct 31 01:59:45 ubuntu kernel: [    6.238087] squashfs: version 4.0 (2009/01/31) Phillip Lougher
Oct 31 01:59:45 ubuntu kernel: [    6.238212] fuse init (API version 7.26)
Oct 31 01:59:45 ubuntu kernel: [    6.238983] Key type asymmetric registered
Oct 31 01:59:45 ubuntu kernel: [    6.238984] Asymmetric key parser 'x509' registered
Oct 31 01:59:45 ubuntu kernel: [    6.239025] Block layer SCSI generic (bsg) driver version 0.4 loaded (major 246)
Oct 31 01:59:45 ubuntu kernel: [    6.239067] io scheduler noop registered
Oct 31 01:59:45 ubuntu kernel: [    6.239068] io scheduler deadline registered
Oct 31 01:59:45 ubuntu kernel: [    6.239114] io scheduler cfq registered (default)
Oct 31 01:59:45 ubuntu kernel: [    6.239364] ACPI: AC Adapter [AC] (on-line)
Oct 31 01:59:45 ubuntu kernel: [    6.239416] input: Power Button as /devices/LNXSYSTM:00/LNXPWRBN:00/input/input0
Oct 31 01:59:45 ubuntu kernel: [    6.239430] ACPI: Power Button [PWRF]
Oct 31 01:59:45 ubuntu kernel: [    6.239502] input: Sleep Button as /devices/LNXSYSTM:00/LNXSLPBN:00/input/input1
Oct 31 01:59:45 ubuntu kernel: [    6.239519] ACPI: Sleep Button [SLPF]
Oct 31 01:59:45 ubuntu kernel: [    6.240740] ACPI: Battery Slot [BAT0] (battery present)
Oct 31 01:59:45 ubuntu kernel: [    6.240777] Serial: 8250/16550 driver, 32 ports, IRQ sharing enabled
Oct 31 01:59:45 ubuntu kernel: [    6.242409] Linux agpgart interface v0.103
Oct 31 01:59:45 ubuntu kernel: [    6.243611] loop: module loaded
Oct 31 01:59:45 ubuntu kernel: [    6.243714] ata_piix 0000:00:01.1: version 2.13
Oct 31 01:59:45 ubuntu kernel: [    6.244049] scsi host0: ata_piix
Oct 31 01:59:45 ubuntu kernel: [    6.244110] scsi host1: ata_piix
Oct 31 01:59:45 ubuntu kernel: [    6.244137] ata1: PATA max UDMA/33 cmd 0x1f0 ctl 0x3f6 bmdma 0xd000 irq 14
Oct 31 01:59:45 ubuntu kernel: [    6.244139] ata2: PATA max UDMA/33 cmd 0x170 ctl 0x376 bmdma 0xd008 irq 15
Oct 31 01:59:45 ubuntu kernel: [    6.244212] libphy: Fixed MDIO Bus: probed
Oct 31 01:59:45 ubuntu kernel: [    6.244213] tun: Universal TUN/TAP device driver, 1.6
Oct 31 01:59:45 ubuntu kernel: [    6.244692] PPP generic driver version 2.4.2
Oct 31 01:59:45 ubuntu kernel: [    6.244730] ehci_hcd: USB 2.0 'Enhanced' Host Controller (EHCI) Driver
Oct 31 01:59:45 ubuntu kernel: [    6.244732] ehci-pci: EHCI PCI platform driver
Oct 31 01:59:45 ubuntu kernel: [    6.244742] ehci-platform: EHCI generic platform driver
Oct 31 01:59:45 ubuntu kernel: [    6.244748] ohci_hcd: USB 1.1 'Open' Host Controller (OHCI) Driver
Oct 31 01:59:45 ubuntu kernel: [    6.244752] ohci-pci: OHCI PCI platform driver
Oct 31 01:59:45 ubuntu kernel: [    6.245656] ohci-pci 0000:00:06.0: OHCI PCI host controller
Oct 31 01:59:45 ubuntu kernel: [    6.245663] ohci-pci 0000:00:06.0: new USB bus registered, assigned bus number 1
Oct 31 01:59:45 ubuntu kernel: [    6.245705] ohci-pci 0000:00:06.0: irq 10, io mem 0xf0804000
Oct 31 01:59:45 ubuntu kernel: [    6.305153] usb usb1: New USB device found, idVendor=1d6b, idProduct=0001
Oct 31 01:59:45 ubuntu kernel: [    6.305156] usb usb1: New USB device strings: Mfr=3, Product=2, SerialNumber=1
Oct 31 01:59:45 ubuntu kernel: [    6.305157] usb usb1: Product: OHCI PCI host controller
Oct 31 01:59:45 ubuntu kernel: [    6.305159] usb usb1: Manufacturer: Linux 4.15.0-29-generic ohci_hcd
Oct 31 01:59:45 ubuntu kernel: [    6.305161] usb usb1: SerialNumber: 0000:00:06.0
Oct 31 01:59:45 ubuntu kernel: [    6.305276] hub 1-0:1.0: USB hub found
Oct 31 01:59:45 ubuntu kernel: [    6.305290] hub 1-0:1.0: 12 ports detected
Oct 31 01:59:45 ubuntu kernel: [    6.305679] ohci-platform: OHCI generic platform driver
Oct 31 01:59:45 ubuntu kernel: [    6.305691] uhci_hcd: USB Universal Host Controller Interface driver
Oct 31 01:59:45 ubuntu kernel: [    6.305742] i8042: PNP: PS/2 Controller [PNP0303:PS2K,PNP0f03:PS2M] at 0x60,0x64 irq 1,12
Oct 31 01:59:45 ubuntu kernel: [    6.306108] serio: i8042 KBD port at 0x60,0x64 irq 1
Oct 31 01:59:45 ubuntu kernel: [    6.306112] serio: i8042 AUX port at 0x60,0x64 irq 12
Oct 31 01:59:45 ubuntu kernel: [    6.306210] mousedev: PS/2 mouse device common for all mice
Oct 31 01:59:45 ubuntu kernel: [    6.306530] input: AT Translated Set 2 keyboard as /devices/platform/i8042/serio0/input/input2
Oct 31 01:59:45 ubuntu kernel: [    6.306937] rtc_cmos rtc_cmos: rtc core: registered rtc_cmos as rtc0
Oct 31 01:59:45 ubuntu kernel: [    6.306966] rtc_cmos rtc_cmos: alarms up to one day, 114 bytes nvram
Oct 31 01:59:45 ubuntu kernel: [    6.306972] i2c /dev entries driver
Oct 31 01:59:45 ubuntu kernel: [    6.307020] device-mapper: uevent: version 1.0.3
Oct 31 01:59:45 ubuntu kernel: [    6.307074] device-mapper: ioctl: 4.37.0-ioctl (2017-09-20) initialised: dm-devel@redhat.com
Oct 31 01:59:45 ubuntu kernel: [    6.307083] ledtrig-cpu: registered to indicate activity on CPUs
Oct 31 01:59:45 ubuntu kernel: [    6.307204] intel_pmc_core:  initialized
Oct 31 01:59:45 ubuntu kernel: [    6.307421] NET: Registered protocol family 10
Oct 31 01:59:45 ubuntu kernel: [    6.310761] Segment Routing with IPv6
Oct 31 01:59:45 ubuntu kernel: [    6.310779] NET: Registered protocol family 17
Oct 31 01:59:45 ubuntu kernel: [    6.310804] Key type dns_resolver registered
Oct 31 01:59:45 ubuntu kernel: [    6.310912] RAS: Correctable Errors collector initialized.
Oct 31 01:59:45 ubuntu kernel: [    6.310919] sched_clock: Marking stable (6308496425, 0)->(6446881851, -138385426)
Oct 31 01:59:45 ubuntu kernel: [    6.311025] registered taskstats version 1
Oct 31 01:59:45 ubuntu kernel: [    6.311031] Loading compiled-in X.509 certificates
Oct 31 01:59:45 ubuntu kernel: [    6.312840] Loaded X.509 cert 'Build time autogenerated kernel key: 1cc37f41791529df57507d3747a6804ab53f482b'
Oct 31 01:59:45 ubuntu kernel: [    6.312855] zswap: loaded using pool lzo/zbud
Oct 31 01:59:45 ubuntu kernel: [    6.315104] Key type big_key registered
Oct 31 01:59:45 ubuntu kernel: [    6.315107] Key type trusted registered
Oct 31 01:59:45 ubuntu kernel: [    6.316187] Key type encrypted registered
Oct 31 01:59:45 ubuntu kernel: [    6.316190] AppArmor: AppArmor sha1 policy hashing enabled
Oct 31 01:59:45 ubuntu kernel: [    6.316192] ima: No TPM chip found, activating TPM-bypass! (rc=-19)
Oct 31 01:59:45 ubuntu kernel: [    6.316208] evm: HMAC attrs: 0x1
Oct 31 01:59:45 ubuntu kernel: [    6.316535]   Magic number: 6:899:964
Oct 31 01:59:45 ubuntu kernel: [    6.316570] memory memory15: hash matches
Oct 31 01:59:45 ubuntu kernel: [    6.316624] rtc_cmos rtc_cmos: setting system clock to 2018-10-31 01:59:31 UTC (1540951171)
Oct 31 01:59:45 ubuntu kernel: [    6.316683] BIOS EDD facility v0.16 2004-Jun-25, 0 devices found
Oct 31 01:59:45 ubuntu kernel: [    6.316683] EDD information not available.
Oct 31 01:59:45 ubuntu kernel: [    6.404436] ata2.00: ATAPI: VBOX CD-ROM, 1.0, max UDMA/133
Oct 31 01:59:45 ubuntu kernel: [    6.404800] ata2.00: configured for UDMA/33
Oct 31 01:59:45 ubuntu kernel: [    6.405207] scsi 1:0:0:0: CD-ROM            VBOX     CD-ROM           1.0  PQ: 0 ANSI: 5
Oct 31 01:59:45 ubuntu kernel: [    6.405714] sr 1:0:0:0: [sr0] scsi3-mmc drive: 32x/32x xa/form2 tray
Oct 31 01:59:45 ubuntu kernel: [    6.405716] cdrom: Uniform CD-ROM driver Revision: 3.20
Oct 31 01:59:45 ubuntu kernel: [    6.405816] sr 1:0:0:0: Attached scsi CD-ROM sr0
Oct 31 01:59:45 ubuntu kernel: [    6.406032] sr 1:0:0:0: Attached scsi generic sg0 type 5
Oct 31 01:59:45 ubuntu kernel: [    6.409832] Freeing unused kernel memory: 2408K
Oct 31 01:59:45 ubuntu kernel: [    6.416239] Write protecting the kernel read-only data: 20480k
Oct 31 01:59:45 ubuntu kernel: [    6.416697] Freeing unused kernel memory: 2008K
Oct 31 01:59:45 ubuntu kernel: [    6.422107] Freeing unused kernel memory: 1904K
Oct 31 01:59:45 ubuntu kernel: [    6.431026] x86/mm: Checked W+X mappings: passed, no W+X pages found.
Oct 31 01:59:45 ubuntu kernel: [    6.431027] x86/mm: Checking user space page tables
Oct 31 01:59:45 ubuntu kernel: [    6.437411] x86/mm: Checked W+X mappings: passed, no W+X pages found.
Oct 31 01:59:45 ubuntu kernel: [    6.447533] random: udevadm: uninitialized urandom read (16 bytes read)
Oct 31 01:59:45 ubuntu kernel: [    6.447545] random: udevadm: uninitialized urandom read (16 bytes read)
Oct 31 01:59:45 ubuntu kernel: [    6.448803] random: systemd-udevd: uninitialized urandom read (16 bytes read)
Oct 31 01:59:45 ubuntu kernel: [    6.448909] random: systemd-udevd: uninitialized urandom read (16 bytes read)
Oct 31 01:59:45 ubuntu kernel: [    6.448914] random: systemd-udevd: uninitialized urandom read (16 bytes read)
Oct 31 01:59:45 ubuntu kernel: [    6.448921] random: systemd-udevd: uninitialized urandom read (16 bytes read)
Oct 31 01:59:45 ubuntu kernel: [    6.455407] random: systemd-udevd: uninitialized urandom read (16 bytes read)
Oct 31 01:59:45 ubuntu kernel: [    6.455420] random: systemd-udevd: uninitialized urandom read (16 bytes read)
Oct 31 01:59:45 ubuntu kernel: [    6.455423] random: systemd-udevd: uninitialized urandom read (16 bytes read)
Oct 31 01:59:45 ubuntu kernel: [    6.456054] random: systemd-udevd: uninitialized urandom read (16 bytes read)
Oct 31 01:59:45 ubuntu kernel: [    6.510659] ACPI: Video Device [GFX0] (multi-head: yes  rom: no  post: no)
Oct 31 01:59:45 ubuntu kernel: [    6.510716] input: Video Bus as /devices/LNXSYSTM:00/LNXSYBUS:00/PNP0A03:00/LNXVIDEO:00/input/input4
Oct 31 01:59:45 ubuntu kernel: [    6.521205] e1000: Intel(R) PRO/1000 Network Driver - version 7.3.21-k8-NAPI
Oct 31 01:59:45 ubuntu kernel: [    6.521206] e1000: Copyright (c) 1999-2006 Intel Corporation.
Oct 31 01:59:45 ubuntu kernel: [    6.522091] ACPI: PCI Interrupt Link [LNKC] enabled at IRQ 9
Oct 31 01:59:45 ubuntu kernel: [    6.522092] PCI: setting IRQ 9 as level-triggered
Oct 31 01:59:45 ubuntu kernel: [    6.741186] input: ImExPS/2 Generic Explorer Mouse as /devices/platform/i8042/serio1/input/input5
Oct 31 01:59:45 ubuntu kernel: [    6.747069] random: crng init done
Oct 31 01:59:45 ubuntu kernel: [    6.911869] e1000 0000:00:03.0 eth0: (PCI:33MHz:32-bit) 08:00:27:49:9d:c1
Oct 31 01:59:45 ubuntu kernel: [    6.911873] e1000 0000:00:03.0 eth0: Intel(R) PRO/1000 Network Connection
Oct 31 01:59:45 ubuntu kernel: [    6.911982] piix4_smbus 0000:00:07.0: SMBus Host Controller at 0x4100, revision 0
Oct 31 01:59:45 ubuntu kernel: [    6.912260] ahci 0000:00:0d.0: version 3.0
Oct 31 01:59:45 ubuntu kernel: [    6.913473] ACPI: PCI Interrupt Link [LNKA] enabled at IRQ 11
Oct 31 01:59:45 ubuntu kernel: [    6.913474] PCI: setting IRQ 11 as level-triggered
Oct 31 01:59:45 ubuntu kernel: [    6.913541] ahci 0000:00:0d.0: SSS flag set, parallel bus scan disabled
Oct 31 01:59:45 ubuntu kernel: [    6.913676] ahci 0000:00:0d.0: AHCI 0001.0100 32 slots 1 ports 3 Gbps 0x1 impl SATA mode
Oct 31 01:59:45 ubuntu kernel: [    6.913678] ahci 0000:00:0d.0: flags: 64bit ncq stag only ccc 
Oct 31 01:59:45 ubuntu kernel: [    6.915302] e1000 0000:00:03.0 enp0s3: renamed from eth0
Oct 31 01:59:45 ubuntu kernel: [    6.916412] scsi host2: ahci
Oct 31 01:59:45 ubuntu kernel: [    6.916469] ata3: SATA max UDMA/133 abar m8192@0xf0806000 port 0xf0806100 irq 11
Oct 31 01:59:45 ubuntu kernel: [    7.230223] ata3: SATA link up 3.0 Gbps (SStatus 123 SControl 300)
Oct 31 01:59:45 ubuntu kernel: [    7.230372] ata3.00: ATA-6: VBOX HARDDISK, 1.0, max UDMA/133
Oct 31 01:59:45 ubuntu kernel: [    7.230373] ata3.00: 62914560 sectors, multi 128: LBA48 NCQ (depth 31/32)
Oct 31 01:59:45 ubuntu kernel: [    7.230666] ata3.00: configured for UDMA/133
Oct 31 01:59:45 ubuntu kernel: [    7.230811] scsi 2:0:0:0: Direct-Access     ATA      VBOX HARDDISK    1.0  PQ: 0 ANSI: 5
Oct 31 01:59:45 ubuntu kernel: [    7.230972] sd 2:0:0:0: [sda] 62914560 512-byte logical blocks: (32.2 GB/30.0 GiB)
Oct 31 01:59:45 ubuntu kernel: [    7.230978] sd 2:0:0:0: [sda] Write Protect is off
Oct 31 01:59:45 ubuntu kernel: [    7.230979] sd 2:0:0:0: [sda] Mode Sense: 00 3a 00 00
Oct 31 01:59:45 ubuntu kernel: [    7.230989] sd 2:0:0:0: [sda] Write cache: enabled, read cache: enabled, doesn't support DPO or FUA
Oct 31 01:59:45 ubuntu kernel: [    7.231144] sd 2:0:0:0: Attached scsi generic sg1 type 0
Oct 31 01:59:45 ubuntu kernel: [    7.249386]  sda: sda1
Oct 31 01:59:45 ubuntu kernel: [    7.249547] sd 2:0:0:0: [sda] Attached SCSI disk
Oct 31 01:59:45 ubuntu kernel: [    7.264397] tsc: Refined TSC clocksource calibration: 2712.630 MHz
Oct 31 01:59:45 ubuntu kernel: [    7.264400] clocksource: tsc: mask: 0xffffffffffffffff max_cycles: 0x2719d9c61ee, max_idle_ns: 440795306012 ns
Oct 31 01:59:45 ubuntu kernel: [    8.875583] EXT4-fs (sda1): INFO: recovery required on readonly filesystem
Oct 31 01:59:45 ubuntu kernel: [    8.875584] EXT4-fs (sda1): write access will be enabled during recovery
Oct 31 01:59:45 ubuntu kernel: [   12.057164] EXT4-fs (sda1): recovery complete
Oct 31 01:59:45 ubuntu kernel: [   12.061488] EXT4-fs (sda1): mounted filesystem with ordered data mode. Opts: (null)
Oct 31 01:59:45 ubuntu kernel: [   12.111615] ISO 9660 Extensions: Microsoft Joliet Level 3
Oct 31 01:59:45 ubuntu kernel: [   12.114193] ISO 9660 Extensions: RRIP_1991A
Oct 31 01:59:45 ubuntu kernel: [   18.394768] ip_tables: (C) 2000-2006 Netfilter Core Team
Oct 31 01:59:45 ubuntu kernel: [   18.398265] systemd[1]: systemd 237 running in system mode. (+PAM +AUDIT +SELINUX +IMA +APPARMOR +SMACK +SYSVINIT +UTMP +LIBCRYPTSETUP +GCRYPT +GNUTLS +ACL +XZ +LZ4 +SECCOMP +BLKID +ELFUTILS +KMOD -IDN2 +IDN -PCRE2 default-hierarchy=hybrid)
Oct 31 01:59:45 ubuntu kernel: [   18.398289] systemd[1]: Detected virtualization oracle.
Oct 31 01:59:45 ubuntu kernel: [   18.398292] systemd[1]: Detected architecture x86-64.
Oct 31 01:59:45 ubuntu kernel: [   18.399582] systemd[1]: Set hostname to <ubuntu>.
Oct 31 01:59:45 ubuntu kernel: [   18.399742] systemd[1]: Initializing machine ID from random generator.
Oct 31 01:59:45 ubuntu kernel: [   18.528613] systemd[1]: Reached target Remote File Systems.
Oct 31 01:59:45 ubuntu kernel: [   18.528816] systemd[1]: Created slice System Slice.
Oct 31 01:59:45 ubuntu kernel: [   18.528871] systemd[1]: Listening on udev Kernel Socket.
Oct 31 01:59:45 ubuntu kernel: [   18.528909] systemd[1]: Listening on Device-mapper event daemon FIFOs.
Oct 31 01:59:45 ubuntu kernel: [   18.528949] systemd[1]: Listening on LVM2 metadata daemon socket.
Oct 31 01:59:45 ubuntu kernel: [   18.680605] systemd-journald[870]: Received request to flush runtime journal from PID 1
Oct 31 01:59:45 ubuntu kernel: [   18.757266] lp: driver loaded but no devices found
Oct 31 01:59:45 ubuntu kernel: [   18.777029] ppdev: user-space parallel port driver
Oct 31 01:59:45 ubuntu systemd[1]: Started Create Static Device Nodes in /dev.
Oct 31 01:59:45 ubuntu systemd[1]: Starting udev Kernel Device Manager...
Oct 31 01:59:45 ubuntu systemd[1]: Started Flush Journal to Persistent Storage.
Oct 31 01:59:45 ubuntu systemd-modules-load[872]: Inserted module 'lp'
Oct 31 01:59:45 ubuntu systemd[1]: Started LVM2 metadata daemon.
Oct 31 01:59:45 ubuntu systemd-modules-load[872]: Inserted module 'ppdev'
Oct 31 01:59:45 ubuntu systemd[1]: Started Set the console keyboard layout.
Oct 31 01:59:45 ubuntu systemd-modules-load[872]: Inserted module 'parport_pc'
Oct 31 01:59:45 ubuntu systemd[1]: Started Load Kernel Modules.
Oct 31 01:59:45 ubuntu systemd[1]: Mounting FUSE Control File System...
Oct 31 01:59:45 ubuntu systemd[1]: Mounting Kernel Configuration File System...
Oct 31 01:59:45 ubuntu systemd[1]: Starting Apply Kernel Variables...
Oct 31 01:59:45 ubuntu systemd[1]: Mounted FUSE Control File System.
Oct 31 01:59:45 ubuntu systemd[1]: Mounted Kernel Configuration File System.
Oct 31 01:59:45 ubuntu systemd[1]: Started Apply Kernel Variables.
Oct 31 01:59:45 ubuntu systemd[1]: Started udev Kernel Device Manager.
Oct 31 01:59:45 ubuntu systemd[1]: Starting Show Plymouth Boot Screen...
Oct 31 01:59:45 ubuntu systemd[1]: Started Monitoring of LVM2 mirrors, snapshots etc. using dmeventd or progress polling.
Oct 31 01:59:45 ubuntu systemd[1]: Reached target Local File Systems (Pre).
Oct 31 01:59:45 ubuntu systemd[1]: tmp.mount: Directory /tmp to mount over is not empty, mounting anyway.
Oct 31 01:59:45 ubuntu systemd[1]: Mounting /tmp...
Oct 31 01:59:45 ubuntu systemd[1]: Mounted /tmp.
Oct 31 01:59:45 ubuntu systemd[1]: Reached target Local File Systems.
Oct 31 01:59:45 ubuntu systemd[1]: Starting Clean up any mess left by 0dns-up...
Oct 31 01:59:45 ubuntu systemd[1]: Starting Create Volatile Files and Directories...
Oct 31 01:59:45 ubuntu systemd[1]: Starting Tell Plymouth To Write Out Runtime Data...
Oct 31 01:59:45 ubuntu systemd[1]: Starting Set console font and keymap...
Oct 31 01:59:45 ubuntu systemd[1]: Started Create Volatile Files and Directories.
Oct 31 01:59:45 ubuntu systemd[1]: Starting Network Name Resolution...
Oct 31 01:59:45 ubuntu systemd[1]: Starting Network Time Synchronization...
Oct 31 01:59:45 ubuntu systemd[1]: Starting Update UTMP about System Boot/Shutdown...
Oct 31 01:59:45 ubuntu systemd[1]: Started Tell Plymouth To Write Out Runtime Data.
Oct 31 01:59:45 ubuntu systemd[1]: Started Set console font and keymap.
Oct 31 01:59:45 ubuntu systemd[1]: Started Show Plymouth Boot Screen.
Oct 31 01:59:45 ubuntu systemd[1]: Started Update UTMP about System Boot/Shutdown.
Oct 31 01:59:45 ubuntu systemd[1]: Reached target Local Encrypted Volumes.
Oct 31 01:59:45 ubuntu systemd[1]: Started Forward Password Requests to Plymouth Directory Watch.
Oct 31 01:59:45 ubuntu systemd[1]: Started Clean up any mess left by 0dns-up.
Oct 31 01:59:45 ubuntu systemd[1]: Starting Raise network interfaces...
Oct 31 01:59:45 ubuntu systemd[1]: Started Network Time Synchronization.
Oct 31 01:59:45 ubuntu systemd[1]: Reached target System Time Synchronized.
Oct 31 01:59:45 ubuntu systemd[1]: Reached target System Initialization.
Oct 31 01:59:45 ubuntu systemd[1]: Started CUPS Scheduler.
Oct 31 01:59:45 ubuntu systemd[1]: Listening on CUPS Scheduler.
Oct 31 01:59:45 ubuntu systemd[1]: Started Trigger anacron every hour.
Oct 31 01:59:45 ubuntu systemd[1]: Starting Socket activation for snappy daemon.
Oct 31 01:59:45 ubuntu systemd[1]: Listening on D-Bus System Message Bus Socket.
Oct 31 01:59:45 ubuntu systemd[1]: Started Message of the Day.
Oct 31 01:59:45 ubuntu systemd[1]: Started ACPI Events Check.
Oct 31 01:59:45 ubuntu systemd[1]: Reached target Paths.
Oct 31 01:59:45 ubuntu systemd[1]: Started Discard unused blocks once a week.
Oct 31 01:59:45 ubuntu systemd[1]: Started Daily Cleanup of Temporary Directories.
Oct 31 01:59:45 ubuntu systemd[1]: Listening on Avahi mDNS/DNS-SD Stack Activation Socket.
Oct 31 01:59:45 ubuntu systemd[1]: Listening on UUID daemon activation socket.
Oct 31 01:59:45 ubuntu systemd[1]: Listening on ACPID Listen Socket.
Oct 31 01:59:45 ubuntu systemd[1]: Started Daily apt download activities.
Oct 31 01:59:45 ubuntu systemd[1]: Started Daily apt upgrade and clean activities.
Oct 31 01:59:45 ubuntu systemd[1]: Reached target Timers.
Oct 31 01:59:45 ubuntu systemd[1]: Listening on Socket activation for snappy daemon.
Oct 31 01:59:45 ubuntu systemd[1]: Reached target Sockets.
Oct 31 01:59:45 ubuntu systemd[1]: Reached target Basic System.
Oct 31 01:59:45 ubuntu systemd[1]: Started Run anacron jobs.
Oct 31 01:59:45 ubuntu systemd[1]: Starting LSB: Record successful boot for GRUB...
Oct 31 01:59:45 ubuntu systemd[1]: Starting System Logging Service...
Oct 31 01:59:45 ubuntu systemd[1]: Started Regular background program processing daemon.
Oct 31 01:59:45 ubuntu systemd[1]: Starting LSB: Speech Dispatcher...
Oct 31 01:59:45 ubuntu systemd[1]: Starting Detect the available GPUs and deal with any system changes...
Oct 31 01:59:45 ubuntu systemd[1]: Starting Restore /etc/resolv.conf if the system crashed before the ppp link was shut down...
Oct 31 01:59:45 ubuntu systemd[1]: Starting Ubuntu live CD installer...
Oct 31 01:59:45 ubuntu systemd[1]: Started irqbalance daemon.
Oct 31 01:59:45 ubuntu systemd[1]: Started CUPS Scheduler.
Oct 31 01:59:45 ubuntu systemd[1]: Starting Login Service...
Oct 31 01:59:45 ubuntu cron[931]: (CRON) INFO (pidfile fd = 3)
Oct 31 01:59:45 ubuntu systemd[1]: Starting Disk Manager...
Oct 31 01:59:45 ubuntu cron[931]: (CRON) INFO (Running @reboot jobs)
Oct 31 01:59:45 ubuntu systemd[1]: Started ACPI event daemon.
Oct 31 01:59:45 ubuntu systemd[1]: Starting Dispatcher daemon for systemd-networkd...
Oct 31 01:59:45 ubuntu systemd[1]: Starting Thermal Daemon Service...
Oct 31 01:59:45 ubuntu acpid: starting up with netlink and the input layer
Oct 31 01:59:45 ubuntu acpid: 8 rules loaded
Oct 31 01:59:45 ubuntu acpid: waiting for events: event logging is off
Oct 31 01:59:45 ubuntu systemd-resolved[910]: Positive Trust Anchors:
Oct 31 01:59:45 ubuntu systemd-resolved[910]: . IN DS 19036 8 2 49aac11d7b6f6446702e54a1607371607a1a41855200fd2ce1cdde32f24e8fb5
Oct 31 01:59:45 ubuntu systemd-resolved[910]: . IN DS 20326 8 2 e06d44b80b8f1d39a95c0b0d7c65d08458e880409bbc683457104237c7f8ec8d
Oct 31 01:59:45 ubuntu systemd-resolved[910]: Negative trust anchors: 10.in-addr.arpa 16.172.in-addr.arpa 17.172.in-addr.arpa 18.172.in-addr.arpa 19.172.in-addr.arpa 20.172.in-addr.arpa 21.172.in-addr.arpa 22.172.in-addr.arpa 23.172.in-addr.arpa 24.172.in-addr.arpa 25.172.in-addr.arpa 26.172.in-addr.arpa 27.172.in-addr.arpa 28.172.in-addr.arpa 29.172.in-addr.arpa 30.172.in-addr.arpa 31.172.in-addr.arpa 168.192.in-addr.arpa d.f.ip6.arpa corp home internal intranet lan local private test
Oct 31 01:59:45 ubuntu systemd[1]: Starting Accounts Service...
Oct 31 01:59:45 ubuntu systemd[1]: Starting Modem Manager...
Oct 31 01:59:45 ubuntu systemd[1]: Starting Avahi mDNS/DNS-SD Stack...
Oct 31 01:59:45 ubuntu systemd[1]: Reached target Login Prompts.
Oct 31 01:59:45 ubuntu systemd[1]: Starting LSB: automatic crash report generation...
Oct 31 01:59:45 ubuntu systemd[1]: Started D-Bus System Message Bus.
Oct 31 01:59:45 ubuntu /usr/sbin/irqbalance: Balancing is ineffective on systems with a single cpu.  Shutting down
Oct 31 01:59:45 ubuntu systemd-resolved[910]: Using system hostname 'ubuntu'.
Oct 31 01:59:45 ubuntu gpu-manager[934]: /etc/modprobe.d is not a file
Oct 31 01:59:45 ubuntu gpu-manager[934]: /etc/modprobe.d is not a file
Oct 31 01:59:45 ubuntu gpu-manager[934]: /etc/modprobe.d is not a file
Oct 31 01:59:45 ubuntu dbus-daemon[952]: dbus[952]: Unknown group "power" in message bus configuration file
Oct 31 01:59:45 ubuntu dbus-daemon[952]: [system] AppArmor D-Bus mediation is enabled
Oct 31 01:59:45 ubuntu systemd[1]: Started Login Service.
Oct 31 01:59:45 ubuntu systemd[1]: Starting Network Manager...
Oct 31 01:59:45 ubuntu systemd[1]: Starting WPA supplicant...
Oct 31 01:59:45 ubuntu systemd[1]: Starting Snappy daemon...
Oct 31 01:59:45 ubuntu systemd[1]: Started Network Name Resolution.
Oct 31 01:59:45 ubuntu systemd[1]: Started Restore /etc/resolv.conf if the system crashed before the ppp link was shut down.
Oct 31 01:59:45 ubuntu grub-common[929]:  * Recording successful boot for GRUB
Oct 31 01:59:45 ubuntu speech-dispatcher[933]:  * speech-dispatcher disabled; edit /etc/default/speech-dispatcher
Oct 31 01:59:45 ubuntu systemd[1]: Started LSB: Speech Dispatcher.
Oct 31 01:59:45 ubuntu systemd[1]: Reached target Host and Network Name Lookups.
Oct 31 01:59:45 ubuntu apport[951]:  * Starting automatic crash report generation: apport
Oct 31 01:59:45 ubuntu grub-common[929]:    ...done.
Oct 31 01:59:45 ubuntu systemd[1]: Started LSB: Record successful boot for GRUB.
Oct 31 01:59:45 ubuntu apport[951]:    ...done.
Oct 31 01:59:45 ubuntu systemd[1]: Started LSB: automatic crash report generation.
Oct 31 01:59:45 ubuntu dbus-daemon[952]: [system] Activating via systemd: service name='org.freedesktop.PolicyKit1' unit='polkit.service' requested by ':1.3' (uid=0 pid=948 comm="/usr/lib/accountsservice/accounts-daemon " label="unconfined")
Oct 31 01:59:45 ubuntu systemd[1]: Starting Authorization Manager...
Oct 31 01:59:45 ubuntu avahi-daemon[950]: Found user 'avahi' (UID 116) and group 'avahi' (GID 122).
Oct 31 01:59:45 ubuntu avahi-daemon[950]: Successfully dropped root privileges.
Oct 31 01:59:45 ubuntu avahi-daemon[950]: avahi-daemon 0.7 starting up.
Oct 31 01:59:45 ubuntu systemd[1]: Started Avahi mDNS/DNS-SD Stack.
Oct 31 01:59:45 ubuntu systemd[1]: Started Make remote CUPS printers available locally.
Oct 31 01:59:45 ubuntu avahi-daemon[950]: Successfully called chroot().
Oct 31 01:59:45 ubuntu avahi-daemon[950]: Successfully dropped remaining capabilities.
Oct 31 01:59:45 ubuntu avahi-daemon[950]: No service file found in /etc/avahi/services.
Oct 31 01:59:45 ubuntu avahi-daemon[950]: Joining mDNS multicast group on interface lo.IPv6 with address ::1.
Oct 31 01:59:45 ubuntu avahi-daemon[950]: New relevant interface lo.IPv6 for mDNS.
Oct 31 01:59:45 ubuntu avahi-daemon[950]: Joining mDNS multicast group on interface lo.IPv4 with address 127.0.0.1.
Oct 31 01:59:45 ubuntu avahi-daemon[950]: New relevant interface lo.IPv4 for mDNS.
Oct 31 01:59:45 ubuntu avahi-daemon[950]: Network interface enumeration completed.
Oct 31 01:59:45 ubuntu avahi-daemon[950]: Registering new address record for ::1 on lo.*.
Oct 31 01:59:45 ubuntu avahi-daemon[950]: Registering new address record for 127.0.0.1 on lo.IPv4.
Oct 31 01:59:45 ubuntu udisksd[940]: udisks daemon version 2.7.6 starting
Oct 31 01:59:45 ubuntu gpu-manager[934]: /etc/modprobe.d is not a file
Oct 31 01:59:45 ubuntu gpu-manager[934]: Error: can't open /lib/modules/4.15.0-29-generic/updates/dkms
Oct 31 01:59:45 ubuntu gpu-manager[934]: Error: can't open /lib/modules/4.15.0-29-generic/updates/dkms
Oct 31 01:59:45 ubuntu systemd[1]: Started Detect the available GPUs and deal with any system changes.
Oct 31 01:59:45 ubuntu systemd[1]: Started System Logging Service.
Oct 31 01:59:45 ubuntu rsyslogd: imuxsock: Acquired UNIX socket '/run/systemd/journal/syslog' (fd 3) from systemd.  [v8.32.0]
Oct 31 01:59:45 ubuntu rsyslogd: rsyslogd's groupid changed to 106
Oct 31 01:59:45 ubuntu rsyslogd: rsyslogd's userid changed to 102
Oct 31 01:59:45 ubuntu rsyslogd:  [origin software="rsyslogd" swVersion="8.32.0" x-pid="930" x-info="http://www.rsyslog.com"] start
Oct 31 01:59:45 ubuntu systemd[1]: Started Raise network interfaces.
Oct 31 01:59:45 ubuntu polkitd[1001]: started daemon version 0.105 using authority implementation `local' version `0.105'
Oct 31 01:59:45 ubuntu dbus-daemon[952]: [system] Successfully activated service 'org.freedesktop.PolicyKit1'
Oct 31 01:59:45 ubuntu systemd[1]: Started Authorization Manager.
Oct 31 01:59:45 ubuntu accounts-daemon[948]: started daemon version 0.6.45
Oct 31 01:59:45 ubuntu systemd[1]: Started Accounts Service.
Oct 31 01:59:45 ubuntu systemd[1]: Starting Run passwd -d to ensure AccountsService properties are set correctly...
Oct 31 01:59:46 ubuntu avahi-daemon[950]: Server startup complete. Host name is ubuntu.local. Local service cookie is 2126495909.
Oct 31 01:59:46 ubuntu dbus-run-session[1027]: passwd: password expiry information changed.
Oct 31 01:59:46 ubuntu systemd[1]: Started Run passwd -d to ensure AccountsService properties are set correctly.
Oct 31 01:59:46 ubuntu ModemManager[949]: <info>  ModemManager (version 1.6.8) starting in system bus...
Oct 31 01:59:46 ubuntu systemd[1]: Started Thermal Daemon Service.
Oct 31 01:59:46 ubuntu thermald[947]: NO RAPL sysfs present
Oct 31 01:59:46 ubuntu thermald[947]: 22 CPUID levels; family:model:stepping 0x6:8e:9 (6:142:9)
Oct 31 01:59:46 ubuntu thermald[947]: Polling mode is enabled: 4
Oct 31 01:59:46 ubuntu thermald[947]: Thermal DTS: No coretemp sysfs found
Oct 31 01:59:46 ubuntu systemd[1]: Started WPA supplicant.
Oct 31 01:59:46 ubuntu wpa_supplicant[960]: Successfully initialized wpa_supplicant
Oct 31 01:59:46 ubuntu udisksd[940]: failed to load module mdraid: libbd_mdraid.so.2: cannot open shared object file: No such file or directory
Oct 31 01:59:46 ubuntu thermald[947]: Thermal DTS or hwmon: No Zones present Need to configure manually
Oct 31 01:59:46 ubuntu udisksd[940]: Failed to load the 'mdraid' libblockdev plugin
Oct 31 01:59:46 ubuntu thermald[947]: No thermal sensors found
Oct 31 01:59:46 ubuntu thermald[947]: THD engine start failed
Oct 31 01:59:46 ubuntu systemd-udevd[896]: link_config: autonegotiation is unset or enabled, the speed and duplex are not writable.
Oct 31 01:59:46 ubuntu kernel: [   21.637492] ACPI: PCI Interrupt Link [LNKD] enabled at IRQ 11
Oct 31 01:59:46 ubuntu kernel: [   21.638916] vgdrvHeartbeatInit: Setting up heartbeat to trigger every 2000 milliseconds
Oct 31 01:59:46 ubuntu kernel: [   21.639568] input: Unspecified device as /devices/pci0000:00/0000:00:04.0/input/input6
Oct 31 01:59:46 ubuntu kernel: [   21.641781] vboxguest: misc device minor 55, IRQ 11, I/O port d020, MMIO at 00000000f0400000 (size 0x400000)
Oct 31 01:59:46 ubuntu kernel: [   21.641793] vboxguest: Successfully loaded version 5.2.8_KernelUbuntu (interface 0x00010004)
Oct 31 01:59:46 ubuntu systemd[1]: Started Modem Manager.
Oct 31 01:59:47 ubuntu systemd[1]: Started Disk Manager.
Oct 31 01:59:47 ubuntu udisksd[940]: Acquired the name org.freedesktop.UDisks2 on the system message bus
Oct 31 01:59:47 ubuntu kernel: [   22.095597] RAPL PMU: API unit is 2^-32 Joules, 5 fixed counters, 10737418240 ms ovfl timer
Oct 31 01:59:47 ubuntu kernel: [   22.095599] RAPL PMU: hw unit of domain pp0-core 2^-0 Joules
Oct 31 01:59:47 ubuntu kernel: [   22.095599] RAPL PMU: hw unit of domain package 2^-0 Joules
Oct 31 01:59:47 ubuntu kernel: [   22.095600] RAPL PMU: hw unit of domain dram 2^-0 Joules
Oct 31 01:59:47 ubuntu kernel: [   22.095600] RAPL PMU: hw unit of domain pp1-gpu 2^-0 Joules
Oct 31 01:59:47 ubuntu kernel: [   22.095601] RAPL PMU: hw unit of domain psys 2^-0 Joules
Oct 31 01:59:47 ubuntu systemd-udevd[903]: link_config: autonegotiation is unset or enabled, the speed and duplex are not writable.
Oct 31 01:59:47 ubuntu systemd[1]: Listening on Load/Save RF Kill Switch Status /dev/rfkill Watch.
Oct 31 01:59:47 ubuntu NetworkManager[959]: <info>  [1540951187.3481] NetworkManager (version 1.10.6) is starting... (for the first time)
Oct 31 01:59:47 ubuntu NetworkManager[959]: <info>  [1540951187.3481] Read config: /etc/NetworkManager/NetworkManager.conf (lib: 10-dns-resolved.conf, 20-connectivity-ubuntu.conf, no-mac-addr-change.conf) (run: 10-globally-managed-devices.conf) (etc: default-wifi-powersave-on.conf)
Oct 31 01:59:47 ubuntu NetworkManager[959]: <info>  [1540951187.4187] manager[0x5559452ad070]: monitoring kernel firmware directory '/lib/firmware'.
Oct 31 01:59:47 ubuntu NetworkManager[959]: <info>  [1540951187.4189] monitoring ifupdown state file '/run/network/ifstate'.
Oct 31 01:59:47 ubuntu dbus-daemon[952]: [system] Activating via systemd: service name='org.freedesktop.hostname1' unit='dbus-org.freedesktop.hostname1.service' requested by ':1.13' (uid=0 pid=959 comm="/usr/sbin/NetworkManager --no-daemon " label="unconfined")
Oct 31 01:59:47 ubuntu systemd[1]: Starting Hostname Service...
Oct 31 01:59:47 ubuntu dbus-daemon[952]: [system] Successfully activated service 'org.freedesktop.hostname1'
Oct 31 01:59:47 ubuntu systemd[1]: Started Hostname Service.
Oct 31 01:59:47 ubuntu NetworkManager[959]: <info>  [1540951187.5299] hostname: hostname: using hostnamed
Oct 31 01:59:47 ubuntu NetworkManager[959]: <info>  [1540951187.5300] hostname: hostname changed from (none) to "ubuntu"
Oct 31 01:59:47 ubuntu NetworkManager[959]: <info>  [1540951187.5302] dns-mgr[0x5559452c7970]: init: dns=systemd-resolved, rc-manager=symlink, plugin=systemd-resolved
Oct 31 01:59:47 ubuntu NetworkManager[959]: <info>  [1540951187.5306] manager[0x5559452ad070]: rfkill: WiFi hardware radio set enabled
Oct 31 01:59:47 ubuntu NetworkManager[959]: <info>  [1540951187.5306] manager[0x5559452ad070]: rfkill: WWAN hardware radio set enabled
Oct 31 01:59:47 ubuntu systemd[1]: Started Network Manager.
Oct 31 01:59:47 ubuntu systemd[1]: Reached target Network.
Oct 31 01:59:47 ubuntu systemd[1]: Started Unattended Upgrades Shutdown.
Oct 31 01:59:47 ubuntu systemd[1]: Starting Permit User Sessions...
Oct 31 01:59:47 ubuntu systemd[1]: Starting Network Manager Wait Online...
Oct 31 01:59:47 ubuntu dbus-daemon[952]: [system] Activating via systemd: service name='org.freedesktop.nm_dispatcher' unit='dbus-org.freedesktop.nm-dispatcher.service' requested by ':1.13' (uid=0 pid=959 comm="/usr/sbin/NetworkManager --no-daemon " label="unconfined")
Oct 31 01:59:47 ubuntu systemd[1]: Started Permit User Sessions.
Oct 31 01:59:47 ubuntu systemd[1]: Starting Network Manager Script Dispatcher Service...
Oct 31 01:59:47 ubuntu systemd[1]: Starting Hold until boot process finishes up...
Oct 31 01:59:47 ubuntu dbus-daemon[952]: [system] Successfully activated service 'org.freedesktop.nm_dispatcher'
Oct 31 01:59:47 ubuntu systemd[1]: Started Network Manager Script Dispatcher Service.
Oct 31 01:59:47 ubuntu NetworkManager[959]: <info>  [1540951187.7562] init!
Oct 31 01:59:47 ubuntu NetworkManager[959]: <info>  [1540951187.7563]       interface-parser: parsing file /etc/network/interfaces
Oct 31 01:59:47 ubuntu NetworkManager[959]: <info>  [1540951187.7563]       interface-parser: finished parsing file /etc/network/interfaces
Oct 31 01:59:47 ubuntu NetworkManager[959]: <info>  [1540951187.7564] management mode: unmanaged
Oct 31 01:59:47 ubuntu NetworkManager[959]: <info>  [1540951187.7566] devices added (path: /sys/devices/pci0000:00/0000:00:03.0/net/enp0s3, iface: enp0s3)
Oct 31 01:59:47 ubuntu NetworkManager[959]: <info>  [1540951187.7566] device added (path: /sys/devices/pci0000:00/0000:00:03.0/net/enp0s3, iface: enp0s3): no ifupdown configuration found.
Oct 31 01:59:47 ubuntu NetworkManager[959]: <info>  [1540951187.7566] devices added (path: /sys/devices/virtual/net/lo, iface: lo)
Oct 31 01:59:47 ubuntu NetworkManager[959]: <info>  [1540951187.7566] device added (path: /sys/devices/virtual/net/lo, iface: lo): no ifupdown configuration found.
Oct 31 01:59:47 ubuntu NetworkManager[959]: <info>  [1540951187.7567] end _init.
Oct 31 01:59:47 ubuntu NetworkManager[959]: <info>  [1540951187.7567] settings: loaded plugin ifupdown: (C) 2008 Canonical Ltd.  To report bugs please use the NetworkManager mailing list. (/usr/lib/x86_64-linux-gnu/NetworkManager/libnm-settings-plugin-ifupdown.so)
Oct 31 01:59:47 ubuntu NetworkManager[959]: <info>  [1540951187.7567] settings: loaded plugin keyfile: (c) 2007 - 2016 Red Hat, Inc.  To report bugs please use the NetworkManager mailing list.
Oct 31 01:59:47 ubuntu NetworkManager[959]: <info>  [1540951187.7567] (1160668800) ... get_connections.
Oct 31 01:59:47 ubuntu NetworkManager[959]: <info>  [1540951187.7567] (1160668800) ... get_connections (managed=false): return empty list.
Oct 31 01:59:47 ubuntu NetworkManager[959]: <info>  [1540951187.7569] get unmanaged devices count: 0
Oct 31 01:59:47 ubuntu NetworkManager[959]: <info>  [1540951187.7569] manager: rfkill: WiFi enabled by radio killswitch; enabled by state file
Oct 31 01:59:47 ubuntu NetworkManager[959]: <info>  [1540951187.7569] manager: rfkill: WWAN enabled by radio killswitch; enabled by state file
Oct 31 01:59:47 ubuntu NetworkManager[959]: <info>  [1540951187.7569] manager: Networking is enabled by state file
Oct 31 01:59:47 ubuntu nm-dispatcher: req:1 'hostname': new request (1 scripts)
Oct 31 01:59:47 ubuntu nm-dispatcher: req:1 'hostname': start running ordered scripts...
Oct 31 01:59:47 ubuntu NetworkManager[959]: <info>  [1540951187.7621] dhcp-init: Using DHCP client 'dhclient'
Oct 31 01:59:47 ubuntu NetworkManager[959]: <info>  [1540951187.8037] Loaded device plugin: NMBondDeviceFactory (internal)
Oct 31 01:59:47 ubuntu NetworkManager[959]: <info>  [1540951187.8042] Loaded device plugin: NMBridgeDeviceFactory (internal)
Oct 31 01:59:47 ubuntu NetworkManager[959]: <info>  [1540951187.8044] Loaded device plugin: NMDummyDeviceFactory (internal)
Oct 31 01:59:47 ubuntu NetworkManager[959]: <info>  [1540951187.8058] Loaded device plugin: NMEthernetDeviceFactory (internal)
Oct 31 01:59:47 ubuntu NetworkManager[959]: <info>  [1540951187.8060] Loaded device plugin: NMInfinibandDeviceFactory (internal)
Oct 31 01:59:47 ubuntu NetworkManager[959]: <info>  [1540951187.8060] Loaded device plugin: NMIPTunnelDeviceFactory (internal)
Oct 31 01:59:47 ubuntu NetworkManager[959]: <info>  [1540951187.8060] Loaded device plugin: NMMacsecDeviceFactory (internal)
Oct 31 01:59:47 ubuntu NetworkManager[959]: <info>  [1540951187.8060] Loaded device plugin: NMMacvlanDeviceFactory (internal)
Oct 31 01:59:47 ubuntu NetworkManager[959]: <info>  [1540951187.8061] Loaded device plugin: NMPppDeviceFactory (internal)
Oct 31 01:59:47 ubuntu NetworkManager[959]: <info>  [1540951187.8061] Loaded device plugin: NMTunDeviceFactory (internal)
Oct 31 01:59:47 ubuntu NetworkManager[959]: <info>  [1540951187.8061] Loaded device plugin: NMVethDeviceFactory (internal)
Oct 31 01:59:47 ubuntu NetworkManager[959]: <info>  [1540951187.8061] Loaded device plugin: NMVlanDeviceFactory (internal)
Oct 31 01:59:47 ubuntu NetworkManager[959]: <info>  [1540951187.8061] Loaded device plugin: NMVxlanDeviceFactory (internal)
Oct 31 01:59:47 ubuntu NetworkManager[959]: <info>  [1540951187.8147] Loaded device plugin: NMAtmManager (/usr/lib/x86_64-linux-gnu/NetworkManager/libnm-device-plugin-adsl.so)
Oct 31 01:59:47 ubuntu kernel: [   22.659579] AVX2 version of gcm_enc/dec engaged.
Oct 31 01:59:47 ubuntu kernel: [   22.659622] AES CTR mode by8 optimization enabled
Oct 31 01:59:47 ubuntu NetworkManager[959]: <info>  [1540951187.8589] Loaded device plugin: NMBluezManager (/usr/lib/x86_64-linux-gnu/NetworkManager/libnm-device-plugin-bluetooth.so)
Oct 31 01:59:47 ubuntu NetworkManager[959]: <info>  [1540951187.9062] Loaded device plugin: NMTeamFactory (/usr/lib/x86_64-linux-gnu/NetworkManager/libnm-device-plugin-team.so)
Oct 31 01:59:47 ubuntu snapd[961]: AppArmor status: apparmor is enabled and all features are available
Oct 31 01:59:47 ubuntu kernel: [   22.815410] vboxvideo: module is from the staging directory, the quality is unknown, you have been warned.
Oct 31 01:59:47 ubuntu kernel: [   22.815445] vboxvideo: module verification failed: signature and/or required key missing - tainting kernel
Oct 31 01:59:48 ubuntu kernel: [   22.817642] [drm] VRAM 01000000
Oct 31 01:59:48 ubuntu kernel: [   22.817770] [TTM] Zone  kernel: Available graphics memory: 2514464 kiB
Oct 31 01:59:48 ubuntu kernel: [   22.817771] [TTM] Zone   dma32: Available graphics memory: 2097152 kiB
Oct 31 01:59:48 ubuntu kernel: [   22.817771] [TTM] Initializing pool allocator
Oct 31 01:59:48 ubuntu kernel: [   22.817774] [TTM] Initializing DMA pool allocator
Oct 31 01:59:48 ubuntu kernel: [   22.819213] fbcon: vboxdrmfb (fb0) is primary device
Oct 31 01:59:48 ubuntu kernel: [   22.821939] Console: switching to colour frame buffer device 100x37
Oct 31 01:59:48 ubuntu kernel: [   22.824320] vboxvideo 0000:00:02.0: fb0: vboxdrmfb frame buffer device
Oct 31 01:59:48 ubuntu kernel: [   22.824445] [drm] Initialized vboxvideo 1.0.0 20130823 for 0000:00:02.0 on minor 0
Oct 31 01:59:48 ubuntu NetworkManager[959]: <info>  [1540951188.0519] Loaded device plugin: NMWifiFactory (/usr/lib/x86_64-linux-gnu/NetworkManager/libnm-device-plugin-wifi.so)
Oct 31 01:59:48 ubuntu NetworkManager[959]: <info>  [1540951188.0567] Loaded device plugin: NMWwanFactory (/usr/lib/x86_64-linux-gnu/NetworkManager/libnm-device-plugin-wwan.so)
Oct 31 01:59:48 ubuntu NetworkManager[959]: <info>  [1540951188.0616] device (lo): carrier: link connected
Oct 31 01:59:48 ubuntu NetworkManager[959]: <info>  [1540951188.0697] manager: (lo): new Generic device (/org/freedesktop/NetworkManager/Devices/1)
Oct 31 01:59:48 ubuntu NetworkManager[959]: <info>  [1540951188.0734] manager: (enp0s3): new Ethernet device (/org/freedesktop/NetworkManager/Devices/2)
Oct 31 01:59:48 ubuntu NetworkManager[959]: <info>  [1540951188.0749] keyfile: add connection in-memory (091537a8-0ced-3224-a497-ff52d9138692,"Wired connection 1")
Oct 31 01:59:48 ubuntu NetworkManager[959]: <info>  [1540951188.0808] settings: (enp0s3): created default wired connection 'Wired connection 1'
Oct 31 01:59:48 ubuntu NetworkManager[959]: <info>  [1540951188.0823] device (enp0s3): state change: unmanaged -> unavailable (reason 'managed', sys-iface-state: 'external')
Oct 31 01:59:48 ubuntu kernel: [   22.899308] IPv6: ADDRCONF(NETDEV_UP): enp0s3: link is not ready
Oct 31 01:59:48 ubuntu kernel: [   22.910812] IPv6: ADDRCONF(NETDEV_UP): enp0s3: link is not ready
Oct 31 01:59:48 ubuntu kernel: [   22.916205] e1000: enp0s3 NIC Link is Up 1000 Mbps Full Duplex, Flow Control: RX
Oct 31 01:59:48 ubuntu kernel: [   22.916531] IPv6: ADDRCONF(NETDEV_CHANGE): enp0s3: link becomes ready
Oct 31 01:59:48 ubuntu snapd[961]: 2018/10/31 01:59:48.145223 backend.go:125: snapd enabled root filesystem on overlay support, additional upperdir permissions granted
Oct 31 01:59:48 ubuntu NetworkManager[959]: <info>  [1540951188.1879] modem-manager: ModemManager available
Oct 31 01:59:48 ubuntu NetworkManager[959]: <info>  [1540951188.2085] device (enp0s3): carrier: link connected
Oct 31 01:59:48 ubuntu NetworkManager[959]: <info>  [1540951188.2115] device (enp0s3): state change: unavailable -> disconnected (reason 'carrier-changed', sys-iface-state: 'managed')
Oct 31 01:59:48 ubuntu NetworkManager[959]: <info>  [1540951188.2172] policy: auto-activating connection 'Wired connection 1'
Oct 31 01:59:48 ubuntu NetworkManager[959]: <info>  [1540951188.2252] device (enp0s3): Activation: starting connection 'Wired connection 1' (091537a8-0ced-3224-a497-ff52d9138692)
Oct 31 01:59:48 ubuntu NetworkManager[959]: <info>  [1540951188.2281] device (enp0s3): state change: disconnected -> prepare (reason 'none', sys-iface-state: 'managed')
Oct 31 01:59:48 ubuntu NetworkManager[959]: <info>  [1540951188.2319] manager: NetworkManager state is now CONNECTING
Oct 31 01:59:48 ubuntu NetworkManager[959]: <info>  [1540951188.2338] device (enp0s3): state change: prepare -> config (reason 'none', sys-iface-state: 'managed')
Oct 31 01:59:48 ubuntu NetworkManager[959]: <info>  [1540951188.2432] device (enp0s3): state change: config -> ip-config (reason 'none', sys-iface-state: 'managed')
Oct 31 01:59:48 ubuntu NetworkManager[959]: <info>  [1540951188.2447] dhcp4 (enp0s3): activation: beginning transaction (timeout in 45 seconds)
Oct 31 01:59:48 ubuntu NetworkManager[959]: <info>  [1540951188.3133] dhcp4 (enp0s3): dhclient started with pid 1172
Oct 31 01:59:48 ubuntu networkd-dispatcher[946]: WARNING: systemd-networkd is not running, output will be incomplete.
Oct 31 01:59:48 ubuntu systemd[1]: Started Dispatcher daemon for systemd-networkd.
Oct 31 01:59:48 ubuntu dhclient[1172]: DHCPDISCOVER on enp0s3 to 255.255.255.255 port 67 interval 3 (xid=0x8dfcaa12)
Oct 31 01:59:48 ubuntu dhclient[1172]: DHCPREQUEST of 10.0.2.15 on enp0s3 to 255.255.255.255 port 67 (xid=0x12aafc8d)
Oct 31 01:59:48 ubuntu dhclient[1172]: DHCPOFFER of 10.0.2.15 from 10.0.2.2
Oct 31 01:59:48 ubuntu dhclient[1172]: DHCPACK of 10.0.2.15 from 10.0.2.2
Oct 31 01:59:48 ubuntu dhclient[1172]: suspect value in domain_name option - discarded
Oct 31 01:59:48 ubuntu NetworkManager[959]: <info>  [1540951188.5738] dhcp4 (enp0s3):   address 10.0.2.15
Oct 31 01:59:48 ubuntu NetworkManager[959]: <info>  [1540951188.5757] dhcp4 (enp0s3):   plen 24 (255.255.255.0)
Oct 31 01:59:48 ubuntu NetworkManager[959]: <info>  [1540951188.5758] dhcp4 (enp0s3):   gateway 10.0.2.2
Oct 31 01:59:48 ubuntu NetworkManager[959]: <info>  [1540951188.5759] dhcp4 (enp0s3):   lease time 86400
Oct 31 01:59:48 ubuntu NetworkManager[959]: <info>  [1540951188.5760] dhcp4 (enp0s3):   nameserver '128.235.251.109'
Oct 31 01:59:48 ubuntu NetworkManager[959]: <info>  [1540951188.5761] dhcp4 (enp0s3):   nameserver '128.235.251.187'
Oct 31 01:59:48 ubuntu NetworkManager[959]: <info>  [1540951188.5762] dhcp4 (enp0s3):   nameserver '128.235.205.77'
Oct 31 01:59:48 ubuntu NetworkManager[959]: <info>  [1540951188.5763] dhcp4 (enp0s3):   nameserver '128.235.205.76'
Oct 31 01:59:48 ubuntu NetworkManager[959]: <info>  [1540951188.5764] dhcp4 (enp0s3): state changed unknown -> bound
Oct 31 01:59:48 ubuntu avahi-daemon[950]: Joining mDNS multicast group on interface enp0s3.IPv4 with address 10.0.2.15.
Oct 31 01:59:48 ubuntu avahi-daemon[950]: New relevant interface enp0s3.IPv4 for mDNS.
Oct 31 01:59:48 ubuntu avahi-daemon[950]: Registering new address record for 10.0.2.15 on enp0s3.IPv4.
Oct 31 01:59:48 ubuntu NetworkManager[959]: <info>  [1540951188.5790] device (enp0s3): state change: ip-config -> ip-check (reason 'none', sys-iface-state: 'managed')
Oct 31 01:59:48 ubuntu NetworkManager[959]: <info>  [1540951188.5801] device (enp0s3): state change: ip-check -> secondaries (reason 'none', sys-iface-state: 'managed')
Oct 31 01:59:48 ubuntu NetworkManager[959]: <info>  [1540951188.5900] device (enp0s3): state change: secondaries -> activated (reason 'none', sys-iface-state: 'managed')
Oct 31 01:59:48 ubuntu NetworkManager[959]: <info>  [1540951188.6543] manager: NetworkManager state is now CONNECTED_LOCAL
Oct 31 01:59:48 ubuntu NetworkManager[959]: <info>  [1540951188.6552] manager: NetworkManager state is now CONNECTED_SITE
Oct 31 01:59:48 ubuntu NetworkManager[959]: <info>  [1540951188.6558] policy: set 'Wired connection 1' (enp0s3) as default for IPv4 routing and DNS
Oct 31 01:59:48 ubuntu NetworkManager[959]: <info>  [1540951188.6568] device (enp0s3): Activation: successful, device activated.
Oct 31 01:59:48 ubuntu nm-dispatcher: req:2 'up' [enp0s3]: new request (1 scripts)
Oct 31 01:59:48 ubuntu nm-dispatcher: req:2 'up' [enp0s3]: start running ordered scripts...
Oct 31 01:59:48 ubuntu NetworkManager[959]: <info>  [1540951188.6614] manager: startup complete
Oct 31 01:59:48 ubuntu dhclient[1172]: bound to 10.0.2.15 -- renewal in 34174 seconds.
Oct 31 01:59:48 ubuntu systemd[1]: Started Network Manager Wait Online.
Oct 31 01:59:48 ubuntu systemd[1]: Reached target Network is Online.
Oct 31 01:59:48 ubuntu systemd[1]: Starting Tool to automatically collect and submit kernel crash signatures...
Oct 31 01:59:48 ubuntu systemd[1]: Started crash report submission daemon.
Oct 31 01:59:48 ubuntu systemd[1]: kerneloops.service: Found left-over process 1202 (kerneloops) in control group while starting unit. Ignoring.
Oct 31 01:59:48 ubuntu systemd[1]: This usually indicates unclean termination of a previous run, or service implementation deficiencies.
Oct 31 01:59:48 ubuntu systemd[1]: Started Tool to automatically collect and submit kernel crash signatures.
Oct 31 01:59:48 ubuntu whoopsie[1194]: [01:59:48] Using lock path: /var/lock/whoopsie/lock
Oct 31 01:59:48 ubuntu whoopsie[1194]: [01:59:48] offline
Oct 31 01:59:49 ubuntu ModemManager[949]: <info>  Couldn't check support for device at '/sys/devices/pci0000:00/0000:00:03.0': not supported by any plugin
Oct 31 01:59:49 ubuntu kernel: [   24.466103] audit: type=1400 audit(1540951189.644:2): apparmor="STATUS" operation="profile_load" profile="unconfined" name="/usr/lib/snapd/snap-confine" pid=1170 comm="apparmor_parser"
Oct 31 01:59:49 ubuntu snapd[961]: 2018/10/31 01:59:49.653518 helpers.go:119: error trying to compare the snap system key: system-key missing on disk
Oct 31 01:59:49 ubuntu kernel: [   24.468655] audit: type=1400 audit(1540951189.648:3): apparmor="STATUS" operation="profile_load" profile="unconfined" name="/usr/lib/snapd/snap-confine//mount-namespace-capture-helper" pid=1170 comm="apparmor_parser"
Oct 31 01:59:49 ubuntu snapd[961]: 2018/10/31 01:59:49.659787 daemon.go:343: started snapd/2.34.2+18.04 (series 16; classic) ubuntu/18.04 (amd64) linux/4.15.0-29-generic.
Oct 31 01:59:49 ubuntu systemd[1]: Started Snappy daemon.
Oct 31 01:59:49 ubuntu systemd[1]: Starting Holds Snappy daemon refresh...
Oct 31 01:59:49 ubuntu systemd[1]: Starting Wait until snapd is fully seeded...
Oct 31 01:59:49 ubuntu NetworkManager[959]: <info>  [1540951189.8048] manager: NetworkManager state is now CONNECTED_GLOBAL
Oct 31 01:59:49 ubuntu nm-dispatcher: req:3 'connectivity-change': new request (1 scripts)
Oct 31 01:59:49 ubuntu nm-dispatcher: req:3 'connectivity-change': start running ordered scripts...
Oct 31 01:59:49 ubuntu whoopsie[1194]: [01:59:49] The default IPv4 route is: /org/freedesktop/NetworkManager/ActiveConnection/1
Oct 31 01:59:49 ubuntu whoopsie[1194]: [01:59:49] Not a paid data plan: /org/freedesktop/NetworkManager/ActiveConnection/1
Oct 31 01:59:49 ubuntu whoopsie[1194]: [01:59:49] Found usable connection: /org/freedesktop/NetworkManager/ActiveConnection/1
Oct 31 01:59:49 ubuntu whoopsie[1194]: [01:59:49] online
Oct 31 01:59:49 ubuntu avahi-daemon[950]: Joining mDNS multicast group on interface enp0s3.IPv6 with address fe80::1008:de7e:3f18:c0ab.
Oct 31 01:59:49 ubuntu avahi-daemon[950]: New relevant interface enp0s3.IPv6 for mDNS.
Oct 31 01:59:49 ubuntu avahi-daemon[950]: Registering new address record for fe80::1008:de7e:3f18:c0ab on enp0s3.*.
Oct 31 01:59:50 ubuntu kernel: [   25.146124] snd_intel8x0 0000:00:05.0: white list rate for 1028:0177 is 48000
Oct 31 01:59:50 ubuntu systemd[1]: Reached target Sound Card.
Oct 31 01:59:50 ubuntu systemd-udevd[895]: Process '/usr/sbin/alsactl -E HOME=/run/alsa restore 0' failed with exit code 99.
Oct 31 01:59:53 ubuntu systemd[1]: Received SIGRTMIN+21 from PID 223 (plymouthd).
Oct 31 01:59:53 ubuntu systemd[1]: Started Hold until boot process finishes up.
Oct 31 01:59:53 ubuntu systemd[1]: Starting Set console scheme...
Oct 31 01:59:53 ubuntu systemd[1]: Started Set console scheme.
Oct 31 01:59:53 ubuntu systemd[1]: Created slice system-getty.slice.
Oct 31 01:59:53 ubuntu systemd[1]: Created slice User Slice of ubuntu.
Oct 31 01:59:53 ubuntu systemd[1]: Started Session c1 of user ubuntu.
Oct 31 01:59:53 ubuntu systemd[1]: Starting User Manager for UID 999...
Oct 31 01:59:53 ubuntu systemd[1297]: Listening on GnuPG network certificate management daemon.
Oct 31 01:59:53 ubuntu systemd[1297]: Reached target Timers.
Oct 31 01:59:53 ubuntu systemd[1297]: Listening on GnuPG cryptographic agent and passphrase cache (access for web browsers).
Oct 31 01:59:53 ubuntu systemd[1297]: Listening on GnuPG cryptographic agent and passphrase cache.
Oct 31 01:59:53 ubuntu systemd[1297]: Listening on GnuPG cryptographic agent and passphrase cache (restricted).
Oct 31 01:59:53 ubuntu systemd[1297]: Listening on GnuPG cryptographic agent (ssh-agent emulation).
Oct 31 01:59:53 ubuntu systemd[1297]: Started Pending report trigger for Ubuntu Report.
Oct 31 01:59:53 ubuntu systemd[1297]: Reached target Paths.
Oct 31 01:59:53 ubuntu systemd[1297]: Starting D-Bus User Message Bus Socket.
Oct 31 01:59:53 ubuntu systemd[1297]: Listening on D-Bus User Message Bus Socket.
Oct 31 01:59:53 ubuntu systemd[1297]: Reached target Sockets.
Oct 31 01:59:53 ubuntu systemd[1297]: Reached target Basic System.
Oct 31 01:59:53 ubuntu systemd[1]: Started User Manager for UID 999.
Oct 31 01:59:53 ubuntu systemd[1297]: Reached target Default.
Oct 31 01:59:53 ubuntu systemd[1297]: Startup finished in 231ms.
Oct 31 01:59:53 ubuntu systemd[1297]: Started D-Bus User Message Bus.
Oct 31 01:59:53 ubuntu dbus-daemon[1312]: [session uid=999 pid=1312] AppArmor D-Bus mediation is enabled
Oct 31 01:59:55 ubuntu dbus-daemon[952]: [system] Activating via systemd: service name='org.freedesktop.UPower' unit='upower.service' requested by ':1.25' (uid=999 pid=1348 comm="/usr/lib/gnome-settings-daemon/gsd-power " label="unconfined")
Oct 31 01:59:55 ubuntu systemd[1]: Starting Daemon for power management...
Oct 31 01:59:55 ubuntu dbus-daemon[1312]: [session uid=999 pid=1312] Activating via systemd: service name='org.gtk.vfs.Daemon' unit='gvfs-daemon.service' requested by ':1.12' (uid=999 pid=1349 comm="/usr/lib/gnome-settings-daemon/gsd-xsettings " label="unconfined")
Oct 31 01:59:55 ubuntu systemd[1297]: Starting Virtual filesystem service...
Oct 31 01:59:55 ubuntu dbus-daemon[1312]: [session uid=999 pid=1312] Successfully activated service 'org.gtk.vfs.Daemon'
Oct 31 01:59:55 ubuntu systemd[1297]: Started Virtual filesystem service.
Oct 31 01:59:55 ubuntu dbus-daemon[952]: [system] Successfully activated service 'org.freedesktop.UPower'
Oct 31 01:59:55 ubuntu systemd[1]: Started Daemon for power management.
Oct 31 01:59:56 ubuntu dbus-daemon[952]: [system] Activating via systemd: service name='org.freedesktop.RealtimeKit1' unit='rtkit-daemon.service' requested by ':1.28' (uid=999 pid=1438 comm="/usr/bin/pulseaudio --start --log-target=syslog " label="unconfined")
Oct 31 01:59:56 ubuntu systemd[1]: Starting RealtimeKit Scheduling Policy Service...
Oct 31 01:59:56 ubuntu dbus-daemon[952]: [system] Successfully activated service 'org.freedesktop.RealtimeKit1'
Oct 31 01:59:56 ubuntu systemd[1]: Started RealtimeKit Scheduling Policy Service.
Oct 31 01:59:56 ubuntu rtkit-daemon[1439]: Successfully called chroot.
Oct 31 01:59:56 ubuntu rtkit-daemon[1439]: Successfully dropped privileges.
Oct 31 01:59:56 ubuntu rtkit-daemon[1439]: Successfully limited resources.
Oct 31 01:59:56 ubuntu rtkit-daemon[1439]: Running.
Oct 31 01:59:56 ubuntu rtkit-daemon[1439]: Watchdog thread running.
Oct 31 01:59:56 ubuntu rtkit-daemon[1439]: Canary thread running.
Oct 31 01:59:56 ubuntu rtkit-daemon[1439]: Successfully made thread 1438 of process 1438 (n/a) owned by '999' high priority at nice level -11.
Oct 31 01:59:56 ubuntu rtkit-daemon[1439]: Supervising 1 threads of 1 processes of 1 users.
Oct 31 01:59:56 ubuntu ubiquity[1363]: Ubiquity 18.04.14.6
Oct 31 01:59:57 ubuntu pulseaudio[1438]: [pulseaudio] alsa-util.c: Disabling timer-based scheduling because running inside a VM.
Oct 31 01:59:57 ubuntu pulseaudio[1438]: [pulseaudio] sink.c: Default and alternate sample rates are the same.
Oct 31 01:59:57 ubuntu rtkit-daemon[1439]: Supervising 1 threads of 1 processes of 1 users.
Oct 31 01:59:57 ubuntu rtkit-daemon[1439]: Successfully made thread 1443 of process 1438 (n/a) owned by '999' RT at priority 5.
Oct 31 01:59:57 ubuntu rtkit-daemon[1439]: Supervising 2 threads of 1 processes of 1 users.
Oct 31 01:59:57 ubuntu pulseaudio[1438]: [pulseaudio] alsa-util.c: Disabling timer-based scheduling because running inside a VM.
Oct 31 01:59:57 ubuntu rtkit-daemon[1439]: Supervising 2 threads of 1 processes of 1 users.
Oct 31 01:59:57 ubuntu rtkit-daemon[1439]: Successfully made thread 1444 of process 1438 (n/a) owned by '999' RT at priority 5.
Oct 31 01:59:57 ubuntu rtkit-daemon[1439]: Supervising 3 threads of 1 processes of 1 users.
Oct 31 01:59:58 ubuntu dbus-daemon[952]: [system] Activating via systemd: service name='org.bluez' unit='dbus-org.bluez.service' requested by ':1.32' (uid=999 pid=1438 comm="/usr/bin/pulseaudio --start --log-target=syslog " label="unconfined")
Oct 31 01:59:58 ubuntu pulseaudio[1438]: [pulseaudio] authkey.c: Failed to open cookie file '/home/ubuntu/.config/pulse/cookie': No such file or directory
Oct 31 01:59:58 ubuntu pulseaudio[1438]: [pulseaudio] authkey.c: Failed to load authentication key '/home/ubuntu/.config/pulse/cookie': No such file or directory
Oct 31 01:59:58 ubuntu pulseaudio[1438]: [pulseaudio] authkey.c: Failed to open cookie file '/home/ubuntu/.pulse-cookie': No such file or directory
Oct 31 01:59:58 ubuntu pulseaudio[1438]: [pulseaudio] authkey.c: Failed to load authentication key '/home/ubuntu/.pulse-cookie': No such file or directory
Oct 31 01:59:58 ubuntu dbus-daemon[1312]: [session uid=999 pid=1312] Activating service name='org.freedesktop.portal.IBus' requested by ':1.20' (uid=999 pid=1357 comm="ibus-daemon " label="unconfined")
Oct 31 01:59:58 ubuntu dbus-daemon[1312]: [session uid=999 pid=1312] Successfully activated service 'org.freedesktop.portal.IBus'
Oct 31 02:00:06 ubuntu dbus-daemon[952]: [system] Activating via systemd: service name='org.freedesktop.GeoClue2' unit='geoclue.service' requested by ':1.33' (uid=999 pid=1351 comm="gnome-shell --sm-disable --mode=ubiquity " label="unconfined")
Oct 31 02:00:06 ubuntu systemd[1]: Starting Location Lookup Service...
Oct 31 02:00:06 ubuntu dbus-daemon[952]: [system] Successfully activated service 'org.freedesktop.GeoClue2'
Oct 31 02:00:06 ubuntu systemd[1]: Started Location Lookup Service.
Oct 31 02:00:06 ubuntu dbus-daemon[952]: [system] Activating via systemd: service name='org.freedesktop.bolt' unit='bolt.service' requested by ':1.33' (uid=999 pid=1351 comm="gnome-shell --sm-disable --mode=ubiquity " label="unconfined")
Oct 31 02:00:06 ubuntu systemd[1]: Starting Thunderbolt system service...
Oct 31 02:00:06 ubuntu boltd[1540]: bolt 0.3 starting up.
Oct 31 02:00:06 ubuntu boltd[1540]: config: loading user config
Oct 31 02:00:06 ubuntu boltd[1540]: store: loading devices
Oct 31 02:00:06 ubuntu boltd[1540]: power: force_power support: no
Oct 31 02:00:06 ubuntu boltd[1540]: udev: enumerating devices
Oct 31 02:00:06 ubuntu dbus-daemon[952]: [system] Successfully activated service 'org.freedesktop.bolt'
Oct 31 02:00:06 ubuntu systemd[1]: Started Thunderbolt system service.
Oct 31 02:00:06 ubuntu dbus-daemon[952]: [system] Activating via systemd: service name='org.freedesktop.PackageKit' unit='packagekit.service' requested by ':1.33' (uid=999 pid=1351 comm="gnome-shell --sm-disable --mode=ubiquity " label="unconfined")
Oct 31 02:00:06 ubuntu systemd[1]: Starting PackageKit Daemon...
Oct 31 02:00:06 ubuntu PackageKit: daemon start
Oct 31 02:00:06 ubuntu dbus-daemon[952]: [system] Successfully activated service 'org.freedesktop.PackageKit'
Oct 31 02:00:06 ubuntu systemd[1]: Started PackageKit Daemon.
Oct 31 02:00:06 ubuntu dbus-daemon[1312]: [session uid=999 pid=1312] Activating via systemd: service name='org.gtk.vfs.UDisks2VolumeMonitor' unit='gvfs-udisks2-volume-monitor.service' requested by ':1.19' (uid=999 pid=1351 comm="gnome-shell --sm-disable --mode=ubiquity " label="unconfined")
Oct 31 02:00:06 ubuntu systemd[1297]: Starting Virtual filesystem service - disk device monitor...
Oct 31 02:00:07 ubuntu dbus-daemon[1312]: [session uid=999 pid=1312] Successfully activated service 'org.gtk.vfs.UDisks2VolumeMonitor'
Oct 31 02:00:07 ubuntu systemd[1297]: Started Virtual filesystem service - disk device monitor.
Oct 31 02:00:07 ubuntu dbus-daemon[1312]: [session uid=999 pid=1312] Activating via systemd: service name='org.gtk.vfs.MTPVolumeMonitor' unit='gvfs-mtp-volume-monitor.service' requested by ':1.19' (uid=999 pid=1351 comm="gnome-shell --sm-disable --mode=ubiquity " label="unconfined")
Oct 31 02:00:07 ubuntu systemd[1297]: Starting Virtual filesystem service - Media Transfer Protocol monitor...
Oct 31 02:00:07 ubuntu dbus-daemon[1312]: [session uid=999 pid=1312] Successfully activated service 'org.gtk.vfs.MTPVolumeMonitor'
Oct 31 02:00:07 ubuntu systemd[1297]: Started Virtual filesystem service - Media Transfer Protocol monitor.
Oct 31 02:00:07 ubuntu dbus-daemon[1312]: [session uid=999 pid=1312] Activating via systemd: service name='org.gtk.vfs.GPhoto2VolumeMonitor' unit='gvfs-gphoto2-volume-monitor.service' requested by ':1.19' (uid=999 pid=1351 comm="gnome-shell --sm-disable --mode=ubiquity " label="unconfined")
Oct 31 02:00:07 ubuntu systemd[1297]: Starting Virtual filesystem service - digital camera monitor...
Oct 31 02:00:07 ubuntu dbus-daemon[1312]: [session uid=999 pid=1312] Successfully activated service 'org.gtk.vfs.GPhoto2VolumeMonitor'
Oct 31 02:00:07 ubuntu systemd[1297]: Started Virtual filesystem service - digital camera monitor.
Oct 31 02:00:07 ubuntu dbus-daemon[1312]: [session uid=999 pid=1312] Activating via systemd: service name='org.gtk.vfs.GoaVolumeMonitor' unit='gvfs-goa-volume-monitor.service' requested by ':1.19' (uid=999 pid=1351 comm="gnome-shell --sm-disable --mode=ubiquity " label="unconfined")
Oct 31 02:00:07 ubuntu systemd[1297]: Starting Virtual filesystem service - GNOME Online Accounts monitor...
Oct 31 02:00:07 ubuntu dbus-daemon[1312]: [session uid=999 pid=1312] Activating service name='org.gnome.OnlineAccounts' requested by ':1.30' (uid=999 pid=1561 comm="/usr/lib/gvfs/gvfs-goa-volume-monitor " label="unconfined")
Oct 31 02:00:08 ubuntu goa-daemon[1565]: goa-daemon version 3.28.0 starting
Oct 31 02:00:08 ubuntu dbus-daemon[1312]: [session uid=999 pid=1312] Activating service name='org.gnome.Identity' requested by ':1.31' (uid=999 pid=1565 comm="/usr/lib/gnome-online-accounts/goa-daemon " label="unconfined")
Oct 31 02:00:08 ubuntu dbus-daemon[1312]: [session uid=999 pid=1312] Successfully activated service 'org.gnome.OnlineAccounts'
Oct 31 02:00:08 ubuntu dbus-daemon[1312]: [session uid=999 pid=1312] Successfully activated service 'org.gtk.vfs.GoaVolumeMonitor'
Oct 31 02:00:08 ubuntu systemd[1297]: Started Virtual filesystem service - GNOME Online Accounts monitor.
Oct 31 02:00:08 ubuntu dbus-daemon[1312]: [session uid=999 pid=1312] Activating via systemd: service name='org.gtk.vfs.AfcVolumeMonitor' unit='gvfs-afc-volume-monitor.service' requested by ':1.19' (uid=999 pid=1351 comm="gnome-shell --sm-disable --mode=ubiquity " label="unconfined")
Oct 31 02:00:08 ubuntu systemd[1297]: Starting Virtual filesystem service - Apple File Conduit monitor...
Oct 31 02:00:08 ubuntu gvfs-afc-volume-monitor[1616]: Volume monitor alive
Oct 31 02:00:08 ubuntu dbus-daemon[1312]: [session uid=999 pid=1312] Successfully activated service 'org.gnome.Identity'
Oct 31 02:00:08 ubuntu dbus-daemon[1312]: [session uid=999 pid=1312] Successfully activated service 'org.gtk.vfs.AfcVolumeMonitor'
Oct 31 02:00:08 ubuntu systemd[1297]: Started Virtual filesystem service - Apple File Conduit monitor.
Oct 31 02:00:09 ubuntu systemd[1]: Started Holds Snappy daemon refresh.
Oct 31 02:00:11 ubuntu dbus-daemon[952]: [system] Activating via systemd: service name='org.freedesktop.GeoClue2' unit='geoclue.service' requested by ':1.33' (uid=999 pid=1351 comm="gnome-shell --sm-disable --mode=ubiquity " label="unconfined")
Oct 31 02:00:11 ubuntu systemd[1]: Starting Location Lookup Service...
Oct 31 02:00:11 ubuntu dbus-daemon[952]: [system] Successfully activated service 'org.freedesktop.GeoClue2'
Oct 31 02:00:11 ubuntu systemd[1]: Started Location Lookup Service.
Oct 31 02:00:12 ubuntu pulseaudio[1438]: [alsa-sink-Intel ICH] alsa-sink.c: ALSA woke us up to write new data to the device, but there was actually nothing to write.
Oct 31 02:00:12 ubuntu pulseaudio[1438]: [alsa-sink-Intel ICH] alsa-sink.c: Most likely this is a bug in the ALSA driver 'snd_intel8x0'. Please report this issue to the ALSA developers.
Oct 31 02:00:12 ubuntu pulseaudio[1438]: [alsa-sink-Intel ICH] alsa-sink.c: We were woken up with POLLOUT set -- however a subsequent snd_pcm_avail() returned 0 or another value < min_avail.
Oct 31 02:00:12 ubuntu systemd[1]: Reloading.
Oct 31 02:00:12 ubuntu ubiquity[1363]: switched to page language
Oct 31 02:00:13 ubuntu systemd[1]: Mounting Mount unit for core, revision 4917...
Oct 31 02:00:13 ubuntu systemd[1]: Mounted Mount unit for core, revision 4917.
Oct 31 02:00:13 ubuntu snapd[961]: 2018/10/31 02:00:13.378211 backend.go:303: cannot create host snap-confine apparmor configuration: cannot synchronize snap-confine apparmor profile: open /var/lib/snapd/apparmor/profiles/snap-confine.core.4917.F79cSWQ16lJn~: no such file or directory
Oct 31 02:00:13 ubuntu kernel: [   48.230398] audit: type=1400 audit(1540951213.408:4): apparmor="STATUS" operation="profile_load" profile="unconfined" name="snap-update-ns.core" pid=1795 comm="apparmor_parser"
Oct 31 02:00:13 ubuntu kernel: [   48.727110] audit: type=1400 audit(1540951213.904:5): apparmor="STATUS" operation="profile_load" profile="unconfined" name="snap.core.hook.configure" pid=1797 comm="apparmor_parser"
Oct 31 02:00:14 ubuntu gnome-shell[1351]: GNOME Shell started at Wed Oct 31 2018 02:00:06 GMT+0000 (UTC)
Oct 31 02:00:16 ubuntu systemd-timesyncd[911]: Synchronized to time server 91.189.89.198:123 (ntp.ubuntu.com).
Oct 31 02:00:16 ubuntu NetworkManager[959]: <info>  [1540951216.3153] device changed (path: /sys/devices/pci0000:00/0000:00:03.0/net/enp0s3, iface: enp0s3)
Oct 31 02:00:16 ubuntu upowerd[1404]: treating change event as add on /sys/devices/pci0000:00/0000:00:06.0/usb1
Oct 31 02:00:16 ubuntu upowerd[1404]: treating change event as add on /sys/devices/pci0000:00/0000:00:06.0/usb1/1-0:1.0
Oct 31 02:00:16 ubuntu NetworkManager[959]: <info>  [1540951216.9011] device changed (path: /sys/devices/virtual/net/lo, iface: lo)
Oct 31 02:00:17 ubuntu snapd[961]: 2018/10/31 02:00:17.268125 daemon.go:531: gracefully waiting for running hooks
Oct 31 02:00:17 ubuntu snapd[961]: 2018/10/31 02:00:17.268634 daemon.go:533: done waiting for running hooks
Oct 31 02:00:17 ubuntu systemd[1]: snapd.service: Service hold-off time over, scheduling restart.
Oct 31 02:00:17 ubuntu systemd[1]: snapd.service: Scheduled restart job, restart counter is at 1.
Oct 31 02:00:17 ubuntu systemd[1]: Stopped Snappy daemon.
Oct 31 02:00:17 ubuntu systemd[1]: Starting Snappy daemon...
Oct 31 02:00:17 ubuntu snapd[2774]: AppArmor status: apparmor is enabled and all features are available
Oct 31 02:00:17 ubuntu snapd[2774]: 2018/10/31 02:00:17.948765 backend.go:125: snapd enabled root filesystem on overlay support, additional upperdir permissions granted
Oct 31 02:00:17 ubuntu snapd[2774]: 2018/10/31 02:00:17.951646 daemon.go:343: started snapd/2.34.2+18.04 (series 16; classic) ubuntu/18.04 (amd64) linux/4.15.0-29-generic.
Oct 31 02:00:17 ubuntu systemd[1]: Started Snappy daemon.
Oct 31 02:00:18 ubuntu ubiquity[1363]: log-output -t ubiquity setxkbmap -layout us,au,cm,gb -variant ,,,
Oct 31 02:00:18 ubuntu ubiquity[1363]: switched to page console_setup
Oct 31 02:00:18 ubuntu ubiquity[1363]: switched to page language
Oct 31 02:00:20 ubuntu localechooser: info: Language = 'en'
Oct 31 02:00:20 ubuntu localechooser: info: line=en;0;US;en_US.UTF-8;;console-setup
Oct 31 02:00:20 ubuntu localechooser: info: Set debian-installer/language = 'en'
Oct 31 02:00:20 ubuntu localechooser: info: Default country = 'US'
Oct 31 02:00:20 ubuntu localechooser: info: Default locale = 'en_US.UTF-8'
Oct 31 02:00:20 ubuntu localechooser: info: Set debian-installer/consoledisplay = 'console-setup'
Oct 31 02:00:20 ubuntu localechooser: info: Set debian-installer/country = 'US'
Oct 31 02:00:20 ubuntu localechooser: info: Set debian-installer/locale = 'en_US.UTF-8'
Oct 31 02:00:20 ubuntu localechooser: info: System locale (debian-installer/locale) = 'en_US.UTF-8'
Oct 31 02:00:21 ubuntu kernel: [   54.451849] audit: type=1400 audit(1540951221.348:6): apparmor="STATUS" operation="profile_load" profile="unconfined" name="/snap/core/4917/usr/lib/snapd/snap-confine" pid=2986 comm="apparmor_parser"
Oct 31 02:00:21 ubuntu kernel: [   54.456474] audit: type=1400 audit(1540951221.356:7): apparmor="STATUS" operation="profile_load" profile="unconfined" name="/snap/core/4917/usr/lib/snapd/snap-confine//mount-namespace-capture-helper" pid=2986 comm="apparmor_parser"
Oct 31 02:00:21 ubuntu kernel: [   54.462724] audit: type=1400 audit(1540951221.360:8): apparmor="STATUS" operation="profile_replace" info="same as current profile, skipping" profile="unconfined" name="snap-update-ns.core" pid=2990 comm="apparmor_parser"
Oct 31 02:00:21 ubuntu kernel: [   54.693595] audit: type=1400 audit(1540951221.592:9): apparmor="STATUS" operation="profile_replace" profile="unconfined" name="snap.core.hook.configure" pid=2992 comm="apparmor_parser"
Oct 31 02:00:21 ubuntu kernel: [   54.786454] audit: type=1400 audit(1540951221.684:10): apparmor="STATUS" operation="profile_replace" profile="unconfined" name="/snap/core/4917/usr/lib/snapd/snap-confine" pid=2998 comm="apparmor_parser"
Oct 31 02:00:21 ubuntu kernel: [   54.786985] audit: type=1400 audit(1540951221.684:11): apparmor="STATUS" operation="profile_replace" profile="unconfined" name="/snap/core/4917/usr/lib/snapd/snap-confine//mount-namespace-capture-helper" pid=2998 comm="apparmor_parser"
Oct 31 02:00:21 ubuntu kernel: [   54.795586] audit: type=1400 audit(1540951221.692:12): apparmor="STATUS" operation="profile_replace" info="same as current profile, skipping" profile="unconfined" name="snap-update-ns.core" pid=3000 comm="apparmor_parser"
Oct 31 02:00:21 ubuntu kernel: [   54.801585] audit: type=1400 audit(1540951221.700:13): apparmor="STATUS" operation="profile_replace" info="same as current profile, skipping" profile="unconfined" name="snap.core.hook.configure" pid=3002 comm="apparmor_parser"
Oct 31 02:00:22 ubuntu ubiquity[1363]: debconffilter_done: ubi-language (current: ubi-language)
Oct 31 02:00:22 ubuntu ubiquity[1363]: Step_before = stepLanguage
Oct 31 02:00:24 ubuntu systemd[1]: Reloading.
Oct 31 02:00:24 ubuntu systemd[1]: Mounting Mount unit for gtk-common-themes, revision 319...
Oct 31 02:00:24 ubuntu ubiquity[1363]: switched to page console_setup
Oct 31 02:00:24 ubuntu ubiquity[1363]: switched to page console_setup
Oct 31 02:00:24 ubuntu systemd[1]: Mounted Mount unit for gtk-common-themes, revision 319.
Oct 31 02:00:24 ubuntu pulseaudio[1438]: [pulseaudio] bluez5-util.c: GetManagedObjects() failed: org.freedesktop.DBus.Error.NoReply: Did not receive a reply. Possible causes include: the remote application did not send a reply, the message bus security policy blocked the reply, the reply timeout expired, or the network connection was broken.
Oct 31 02:00:25 ubuntu ubiquity[1363]: log-output -t ubiquity setxkbmap -model pc105 -layout us -option
Oct 31 02:00:27 ubuntu systemd[1]: Reloading.
Oct 31 02:00:28 ubuntu systemd[1]: Mounting Mount unit for gnome-3-26-1604, revision 70...
Oct 31 02:00:28 ubuntu systemd[1]: Mounted Mount unit for gnome-3-26-1604, revision 70.
Oct 31 02:00:28 ubuntu systemd[1]: Reloading.
Oct 31 02:00:28 ubuntu systemd[1]: Mounting Mount unit for gnome-calculator, revision 180...
Oct 31 02:00:28 ubuntu systemd[1]: Mounted Mount unit for gnome-calculator, revision 180.
Oct 31 02:00:28 ubuntu kernel: [   61.954628] audit: type=1400 audit(1540951228.852:14): apparmor="STATUS" operation="profile_load" profile="unconfined" name="snap-update-ns.gnome-calculator" pid=3443 comm="apparmor_parser"
Oct 31 02:00:29 ubuntu kernel: [   62.118533] audit: type=1400 audit(1540951229.016:15): apparmor="STATUS" operation="profile_load" profile="unconfined" name="snap.gnome-calculator.gnome-calculator" pid=3445 comm="apparmor_parser"
Oct 31 02:00:29 ubuntu kernel: [   62.310707] audit: type=1400 audit(1540951229.208:16): apparmor="STATUS" operation="profile_replace" info="same as current profile, skipping" profile="unconfined" name="/snap/core/4917/usr/lib/snapd/snap-confine" pid=3452 comm="apparmor_parser"
Oct 31 02:00:29 ubuntu kernel: [   62.310711] audit: type=1400 audit(1540951229.208:17): apparmor="STATUS" operation="profile_replace" info="same as current profile, skipping" profile="unconfined" name="/snap/core/4917/usr/lib/snapd/snap-confine//mount-namespace-capture-helper" pid=3452 comm="apparmor_parser"
Oct 31 02:00:29 ubuntu kernel: [   62.318384] audit: type=1400 audit(1540951229.216:18): apparmor="STATUS" operation="profile_replace" info="same as current profile, skipping" profile="unconfined" name="snap-update-ns.core" pid=3454 comm="apparmor_parser"
Oct 31 02:00:29 ubuntu kernel: [   62.325606] audit: type=1400 audit(1540951229.224:19): apparmor="STATUS" operation="profile_replace" info="same as current profile, skipping" profile="unconfined" name="snap.core.hook.configure" pid=3456 comm="apparmor_parser"
Oct 31 02:00:29 ubuntu kernel: [   62.482877] audit: type=1400 audit(1540951229.380:20): apparmor="STATUS" operation="profile_replace" info="same as current profile, skipping" profile="unconfined" name="snap-update-ns.gnome-calculator" pid=3462 comm="apparmor_parser"
Oct 31 02:00:30 ubuntu ubiquity: Your console font configuration will be updated the next time your system
Oct 31 02:00:30 ubuntu ubiquity: boots. If you want to update it now, run 'setupcon' from a virtual console.
